Archive member included to satisfy reference by file (symbol)

/home/dawid/.eclipse/com.st.stm32cube.ide.mcu.rcp.product_1.3.0_1935175002_linux_gtk_x86_64/plugins/com.st.stm32cube.ide.mcu.externaltools.gnu-tools-for-stm32.7-2018-q2-update.linux64_1.4.0.202007081208/tools/bin/../lib/gcc/arm-none-eabi/7.3.1/../../../../arm-none-eabi/lib/thumb/v7e-m/fpv4-sp/hard/libc_nano.a(lib_a-errno.o)
                              Src/syscalls.o (__errno)
/home/dawid/.eclipse/com.st.stm32cube.ide.mcu.rcp.product_1.3.0_1935175002_linux_gtk_x86_64/plugins/com.st.stm32cube.ide.mcu.externaltools.gnu-tools-for-stm32.7-2018-q2-update.linux64_1.4.0.202007081208/tools/bin/../lib/gcc/arm-none-eabi/7.3.1/../../../../arm-none-eabi/lib/thumb/v7e-m/fpv4-sp/hard/libc_nano.a(lib_a-exit.o)
                              /home/dawid/.eclipse/com.st.stm32cube.ide.mcu.rcp.product_1.3.0_1935175002_linux_gtk_x86_64/plugins/com.st.stm32cube.ide.mcu.externaltools.gnu-tools-for-stm32.7-2018-q2-update.linux64_1.4.0.202007081208/tools/bin/../lib/gcc/arm-none-eabi/7.3.1/../../../../arm-none-eabi/lib/thumb/v7e-m/fpv4-sp/hard/crt0.o (exit)
/home/dawid/.eclipse/com.st.stm32cube.ide.mcu.rcp.product_1.3.0_1935175002_linux_gtk_x86_64/plugins/com.st.stm32cube.ide.mcu.externaltools.gnu-tools-for-stm32.7-2018-q2-update.linux64_1.4.0.202007081208/tools/bin/../lib/gcc/arm-none-eabi/7.3.1/../../../../arm-none-eabi/lib/thumb/v7e-m/fpv4-sp/hard/libc_nano.a(lib_a-impure.o)
                              /home/dawid/.eclipse/com.st.stm32cube.ide.mcu.rcp.product_1.3.0_1935175002_linux_gtk_x86_64/plugins/com.st.stm32cube.ide.mcu.externaltools.gnu-tools-for-stm32.7-2018-q2-update.linux64_1.4.0.202007081208/tools/bin/../lib/gcc/arm-none-eabi/7.3.1/../../../../arm-none-eabi/lib/thumb/v7e-m/fpv4-sp/hard/libc_nano.a(lib_a-exit.o) (_global_impure_ptr)
/home/dawid/.eclipse/com.st.stm32cube.ide.mcu.rcp.product_1.3.0_1935175002_linux_gtk_x86_64/plugins/com.st.stm32cube.ide.mcu.externaltools.gnu-tools-for-stm32.7-2018-q2-update.linux64_1.4.0.202007081208/tools/bin/../lib/gcc/arm-none-eabi/7.3.1/../../../../arm-none-eabi/lib/thumb/v7e-m/fpv4-sp/hard/libc_nano.a(lib_a-init.o)
                              /home/dawid/.eclipse/com.st.stm32cube.ide.mcu.rcp.product_1.3.0_1935175002_linux_gtk_x86_64/plugins/com.st.stm32cube.ide.mcu.externaltools.gnu-tools-for-stm32.7-2018-q2-update.linux64_1.4.0.202007081208/tools/bin/../lib/gcc/arm-none-eabi/7.3.1/../../../../arm-none-eabi/lib/thumb/v7e-m/fpv4-sp/hard/crt0.o (__libc_init_array)
/home/dawid/.eclipse/com.st.stm32cube.ide.mcu.rcp.product_1.3.0_1935175002_linux_gtk_x86_64/plugins/com.st.stm32cube.ide.mcu.externaltools.gnu-tools-for-stm32.7-2018-q2-update.linux64_1.4.0.202007081208/tools/bin/../lib/gcc/arm-none-eabi/7.3.1/../../../../arm-none-eabi/lib/thumb/v7e-m/fpv4-sp/hard/libc_nano.a(lib_a-malloc.o)
                              Middlewares/WELES/STM32_USB_Device_Library/Class/MIDI/Src/usbd_midi.o (malloc)
/home/dawid/.eclipse/com.st.stm32cube.ide.mcu.rcp.product_1.3.0_1935175002_linux_gtk_x86_64/plugins/com.st.stm32cube.ide.mcu.externaltools.gnu-tools-for-stm32.7-2018-q2-update.linux64_1.4.0.202007081208/tools/bin/../lib/gcc/arm-none-eabi/7.3.1/../../../../arm-none-eabi/lib/thumb/v7e-m/fpv4-sp/hard/libc_nano.a(lib_a-memset.o)
                              /home/dawid/.eclipse/com.st.stm32cube.ide.mcu.rcp.product_1.3.0_1935175002_linux_gtk_x86_64/plugins/com.st.stm32cube.ide.mcu.externaltools.gnu-tools-for-stm32.7-2018-q2-update.linux64_1.4.0.202007081208/tools/bin/../lib/gcc/arm-none-eabi/7.3.1/../../../../arm-none-eabi/lib/thumb/v7e-m/fpv4-sp/hard/crt0.o (memset)
/home/dawid/.eclipse/com.st.stm32cube.ide.mcu.rcp.product_1.3.0_1935175002_linux_gtk_x86_64/plugins/com.st.stm32cube.ide.mcu.externaltools.gnu-tools-for-stm32.7-2018-q2-update.linux64_1.4.0.202007081208/tools/bin/../lib/gcc/arm-none-eabi/7.3.1/../../../../arm-none-eabi/lib/thumb/v7e-m/fpv4-sp/hard/libc_nano.a(lib_a-nano-freer.o)
                              /home/dawid/.eclipse/com.st.stm32cube.ide.mcu.rcp.product_1.3.0_1935175002_linux_gtk_x86_64/plugins/com.st.stm32cube.ide.mcu.externaltools.gnu-tools-for-stm32.7-2018-q2-update.linux64_1.4.0.202007081208/tools/bin/../lib/gcc/arm-none-eabi/7.3.1/../../../../arm-none-eabi/lib/thumb/v7e-m/fpv4-sp/hard/libc_nano.a(lib_a-malloc.o) (_free_r)
/home/dawid/.eclipse/com.st.stm32cube.ide.mcu.rcp.product_1.3.0_1935175002_linux_gtk_x86_64/plugins/com.st.stm32cube.ide.mcu.externaltools.gnu-tools-for-stm32.7-2018-q2-update.linux64_1.4.0.202007081208/tools/bin/../lib/gcc/arm-none-eabi/7.3.1/../../../../arm-none-eabi/lib/thumb/v7e-m/fpv4-sp/hard/libc_nano.a(lib_a-nano-mallocr.o)
[...]
Memory Configuration

Name             Origin             Length             Attributes
RAM              0x0000000020000000 0x0000000000050000 xrw
FLASH            0x0000000008000000 0x0000000000010000 xr
*default*        0x0000000000000000 0xffffffffffffffff

Linker script and memory map

LOAD /home/dawid/.eclipse/com.st.stm32cube.ide.mcu.rcp.product_1.3.0_1935175002_linux_gtk_x86_64/plugins/com.st.stm32cube.ide.mcu.externaltools.gnu-tools-for-stm32.7-2018-q2-update.linux64_1.4.0.202007081208/tools/bin/../lib/gcc/arm-none-eabi/7.3.1/thumb/v7e-m/fpv4-sp/hard/crti.o
LOAD /home/dawid/.eclipse/com.st.stm32cube.ide.mcu.rcp.product_1.3.0_1935175002_linux_gtk_x86_64/plugins/com.st.stm32cube.ide.mcu.externaltools.gnu-tools-for-stm32.7-2018-q2-update.linux64_1.4.0.202007081208/tools/bin/../lib/gcc/arm-none-eabi/7.3.1/thumb/v7e-m/fpv4-sp/hard/crtbegin.o
LOAD /home/dawid/.eclipse/com.st.stm32cube.ide.mcu.rcp.product_1.3.0_1935175002_linux_gtk_x86_64/plugins/com.st.stm32cube.ide.mcu.externaltools.gnu-tools-for-stm32.7-2018-q2-update.linux64_1.4.0.202007081208/tools/bin/../lib/gcc/arm-none-eabi/7.3.1/../../../../arm-none-eabi/lib/thumb/v7e-m/fpv4-sp/hard/crt0.o
LOAD Drivers/STM32F7xx_HAL_Driver/Src/stm32f7xx_hal.o
LOAD Drivers/STM32F7xx_HAL_Driver/Src/stm32f7xx_hal_adc.o
LOAD Drivers/STM32F7xx_HAL_Driver/Src/stm32f7xx_hal_adc_ex.o
LOAD Drivers/STM32F7xx_HAL_Driver/Src/stm32f7xx_hal_cortex.o
LOAD Drivers/STM32F7xx_HAL_Driver/Src/stm32f7xx_hal_dma.o
LOAD Drivers/STM32F7xx_HAL_Driver/Src/stm32f7xx_hal_dma_ex.o
LOAD Drivers/STM32F7xx_HAL_Driver/Src/stm32f7xx_hal_exti.o
LOAD Drivers/STM32F7xx_HAL_Driver/Src/stm32f7xx_hal_flash.o
LOAD Drivers/STM32F7xx_HAL_Driver/Src/stm32f7xx_hal_flash_ex.o
LOAD Drivers/STM32F7xx_HAL_Driver/Src/stm32f7xx_hal_gpio.o
LOAD Drivers/STM32F7xx_HAL_Driver/Src/stm32f7xx_hal_i2c.o
LOAD Drivers/STM32F7xx_HAL_Driver/Src/stm32f7xx_hal_i2c_ex.o
LOAD Drivers/STM32F7xx_HAL_Driver/Src/stm32f7xx_hal_pcd.o
LOAD Drivers/STM32F7xx_HAL_Driver/Src/stm32f7xx_hal_pcd_ex.o
LOAD Drivers/STM32F7xx_HAL_Driver/Src/stm32f7xx_hal_pwr.o
LOAD Drivers/STM32F7xx_HAL_Driver/Src/stm32f7xx_hal_pwr_ex.o
LOAD Drivers/STM32F7xx_HAL_Driver/Src/stm32f7xx_hal_rcc.o
LOAD Drivers/STM32F7xx_HAL_Driver/Src/stm32f7xx_hal_rcc_ex.o
LOAD Drivers/STM32F7xx_HAL_Driver/Src/stm32f7xx_hal_tim.o
LOAD Drivers/STM32F7xx_HAL_Driver/Src/stm32f7xx_hal_tim_ex.o
LOAD Drivers/STM32F7xx_HAL_Driver/Src/stm32f7xx_hal_uart.o
LOAD Drivers/STM32F7xx_HAL_Driver/Src/stm32f7xx_ll_usb.o
LOAD Middlewares/WELES/STM32_USB_Device_Library/Class/MIDI/Src/usbd_midi.o
LOAD Middlewares/WELES/STM32_USB_Device_Library/Core/Src/usbd_core.o
LOAD Middlewares/WELES/STM32_USB_Device_Library/Core/Src/usbd_ctlreq.o
LOAD Middlewares/WELES/STM32_USB_Device_Library/Core/Src/usbd_ioreq.o
LOAD Src/adc.o
LOAD Src/fifo.o
LOAD Src/gfxsimulator.o
LOAD Src/gpio.o
LOAD Src/i2c.o
LOAD Src/main.o
LOAD Src/stm32f7xx_hal_msp.o
LOAD Src/stm32f7xx_it.o
LOAD Src/syscalls.o
LOAD Src/system_stm32f7xx.o
LOAD Src/tim.o
LOAD Src/usart.o
LOAD Src/usb_device.o
LOAD Src/usbd_conf.o
LOAD Src/usbd_desc.o
LOAD Src/usbd_midi_if.o
LOAD startup/startup_stm32f750xx.o
START GROUP
LOAD /home/dawid/.eclipse/com.st.stm32cube.ide.mcu.rcp.product_1.3.0_1935175002_linux_gtk_x86_64/plugins/com.st.stm32cube.ide.mcu.externaltools.gnu-tools-for-stm32.7-2018-q2-update.linux64_1.4.0.202007081208/tools/bin/../lib/gcc/arm-none-eabi/7.3.1/../../../../arm-none-eabi/lib/thumb/v7e-m/fpv4-sp/hard/libc_nano.a
LOAD /home/dawid/.eclipse/com.st.stm32cube.ide.mcu.rcp.product_1.3.0_1935175002_linux_gtk_x86_64/plugins/com.st.stm32cube.ide.mcu.externaltools.gnu-tools-for-stm32.7-2018-q2-update.linux64_1.4.0.202007081208/tools/bin/../lib/gcc/arm-none-eabi/7.3.1/../../../../arm-none-eabi/lib/thumb/v7e-m/fpv4-sp/hard/libm.a
END GROUP
START GROUP
LOAD /home/dawid/.eclipse/com.st.stm32cube.ide.mcu.rcp.product_1.3.0_1935175002_linux_gtk_x86_64/plugins/com.st.stm32cube.ide.mcu.externaltools.gnu-tools-for-stm32.7-2018-q2-update.linux64_1.4.0.202007081208/tools/bin/../lib/gcc/arm-none-eabi/7.3.1/thumb/v7e-m/fpv4-sp/hard/libgcc.a
LOAD /home/dawid/.eclipse/com.st.stm32cube.ide.mcu.rcp.product_1.3.0_1935175002_linux_gtk_x86_64/plugins/com.st.stm32cube.ide.mcu.externaltools.gnu-tools-for-stm32.7-2018-q2-update.linux64_1.4.0.202007081208/tools/bin/../lib/gcc/arm-none-eabi/7.3.1/../../../../arm-none-eabi/lib/thumb/v7e-m/fpv4-sp/hard/libc_nano.a
END GROUP
START GROUP
LOAD /home/dawid/.eclipse/com.st.stm32cube.ide.mcu.rcp.product_1.3.0_1935175002_linux_gtk_x86_64/plugins/com.st.stm32cube.ide.mcu.externaltools.gnu-tools-for-stm32.7-2018-q2-update.linux64_1.4.0.202007081208/tools/bin/../lib/gcc/arm-none-eabi/7.3.1/thumb/v7e-m/fpv4-sp/hard/libgcc.a
LOAD /home/dawid/.eclipse/com.st.stm32cube.ide.mcu.rcp.product_1.3.0_1935175002_linux_gtk_x86_64/plugins/com.st.stm32cube.ide.mcu.externaltools.gnu-tools-for-stm32.7-2018-q2-update.linux64_1.4.0.202007081208/tools/bin/../lib/gcc/arm-none-eabi/7.3.1/../../../../arm-none-eabi/lib/thumb/v7e-m/fpv4-sp/hard/libc_nano.a
LOAD /home/dawid/.eclipse/com.st.stm32cube.ide.mcu.rcp.product_1.3.0_1935175002_linux_gtk_x86_64/plugins/com.st.stm32cube.ide.mcu.externaltools.gnu-tools-for-stm32.7-2018-q2-update.linux64_1.4.0.202007081208/tools/bin/../lib/gcc/arm-none-eabi/7.3.1/../../../../arm-none-eabi/lib/thumb/v7e-m/fpv4-sp/hard/libnosys.a
END GROUP
START GROUP
LOAD /home/dawid/.eclipse/com.st.stm32cube.ide.mcu.rcp.product_1.3.0_1935175002_linux_gtk_x86_64/plugins/com.st.stm32cube.ide.mcu.externaltools.gnu-tools-for-stm32.7-2018-q2-update.linux64_1.4.0.202007081208/tools/bin/../lib/gcc/arm-none-eabi/7.3.1/thumb/v7e-m/fpv4-sp/hard/libgcc.a
LOAD /home/dawid/.eclipse/com.st.stm32cube.ide.mcu.rcp.product_1.3.0_1935175002_linux_gtk_x86_64/plugins/com.st.stm32cube.ide.mcu.externaltools.gnu-tools-for-stm32.7-2018-q2-update.linux64_1.4.0.202007081208/tools/bin/../lib/gcc/arm-none-eabi/7.3.1/../../../../arm-none-eabi/lib/thumb/v7e-m/fpv4-sp/hard/libc_nano.a
LOAD /home/dawid/.eclipse/com.st.stm32cube.ide.mcu.rcp.product_1.3.0_1935175002_linux_gtk_x86_64/plugins/com.st.stm32cube.ide.mcu.externaltools.gnu-tools-for-stm32.7-2018-q2-update.linux64_1.4.0.202007081208/tools/bin/../lib/gcc/arm-none-eabi/7.3.1/../../../../arm-none-eabi/lib/thumb/v7e-m/fpv4-sp/hard/libnosys.a
END GROUP
LOAD /home/dawid/.eclipse/com.st.stm32cube.ide.mcu.rcp.product_1.3.0_1935175002_linux_gtk_x86_64/plugins/com.st.stm32cube.ide.mcu.externaltools.gnu-tools-for-stm32.7-2018-q2-update.linux64_1.4.0.202007081208/tools/bin/../lib/gcc/arm-none-eabi/7.3.1/thumb/v7e-m/fpv4-sp/hard/crtend.o
LOAD /home/dawid/.eclipse/com.st.stm32cube.ide.mcu.rcp.product_1.3.0_1935175002_linux_gtk_x86_64/plugins/com.st.stm32cube.ide.mcu.externaltools.gnu-tools-for-stm32.7-2018-q2-update.linux64_1.4.0.202007081208/tools/bin/../lib/gcc/arm-none-eabi/7.3.1/thumb/v7e-m/fpv4-sp/hard/crtn.o
                0x0000000020050000                _estack = 0x20050000
                0x0000000000000200                _Min_Heap_Size = 0x200
                0x0000000000000400                _Min_Stack_Size = 0x400

.isr_vector     0x0000000008000000      0x1c8
                0x0000000008000000                . = ALIGN (0x4)
 *(.isr_vector)
 .isr_vector    0x0000000008000000      0x1c8 startup/startup_stm32f750xx.o
                0x0000000008000000                g_pfnVectors
                0x00000000080001c8                . = ALIGN (0x4)

.text           0x00000000080001c8     0x9068
                0x00000000080001c8                . = ALIGN (0x4)
 *(.text)
 .text          0x00000000080001c8       0x40 /home/dawid/.eclipse/com.st.stm32cube.ide.mcu.rcp.product_1.3.0_1935175002_linux_gtk_x86_64/plugins/com.st.stm32cube.ide.mcu.externaltools.gnu-tools-for-stm32.7-2018-q2-update.linux64_1.4.0.202007081208/tools/bin/../lib/gcc/arm-none-eabi/7.3.1/thumb/v7e-m/fpv4-sp/hard/crtbegin.o
 .text          0x0000000008000208       0x30 /home/dawid/.eclipse/com.st.stm32cube.ide.mcu.rcp.product_1.3.0_1935175002_linux_gtk_x86_64/plugins/com.st.stm32cube.ide.mcu.externaltools.gnu-tools-for-stm32.7-2018-q2-update.linux64_1.4.0.202007081208/tools/bin/../lib/gcc/arm-none-eabi/7.3.1/thumb/v7e-m/fpv4-sp/hard/libgcc.a(_aeabi_uldivmod.o)
                0x0000000008000208                __aeabi_uldivmod
 .text          0x0000000008000238      0x2cc /home/dawid/.eclipse/com.st.stm32cube.ide.mcu.rcp.product_1.3.0_1935175002_linux_gtk_x86_64/plugins/com.st.stm32cube.ide.mcu.externaltools.gnu-tools-for-stm32.7-2018-q2-update.linux64_1.4.0.202007081208/tools/bin/../lib/gcc/arm-none-eabi/7.3.1/thumb/v7e-m/fpv4-sp/hard/libgcc.a(_udivmoddi4.o)
                0x0000000008000238                __udivmoddi4
 .text          0x0000000008000504        0x4 /home/dawid/.eclipse/com.st.stm32cube.ide.mcu.rcp.product_1.3.0_1935175002_linux_gtk_x86_64/plugins/com.st.stm32cube.ide.mcu.externaltools.gnu-tools-for-stm32.7-2018-q2-update.linux64_1.4.0.202007081208/tools/bin/../lib/gcc/arm-none-eabi/7.3.1/thumb/v7e-m/fpv4-sp/hard/libgcc.a(_dvmd_tls.o)
                0x0000000008000504                __aeabi_ldiv0
                0x0000000008000504                __aeabi_idiv0
 *(.text*)
 .text.HAL_InitTick
                0x0000000008000508       0x40 Drivers/STM32F7xx_HAL_Driver/Src/stm32f7xx_hal.o
                0x0000000008000508                HAL_InitTick
 .text.HAL_Init
                0x0000000008000548       0x24 Drivers/STM32F7xx_HAL_Driver/Src/stm32f7xx_hal.o
                0x0000000008000548                HAL_Init
 .text.HAL_IncTick
                0x000000000800056c       0x18 Drivers/STM32F7xx_HAL_Driver/Src/stm32f7xx_hal.o
                0x000000000800056c                HAL_IncTick
 .text.HAL_GetTick
                0x0000000008000584        0xc Drivers/STM32F7xx_HAL_Driver/Src/stm32f7xx_hal.o
                0x0000000008000584                HAL_GetTick
 .text.HAL_Delay
                0x0000000008000590       0x24 Drivers/STM32F7xx_HAL_Driver/Src/stm32f7xx_hal.o
                0x0000000008000590                HAL_Delay
 .text.HAL_ADC_Init
                0x00000000080005b4      0x16c Drivers/STM32F7xx_HAL_Driver/Src/stm32f7xx_hal_adc.o
                0x00000000080005b4                HAL_ADC_Init
 .text.HAL_ADC_Start
                0x0000000008000720      0x114 Drivers/STM32F7xx_HAL_Driver/Src/stm32f7xx_hal_adc.o
                0x0000000008000720                HAL_ADC_Start
 .text.HAL_ADC_PollForConversion
                0x0000000008000834       0xa4 Drivers/STM32F7xx_HAL_Driver/Src/stm32f7xx_hal_adc.o
                0x0000000008000834                HAL_ADC_PollForConversion
 .text.HAL_ADC_GetValue
                0x00000000080008d8        0x8 Drivers/STM32F7xx_HAL_Driver/Src/stm32f7xx_hal_adc.o
                0x00000000080008d8                HAL_ADC_GetValue
 .text.HAL_ADC_ConfigChannel
                0x00000000080008e0      0x168 Drivers/STM32F7xx_HAL_Driver/Src/stm32f7xx_hal_adc.o
                0x00000000080008e0                HAL_ADC_ConfigChannel
 .text.HAL_NVIC_SetPriorityGrouping
                0x0000000008000a48       0x28 Drivers/STM32F7xx_HAL_Driver/Src/stm32f7xx_hal_cortex.o
                0x0000000008000a48                HAL_NVIC_SetPriorityGrouping
 .text.HAL_NVIC_SetPriority
                0x0000000008000a70       0x6c Drivers/STM32F7xx_HAL_Driver/Src/stm32f7xx_hal_cortex.o
                0x0000000008000a70                HAL_NVIC_SetPriority
 .text.HAL_NVIC_EnableIRQ
                0x0000000008000adc       0x1c Drivers/STM32F7xx_HAL_Driver/Src/stm32f7xx_hal_cortex.o
                0x0000000008000adc                HAL_NVIC_EnableIRQ
 .text.HAL_SYSTICK_Config
                0x0000000008000af8       0x30 Drivers/STM32F7xx_HAL_Driver/Src/stm32f7xx_hal_cortex.o
                0x0000000008000af8                HAL_SYSTICK_Config
 .text.HAL_DMA_Abort_IT
                0x0000000008000b28       0x28 Drivers/STM32F7xx_HAL_Driver/Src/stm32f7xx_hal_dma.o
                0x0000000008000b28                HAL_DMA_Abort_IT
 .text.HAL_GPIO_Init
                0x0000000008000b50      0x23c Drivers/STM32F7xx_HAL_Driver/Src/stm32f7xx_hal_gpio.o
                0x0000000008000b50                HAL_GPIO_Init
 .text.HAL_GPIO_ReadPin
                0x0000000008000d8c        0xc Drivers/STM32F7xx_HAL_Driver/Src/stm32f7xx_hal_gpio.o
                0x0000000008000d8c                HAL_GPIO_ReadPin
 .text.HAL_GPIO_WritePin
                0x0000000008000d98        0x8 Drivers/STM32F7xx_HAL_Driver/Src/stm32f7xx_hal_gpio.o
                0x0000000008000d98                HAL_GPIO_WritePin
 .text.I2C_WaitOnTXISFlagUntilTimeout
                0x0000000008000da0       0xb8 Drivers/STM32F7xx_HAL_Driver/Src/stm32f7xx_hal_i2c.o
 .text.I2C_WaitOnSTOPFlagUntilTimeout
                0x0000000008000e58       0xac Drivers/STM32F7xx_HAL_Driver/Src/stm32f7xx_hal_i2c.o
 .text.HAL_I2C_Init
                0x0000000008000f04       0xa8 Drivers/STM32F7xx_HAL_Driver/Src/stm32f7xx_hal_i2c.o
                0x0000000008000f04                HAL_I2C_Init
 .text.HAL_I2C_Master_Transmit
                0x0000000008000fac      0x1a0 Drivers/STM32F7xx_HAL_Driver/Src/stm32f7xx_hal_i2c.o
                0x0000000008000fac                HAL_I2C_Master_Transmit
 .text.HAL_I2CEx_ConfigAnalogFilter
                0x000000000800114c       0x54 Drivers/STM32F7xx_HAL_Driver/Src/stm32f7xx_hal_i2c_ex.o
                0x000000000800114c                HAL_I2CEx_ConfigAnalogFilter
 .text.HAL_I2CEx_ConfigDigitalFilter
                0x00000000080011a0       0x54 Drivers/STM32F7xx_HAL_Driver/Src/stm32f7xx_hal_i2c_ex.o
                0x00000000080011a0                HAL_I2CEx_ConfigDigitalFilter
 .text.HAL_PCD_Init
                0x00000000080011f4      0x124 Drivers/STM32F7xx_HAL_Driver/Src/stm32f7xx_hal_pcd.o
                0x00000000080011f4                HAL_PCD_Init
 .text.HAL_PCD_Start
                0x0000000008001318       0x2c Drivers/STM32F7xx_HAL_Driver/Src/stm32f7xx_hal_pcd.o
                0x0000000008001318                HAL_PCD_Start
 .text.HAL_PCD_IRQHandler
                0x0000000008001344      0x710 Drivers/STM32F7xx_HAL_Driver/Src/stm32f7xx_hal_pcd.o
                0x0000000008001344                HAL_PCD_IRQHandler
 .text.HAL_PCD_SetAddress
                0x0000000008001a54       0x28 Drivers/STM32F7xx_HAL_Driver/Src/stm32f7xx_hal_pcd.o
                0x0000000008001a54                HAL_PCD_SetAddress
 .text.HAL_PCD_EP_Open
                0x0000000008001a7c       0x74 Drivers/STM32F7xx_HAL_Driver/Src/stm32f7xx_hal_pcd.o
                0x0000000008001a7c                HAL_PCD_EP_Open
 .text.HAL_PCD_EP_Close
                0x0000000008001af0       0x68 Drivers/STM32F7xx_HAL_Driver/Src/stm32f7xx_hal_pcd.o
                0x0000000008001af0                HAL_PCD_EP_Close
 .text.HAL_PCD_EP_Receive
                0x0000000008001b58       0x50 Drivers/STM32F7xx_HAL_Driver/Src/stm32f7xx_hal_pcd.o
                0x0000000008001b58                HAL_PCD_EP_Receive
 .text.HAL_PCD_EP_GetRxCount
                0x0000000008001ba8       0x14 Drivers/STM32F7xx_HAL_Driver/Src/stm32f7xx_hal_pcd.o
                0x0000000008001ba8                HAL_PCD_EP_GetRxCount
 .text.HAL_PCD_EP_Transmit
                0x0000000008001bbc       0x48 Drivers/STM32F7xx_HAL_Driver/Src/stm32f7xx_hal_pcd.o
                0x0000000008001bbc                HAL_PCD_EP_Transmit
 .text.HAL_PCD_EP_SetStall
                0x0000000008001c04       0x88 Drivers/STM32F7xx_HAL_Driver/Src/stm32f7xx_hal_pcd.o
                0x0000000008001c04                HAL_PCD_EP_SetStall
 .text.HAL_PCD_EP_ClrStall
                0x0000000008001c8c       0x78 Drivers/STM32F7xx_HAL_Driver/Src/stm32f7xx_hal_pcd.o
                0x0000000008001c8c                HAL_PCD_EP_ClrStall
 .text.HAL_PCDEx_SetTxFiFo
                0x0000000008001d04       0x48 Drivers/STM32F7xx_HAL_Driver/Src/stm32f7xx_hal_pcd_ex.o
                0x0000000008001d04                HAL_PCDEx_SetTxFiFo
 .text.HAL_PCDEx_SetRxFiFo
                0x0000000008001d4c        0x8 Drivers/STM32F7xx_HAL_Driver/Src/stm32f7xx_hal_pcd_ex.o
                0x0000000008001d4c                HAL_PCDEx_SetRxFiFo
 .text.HAL_PCDEx_ActivateLPM
                0x0000000008001d54       0x2c Drivers/STM32F7xx_HAL_Driver/Src/stm32f7xx_hal_pcd_ex.o
                0x0000000008001d54                HAL_PCDEx_ActivateLPM
 .text.HAL_PWREx_EnableOverDrive
                0x0000000008001d80       0x78 Drivers/STM32F7xx_HAL_Driver/Src/stm32f7xx_hal_pwr_ex.o
                0x0000000008001d80                HAL_PWREx_EnableOverDrive
 .text.HAL_RCC_OscConfig
                0x0000000008001df8      0x398 Drivers/STM32F7xx_HAL_Driver/Src/stm32f7xx_hal_rcc.o
                0x0000000008001df8                HAL_RCC_OscConfig
 .text.HAL_RCC_ClockConfig
                0x0000000008002190      0x194 Drivers/STM32F7xx_HAL_Driver/Src/stm32f7xx_hal_rcc.o
                0x0000000008002190                HAL_RCC_ClockConfig
 .text.HAL_RCC_GetSysClockFreq
                0x0000000008002324       0x68 Drivers/STM32F7xx_HAL_Driver/Src/stm32f7xx_hal_rcc.o
                0x0000000008002324                HAL_RCC_GetSysClockFreq
 .text.HAL_RCC_GetHCLKFreq
                0x000000000800238c        0xc Drivers/STM32F7xx_HAL_Driver/Src/stm32f7xx_hal_rcc.o
                0x000000000800238c                HAL_RCC_GetHCLKFreq
 .text.HAL_RCC_GetPCLK1Freq
                0x0000000008002398       0x20 Drivers/STM32F7xx_HAL_Driver/Src/stm32f7xx_hal_rcc.o
                0x0000000008002398                HAL_RCC_GetPCLK1Freq
 .text.HAL_RCC_GetPCLK2Freq
                0x00000000080023b8       0x20 Drivers/STM32F7xx_HAL_Driver/Src/stm32f7xx_hal_rcc.o
                0x00000000080023b8                HAL_RCC_GetPCLK2Freq
 .text.HAL_RCCEx_PeriphCLKConfig
                0x00000000080023d8      0x540 Drivers/STM32F7xx_HAL_Driver/Src/stm32f7xx_hal_rcc_ex.o
                0x00000000080023d8                HAL_RCCEx_PeriphCLKConfig
 .text.HAL_TIM_Base_Init
                0x0000000008002918      0x108 Drivers/STM32F7xx_HAL_Driver/Src/stm32f7xx_hal_tim.o
                0x0000000008002918                HAL_TIM_Base_Init
 .text.HAL_TIM_Base_Start_IT
                0x0000000008002a20       0x2c Drivers/STM32F7xx_HAL_Driver/Src/stm32f7xx_hal_tim.o
                0x0000000008002a20                HAL_TIM_Base_Start_IT
 .text.HAL_TIM_PWM_Init
                0x0000000008002a4c      0x108 Drivers/STM32F7xx_HAL_Driver/Src/stm32f7xx_hal_tim.o
                0x0000000008002a4c                HAL_TIM_PWM_Init
 .text.HAL_TIM_PWM_Start
                0x0000000008002b54       0x60 Drivers/STM32F7xx_HAL_Driver/Src/stm32f7xx_hal_tim.o
                0x0000000008002b54                HAL_TIM_PWM_Start
 .text.HAL_TIM_PWM_Stop
                0x0000000008002bb4       0x78 Drivers/STM32F7xx_HAL_Driver/Src/stm32f7xx_hal_tim.o
                0x0000000008002bb4                HAL_TIM_PWM_Stop
 .text.HAL_TIM_PWM_ConfigChannel
                0x0000000008002c2c      0x31c Drivers/STM32F7xx_HAL_Driver/Src/stm32f7xx_hal_tim.o
                0x0000000008002c2c                HAL_TIM_PWM_ConfigChannel
 .text.HAL_TIM_OC_DelayElapsedCallback
                0x0000000008002f48        0x4 Drivers/STM32F7xx_HAL_Driver/Src/stm32f7xx_hal_tim.o
                0x0000000008002f48                HAL_TIM_OC_DelayElapsedCallback
 .text.HAL_TIM_IC_CaptureCallback
                0x0000000008002f4c        0x4 Drivers/STM32F7xx_HAL_Driver/Src/stm32f7xx_hal_tim.o
                0x0000000008002f4c                HAL_TIM_IC_CaptureCallback
 .text.HAL_TIM_PWM_PulseFinishedCallback
                0x0000000008002f50        0x4 Drivers/STM32F7xx_HAL_Driver/Src/stm32f7xx_hal_tim.o
                0x0000000008002f50                HAL_TIM_PWM_PulseFinishedCallback
 .text.HAL_TIM_TriggerCallback
                0x0000000008002f54        0x4 Drivers/STM32F7xx_HAL_Driver/Src/stm32f7xx_hal_tim.o
                0x0000000008002f54                HAL_TIM_TriggerCallback
 .text.HAL_TIM_IRQHandler
                0x0000000008002f58      0x170 Drivers/STM32F7xx_HAL_Driver/Src/stm32f7xx_hal_tim.o
                0x0000000008002f58                HAL_TIM_IRQHandler
 .text.HAL_TIMEx_MasterConfigSynchronization
                0x00000000080030c8       0x60 Drivers/STM32F7xx_HAL_Driver/Src/stm32f7xx_hal_tim_ex.o
                0x00000000080030c8                HAL_TIMEx_MasterConfigSynchronization
 .text.HAL_TIMEx_ConfigBreakDeadTime
                0x0000000008003128       0x90 Drivers/STM32F7xx_HAL_Driver/Src/stm32f7xx_hal_tim_ex.o
                0x0000000008003128                HAL_TIMEx_ConfigBreakDeadTime
 .text.HAL_TIMEx_CommutCallback
                0x00000000080031b8        0x4 Drivers/STM32F7xx_HAL_Driver/Src/stm32f7xx_hal_tim_ex.o
                0x00000000080031b8                HAL_TIMEx_CommutCallback
 .text.HAL_TIMEx_BreakCallback
                0x00000000080031bc        0x4 Drivers/STM32F7xx_HAL_Driver/Src/stm32f7xx_hal_tim_ex.o
                0x00000000080031bc                HAL_TIMEx_BreakCallback
 .text.HAL_TIMEx_Break2Callback
                0x00000000080031c0        0x4 Drivers/STM32F7xx_HAL_Driver/Src/stm32f7xx_hal_tim_ex.o
                0x00000000080031c0                HAL_TIMEx_Break2Callback
 .text.HAL_UART_Receive_IT
                0x00000000080031c4       0xe0 Drivers/STM32F7xx_HAL_Driver/Src/stm32f7xx_hal_uart.o
                0x00000000080031c4                HAL_UART_Receive_IT
 .text.HAL_UART_TxCpltCallback
                0x00000000080032a4        0x4 Drivers/STM32F7xx_HAL_Driver/Src/stm32f7xx_hal_uart.o
                0x00000000080032a4                HAL_UART_TxCpltCallback
 .text.UART_RxISR_8BIT
                0x00000000080032a8       0x5c Drivers/STM32F7xx_HAL_Driver/Src/stm32f7xx_hal_uart.o
 .text.UART_RxISR_16BIT
                0x0000000008003304       0x58 Drivers/STM32F7xx_HAL_Driver/Src/stm32f7xx_hal_uart.o
 .text.HAL_UART_ErrorCallback
                0x000000000800335c        0x4 Drivers/STM32F7xx_HAL_Driver/Src/stm32f7xx_hal_uart.o
                0x000000000800335c                HAL_UART_ErrorCallback
 .text.HAL_UART_IRQHandler
                0x0000000008003360      0x140 Drivers/STM32F7xx_HAL_Driver/Src/stm32f7xx_hal_uart.o
                0x0000000008003360                HAL_UART_IRQHandler
 .text.UART_DMAAbortOnError
                0x00000000080034a0       0x18 Drivers/STM32F7xx_HAL_Driver/Src/stm32f7xx_hal_uart.o
 .text.UART_AdvFeatureConfig
                0x00000000080034b8       0xb0 Drivers/STM32F7xx_HAL_Driver/Src/stm32f7xx_hal_uart.o
                0x00000000080034b8                UART_AdvFeatureConfig
 .text.HAL_UART_Init
                0x0000000008003568      0x3a8 Drivers/STM32F7xx_HAL_Driver/Src/stm32f7xx_hal_uart.o
                0x0000000008003568                HAL_UART_Init
 .text.USB_CoreInit
                0x0000000008003910       0xd0 Drivers/STM32F7xx_HAL_Driver/Src/stm32f7xx_ll_usb.o
                0x0000000008003910                USB_CoreInit
 .text.USB_SetTurnaroundTime
                0x00000000080039e0      0x100 Drivers/STM32F7xx_HAL_Driver/Src/stm32f7xx_ll_usb.o
                0x00000000080039e0                USB_SetTurnaroundTime
 .text.USB_EnableGlobalInt
                0x0000000008003ae0       0x10 Drivers/STM32F7xx_HAL_Driver/Src/stm32f7xx_ll_usb.o
                0x0000000008003ae0                USB_EnableGlobalInt
 .text.USB_DisableGlobalInt
                0x0000000008003af0       0x10 Drivers/STM32F7xx_HAL_Driver/Src/stm32f7xx_ll_usb.o
                0x0000000008003af0                USB_DisableGlobalInt
 .text.USB_SetCurrentMode
                0x0000000008003b00       0x30 Drivers/STM32F7xx_HAL_Driver/Src/stm32f7xx_ll_usb.o
                0x0000000008003b00                USB_SetCurrentMode
 .text.USB_DevInit
                0x0000000008003b30      0x1fc Drivers/STM32F7xx_HAL_Driver/Src/stm32f7xx_ll_usb.o
                0x0000000008003b30                USB_DevInit
 .text.USB_FlushTxFifo
                0x0000000008003d2c       0x24 Drivers/STM32F7xx_HAL_Driver/Src/stm32f7xx_ll_usb.o
                0x0000000008003d2c                USB_FlushTxFifo
 .text.USB_GetDevSpeed
                0x0000000008003d50       0x18 Drivers/STM32F7xx_HAL_Driver/Src/stm32f7xx_ll_usb.o
                0x0000000008003d50                USB_GetDevSpeed
 .text.USB_ActivateEndpoint
                0x0000000008003d68       0x84 Drivers/STM32F7xx_HAL_Driver/Src/stm32f7xx_ll_usb.o
                0x0000000008003d68                USB_ActivateEndpoint
 .text.USB_DeactivateEndpoint
                0x0000000008003dec       0x68 Drivers/STM32F7xx_HAL_Driver/Src/stm32f7xx_ll_usb.o
                0x0000000008003dec                USB_DeactivateEndpoint
 .text.USB_EPStartXfer
                0x0000000008003e54      0x204 Drivers/STM32F7xx_HAL_Driver/Src/stm32f7xx_ll_usb.o
                0x0000000008003e54                USB_EPStartXfer
 .text.USB_EP0StartXfer
                0x0000000008004058      0x118 Drivers/STM32F7xx_HAL_Driver/Src/stm32f7xx_ll_usb.o
                0x0000000008004058                USB_EP0StartXfer
 .text.USB_WritePacket
                0x0000000008004170       0x2c Drivers/STM32F7xx_HAL_Driver/Src/stm32f7xx_ll_usb.o
                0x0000000008004170                USB_WritePacket
 .text.USB_ReadPacket
                0x000000000800419c       0x28 Drivers/STM32F7xx_HAL_Driver/Src/stm32f7xx_ll_usb.o
                0x000000000800419c                USB_ReadPacket
 .text.USB_EPSetStall
                0x00000000080041c4       0x60 Drivers/STM32F7xx_HAL_Driver/Src/stm32f7xx_ll_usb.o
                0x00000000080041c4                USB_EPSetStall
 .text.USB_EPClearStall
                0x0000000008004224       0x58 Drivers/STM32F7xx_HAL_Driver/Src/stm32f7xx_ll_usb.o
                0x0000000008004224                USB_EPClearStall
 .text.USB_SetDevAddress
                0x000000000800427c       0x24 Drivers/STM32F7xx_HAL_Driver/Src/stm32f7xx_ll_usb.o
                0x000000000800427c                USB_SetDevAddress
 .text.USB_DevConnect
                0x00000000080042a0       0x18 Drivers/STM32F7xx_HAL_Driver/Src/stm32f7xx_ll_usb.o
                0x00000000080042a0                USB_DevConnect
 .text.USB_DevDisconnect
                0x00000000080042b8       0x18 Drivers/STM32F7xx_HAL_Driver/Src/stm32f7xx_ll_usb.o
                0x00000000080042b8                USB_DevDisconnect
 .text.USB_ReadInterrupts
                0x00000000080042d0        0x8 Drivers/STM32F7xx_HAL_Driver/Src/stm32f7xx_ll_usb.o
                0x00000000080042d0                USB_ReadInterrupts
 .text.USB_ReadDevAllOutEpInterrupt
                0x00000000080042d8       0x10 Drivers/STM32F7xx_HAL_Driver/Src/stm32f7xx_ll_usb.o
                0x00000000080042d8                USB_ReadDevAllOutEpInterrupt
 .text.USB_ReadDevAllInEpInterrupt
                0x00000000080042e8       0x10 Drivers/STM32F7xx_HAL_Driver/Src/stm32f7xx_ll_usb.o
                0x00000000080042e8                USB_ReadDevAllInEpInterrupt
 .text.USB_ReadDevOutEPInterrupt
                0x00000000080042f8       0x14 Drivers/STM32F7xx_HAL_Driver/Src/stm32f7xx_ll_usb.o
                0x00000000080042f8                USB_ReadDevOutEPInterrupt
 .text.USB_ReadDevInEPInterrupt
                0x000000000800430c       0x28 Drivers/STM32F7xx_HAL_Driver/Src/stm32f7xx_ll_usb.o
                0x000000000800430c                USB_ReadDevInEPInterrupt
 .text.USB_GetMode
                0x0000000008004334        0x8 Drivers/STM32F7xx_HAL_Driver/Src/stm32f7xx_ll_usb.o
                0x0000000008004334                USB_GetMode
 .text.USB_ActivateSetup
                0x000000000800433c       0x38 Drivers/STM32F7xx_HAL_Driver/Src/stm32f7xx_ll_usb.o
                0x000000000800433c                USB_ActivateSetup
 .text.USB_EP0_OutStart
                0x0000000008004374       0x50 Drivers/STM32F7xx_HAL_Driver/Src/stm32f7xx_ll_usb.o
                0x0000000008004374                USB_EP0_OutStart
 .text.USBD_MIDI_DataIn
                0x00000000080043c4       0x14 Middlewares/WELES/STM32_USB_Device_Library/Class/MIDI/Src/usbd_midi.o
 .text.USBD_MIDI_EP0_RxReady
                0x00000000080043d8       0x2c Middlewares/WELES/STM32_USB_Device_Library/Class/MIDI/Src/usbd_midi.o
 .text.USBD_MIDI_GetFSCfgDesc
                0x0000000008004404        0xc Middlewares/WELES/STM32_USB_Device_Library/Class/MIDI/Src/usbd_midi.o
 .text.USBD_MIDI_GetHSCfgDesc
                0x0000000008004410        0xc Middlewares/WELES/STM32_USB_Device_Library/Class/MIDI/Src/usbd_midi.o
 .text.USBD_MIDI_GetOtherSpeedCfgDesc
                0x000000000800441c        0xc Middlewares/WELES/STM32_USB_Device_Library/Class/MIDI/Src/usbd_midi.o
 .text.USBD_MIDI_GetDeviceQualifierDescriptor
                0x0000000008004428        0xc Middlewares/WELES/STM32_USB_Device_Library/Class/MIDI/Src/usbd_midi.o
                0x0000000008004428                USBD_MIDI_GetDeviceQualifierDescriptor
 .text.USBD_MIDI_DataOut
                0x0000000008004434       0x30 Middlewares/WELES/STM32_USB_Device_Library/Class/MIDI/Src/usbd_midi.o
 .text.USBD_MIDI_Setup
                0x0000000008004464       0x78 Middlewares/WELES/STM32_USB_Device_Library/Class/MIDI/Src/usbd_midi.o
 .text.USBD_MIDI_DeInit
                0x00000000080044dc       0x3c Middlewares/WELES/STM32_USB_Device_Library/Class/MIDI/Src/usbd_midi.o
 .text.USBD_MIDI_Init
                0x0000000008004518       0x90 Middlewares/WELES/STM32_USB_Device_Library/Class/MIDI/Src/usbd_midi.o
 .text.USBD_MIDI_RegisterInterface
                0x00000000080045a8       0x10 Middlewares/WELES/STM32_USB_Device_Library/Class/MIDI/Src/usbd_midi.o
                0x00000000080045a8                USBD_MIDI_RegisterInterface
 .text.USBD_MIDI_SetTxBuffer
                0x00000000080045b8       0x10 Middlewares/WELES/STM32_USB_Device_Library/Class/MIDI/Src/usbd_midi.o
                0x00000000080045b8                USBD_MIDI_SetTxBuffer
 .text.USBD_MIDI_SetRxBuffer
                0x00000000080045c8        0xc Middlewares/WELES/STM32_USB_Device_Library/Class/MIDI/Src/usbd_midi.o
                0x00000000080045c8                USBD_MIDI_SetRxBuffer
 .text.USBD_MIDI_TransmitPacket
                0x00000000080045d4       0x30 Middlewares/WELES/STM32_USB_Device_Library/Class/MIDI/Src/usbd_midi.o
                0x00000000080045d4                USBD_MIDI_TransmitPacket
 .text.USBD_MIDI_ReceivePacket
                0x0000000008004604       0x30 Middlewares/WELES/STM32_USB_Device_Library/Class/MIDI/Src/usbd_midi.o
                0x0000000008004604                USBD_MIDI_ReceivePacket
 .text.USBD_Init
                0x0000000008004634       0x2c Middlewares/WELES/STM32_USB_Device_Library/Core/Src/usbd_core.o
                0x0000000008004634                USBD_Init
 .text.USBD_RegisterClass
                0x0000000008004660       0x10 Middlewares/WELES/STM32_USB_Device_Library/Core/Src/usbd_core.o
                0x0000000008004660                USBD_RegisterClass
 .text.USBD_Start
                0x0000000008004670        0xc Middlewares/WELES/STM32_USB_Device_Library/Core/Src/usbd_core.o
                0x0000000008004670                USBD_Start
 .text.USBD_SetClassConfig
                0x000000000800467c       0x14 Middlewares/WELES/STM32_USB_Device_Library/Core/Src/usbd_core.o
                0x000000000800467c                USBD_SetClassConfig
 .text.USBD_ClrClassConfig
                0x0000000008004690       0x10 Middlewares/WELES/STM32_USB_Device_Library/Core/Src/usbd_core.o
                0x0000000008004690                USBD_ClrClassConfig
 .text.USBD_LL_SetupStage
                0x00000000080046a0       0x60 Middlewares/WELES/STM32_USB_Device_Library/Core/Src/usbd_core.o
                0x00000000080046a0                USBD_LL_SetupStage
 .text.USBD_LL_DataOutStage
                0x0000000008004700       0x80 Middlewares/WELES/STM32_USB_Device_Library/Core/Src/usbd_core.o
                0x0000000008004700                USBD_LL_DataOutStage
 .text.USBD_LL_DataInStage
                0x0000000008004780       0xb4 Middlewares/WELES/STM32_USB_Device_Library/Core/Src/usbd_core.o
                0x0000000008004780                USBD_LL_DataInStage
 .text.USBD_LL_Reset
                0x0000000008004834       0x50 Middlewares/WELES/STM32_USB_Device_Library/Core/Src/usbd_core.o
                0x0000000008004834                USBD_LL_Reset
 .text.USBD_LL_SetSpeed
                0x0000000008004884        0x8 Middlewares/WELES/STM32_USB_Device_Library/Core/Src/usbd_core.o
                0x0000000008004884                USBD_LL_SetSpeed
 .text.USBD_LL_Suspend
                0x000000000800488c       0x14 Middlewares/WELES/STM32_USB_Device_Library/Core/Src/usbd_core.o
                0x000000000800488c                USBD_LL_Suspend
 .text.USBD_LL_Resume
                0x00000000080048a0       0x10 Middlewares/WELES/STM32_USB_Device_Library/Core/Src/usbd_core.o
                0x00000000080048a0                USBD_LL_Resume
 .text.USBD_LL_SOF
                0x00000000080048b0       0x1c Middlewares/WELES/STM32_USB_Device_Library/Core/Src/usbd_core.o
                0x00000000080048b0                USBD_LL_SOF
 .text.USBD_LL_IsoINIncomplete
                0x00000000080048cc        0x4 Middlewares/WELES/STM32_USB_Device_Library/Core/Src/usbd_core.o
                0x00000000080048cc                USBD_LL_IsoINIncomplete
 .text.USBD_LL_IsoOUTIncomplete
                0x00000000080048d0        0x4 Middlewares/WELES/STM32_USB_Device_Library/Core/Src/usbd_core.o
                0x00000000080048d0                USBD_LL_IsoOUTIncomplete
 .text.USBD_LL_DevConnected
                0x00000000080048d4        0x4 Middlewares/WELES/STM32_USB_Device_Library/Core/Src/usbd_core.o
                0x00000000080048d4                USBD_LL_DevConnected
 .text.USBD_LL_DevDisconnected
                0x00000000080048d8       0x18 Middlewares/WELES/STM32_USB_Device_Library/Core/Src/usbd_core.o
                0x00000000080048d8                USBD_LL_DevDisconnected
 .text.USBD_StdDevReq
                0x00000000080048f0      0x334 Middlewares/WELES/STM32_USB_Device_Library/Core/Src/usbd_ctlreq.o
                0x00000000080048f0                USBD_StdDevReq
 .text.USBD_StdItfReq
                0x0000000008004c24       0x58 Middlewares/WELES/STM32_USB_Device_Library/Core/Src/usbd_ctlreq.o
                0x0000000008004c24                USBD_StdItfReq
 .text.USBD_StdEPReq
                0x0000000008004c7c      0x130 Middlewares/WELES/STM32_USB_Device_Library/Core/Src/usbd_ctlreq.o
                0x0000000008004c7c                USBD_StdEPReq
 .text.USBD_ParseSetupRequest
                0x0000000008004dac       0x28 Middlewares/WELES/STM32_USB_Device_Library/Core/Src/usbd_ctlreq.o
                0x0000000008004dac                USBD_ParseSetupRequest
 .text.USBD_GetString
                0x0000000008004dd4       0x4c Middlewares/WELES/STM32_USB_Device_Library/Core/Src/usbd_ctlreq.o
                0x0000000008004dd4                USBD_GetString
 .text.USBD_CtlSendData
                0x0000000008004e20       0x1c Middlewares/WELES/STM32_USB_Device_Library/Core/Src/usbd_ioreq.o
                0x0000000008004e20                USBD_CtlSendData
 .text.USBD_CtlContinueSendData
                0x0000000008004e3c       0x10 Middlewares/WELES/STM32_USB_Device_Library/Core/Src/usbd_ioreq.o
                0x0000000008004e3c                USBD_CtlContinueSendData
 .text.USBD_CtlPrepareRx
                0x0000000008004e4c       0x20 Middlewares/WELES/STM32_USB_Device_Library/Core/Src/usbd_ioreq.o
                0x0000000008004e4c                USBD_CtlPrepareRx
 .text.USBD_CtlContinueRx
                0x0000000008004e6c       0x10 Middlewares/WELES/STM32_USB_Device_Library/Core/Src/usbd_ioreq.o
                0x0000000008004e6c                USBD_CtlContinueRx
 .text.USBD_CtlSendStatus
                0x0000000008004e7c       0x18 Middlewares/WELES/STM32_USB_Device_Library/Core/Src/usbd_ioreq.o
                0x0000000008004e7c                USBD_CtlSendStatus
 .text.USBD_CtlReceiveStatus
                0x0000000008004e94       0x18 Middlewares/WELES/STM32_USB_Device_Library/Core/Src/usbd_ioreq.o
                0x0000000008004e94                USBD_CtlReceiveStatus
 .text.MX_ADC1_Init
                0x0000000008004eac       0xa8 Src/adc.o
                0x0000000008004eac                MX_ADC1_Init
 .text.HAL_ADC_MspInit
                0x0000000008004f54       0x64 Src/adc.o
                0x0000000008004f54                HAL_ADC_MspInit
 .text.initFifo
                0x0000000008004fb8       0x14 Src/fifo.o
                0x0000000008004fb8                initFifo
 .text.push     0x0000000008004fcc       0x3c Src/fifo.o
                0x0000000008004fcc                push
 .text.pop      0x0000000008005008       0x70 Src/fifo.o
                0x0000000008005008                pop
 .text.MX_GFXSIMULATOR_Init
                0x0000000008005078        0x4 Src/gfxsimulator.o
                0x0000000008005078                MX_GFXSIMULATOR_Init
 .text.MX_GPIO_Init
                0x000000000800507c      0x198 Src/gpio.o
                0x000000000800507c                MX_GPIO_Init
 .text.MX_I2C1_Init
                0x0000000008005214       0x5c Src/i2c.o
                0x0000000008005214                MX_I2C1_Init
 .text.MX_I2C2_Init
                0x0000000008005270       0x5c Src/i2c.o
                0x0000000008005270                MX_I2C2_Init
 .text.MX_I2C3_Init
                0x00000000080052cc       0x5c Src/i2c.o
                0x00000000080052cc                MX_I2C3_Init
 .text.MX_I2C4_Init
                0x0000000008005328       0x5c Src/i2c.o
                0x0000000008005328                MX_I2C4_Init
 .text.HAL_I2C_MspInit
                0x0000000008005384      0x1a0 Src/i2c.o
                0x0000000008005384                HAL_I2C_MspInit
 .text.initializeOutputs
                0x0000000008005524      0xaac Src/main.o
                0x0000000008005524                initializeOutputs
 .text.setBidirectionalPWM
                0x0000000008005fd0      0x160 Src/main.o
                0x0000000008005fd0                setBidirectionalPWM
 .text.SystemClock_Config
                0x0000000008006130       0xb8 Src/main.o
                0x0000000008006130                SystemClock_Config
 .text.startup.main
                0x00000000080061e8      0x86c Src/main.o
                0x00000000080061e8                main
 .text.HAL_TIM_PeriodElapsedCallback
                0x0000000008006a54       0x58 Src/main.o
                0x0000000008006a54                HAL_TIM_PeriodElapsedCallback
 .text.HAL_UART_RxCpltCallback
                0x0000000008006aac       0x94 Src/main.o
                0x0000000008006aac                HAL_UART_RxCpltCallback
 .text.Error_Handler
                0x0000000008006b40        0x4 Src/main.o
                0x0000000008006b40                Error_Handler
 .text.HAL_MspInit
                0x0000000008006b44       0x30 Src/stm32f7xx_hal_msp.o
                0x0000000008006b44                HAL_MspInit
 .text.NMI_Handler
                0x0000000008006b74        0x4 Src/stm32f7xx_it.o
                0x0000000008006b74                NMI_Handler
 .text.HardFault_Handler
                0x0000000008006b78        0x4 Src/stm32f7xx_it.o
                0x0000000008006b78                HardFault_Handler
 .text.MemManage_Handler
                0x0000000008006b7c        0x4 Src/stm32f7xx_it.o
                0x0000000008006b7c                MemManage_Handler
 .text.BusFault_Handler
                0x0000000008006b80        0x4 Src/stm32f7xx_it.o
                0x0000000008006b80                BusFault_Handler
 .text.UsageFault_Handler
                0x0000000008006b84        0x4 Src/stm32f7xx_it.o
                0x0000000008006b84                UsageFault_Handler
 .text.SVC_Handler
                0x0000000008006b88        0x4 Src/stm32f7xx_it.o
                0x0000000008006b88                SVC_Handler
 .text.DebugMon_Handler
                0x0000000008006b8c        0x4 Src/stm32f7xx_it.o
                0x0000000008006b8c                DebugMon_Handler
 .text.PendSV_Handler
                0x0000000008006b90        0x4 Src/stm32f7xx_it.o
                0x0000000008006b90                PendSV_Handler
 .text.SysTick_Handler
                0x0000000008006b94        0x4 Src/stm32f7xx_it.o
                0x0000000008006b94                SysTick_Handler
 .text.TIM6_DAC_IRQHandler
                0x0000000008006b98        0xc Src/stm32f7xx_it.o
                0x0000000008006b98                TIM6_DAC_IRQHandler
 .text.OTG_FS_IRQHandler
                0x0000000008006ba4        0xc Src/stm32f7xx_it.o
                0x0000000008006ba4                OTG_FS_IRQHandler
 .text.UART8_IRQHandler
                0x0000000008006bb0        0xc Src/stm32f7xx_it.o
                0x0000000008006bb0                UART8_IRQHandler
 .text._sbrk    0x0000000008006bbc       0x3c Src/syscalls.o
                0x0000000008006bbc                _sbrk
 .text.SystemInit
                0x0000000008006bf8       0x50 Src/system_stm32f7xx.o
                0x0000000008006bf8                SystemInit
 .text.MX_TIM1_Init
                0x0000000008006c48      0x318 Src/tim.o
                0x0000000008006c48                MX_TIM1_Init
 .text.MX_TIM2_Init
                0x0000000008006f60      0x2e0 Src/tim.o
                0x0000000008006f60                MX_TIM2_Init
 .text.MX_TIM3_Init
                0x0000000008007240      0x310 Src/tim.o
                0x0000000008007240                MX_TIM3_Init
 .text.MX_TIM4_Init
                0x0000000008007550      0x2e0 Src/tim.o
                0x0000000008007550                MX_TIM4_Init
 .text.MX_TIM5_Init
                0x0000000008007830       0xb4 Src/tim.o
                0x0000000008007830                MX_TIM5_Init
 .text.MX_TIM6_Init
                0x00000000080078e4       0x4c Src/tim.o
                0x00000000080078e4                MX_TIM6_Init
 .text.MX_TIM8_Init
                0x0000000008007930      0x340 Src/tim.o
                0x0000000008007930                MX_TIM8_Init
 .text.MX_TIM9_Init
                0x0000000008007c70      0x2c0 Src/tim.o
                0x0000000008007c70                MX_TIM9_Init
 .text.MX_TIM10_Init
                0x0000000008007f30      0x2bc Src/tim.o
                0x0000000008007f30                MX_TIM10_Init
 .text.MX_TIM11_Init
                0x00000000080081ec      0x2bc Src/tim.o
                0x00000000080081ec                MX_TIM11_Init
 .text.MX_TIM12_Init
                0x00000000080084a8      0x2c0 Src/tim.o
                0x00000000080084a8                MX_TIM12_Init
 .text.HAL_TIM_PWM_MspInit
                0x0000000008008768      0x114 Src/tim.o
                0x0000000008008768                HAL_TIM_PWM_MspInit
 .text.HAL_TIM_Base_MspInit
                0x000000000800887c       0x88 Src/tim.o
                0x000000000800887c                HAL_TIM_Base_MspInit
 .text.MX_UART8_Init
                0x0000000008008904       0x3c Src/usart.o
                0x0000000008008904                MX_UART8_Init
 .text.HAL_UART_MspInit
                0x0000000008008940       0x7c Src/usart.o
                0x0000000008008940                HAL_UART_MspInit
 .text.MX_USB_DEVICE_Init
                0x00000000080089bc       0x58 Src/usb_device.o
                0x00000000080089bc                MX_USB_DEVICE_Init
 .text.HAL_PCD_MspInit
                0x0000000008008a14       0x80 Src/usbd_conf.o
                0x0000000008008a14                HAL_PCD_MspInit
 .text.HAL_PCD_SetupStageCallback
                0x0000000008008a94        0xc Src/usbd_conf.o
                0x0000000008008a94                HAL_PCD_SetupStageCallback
 .text.HAL_PCD_DataOutStageCallback
                0x0000000008008aa0       0x14 Src/usbd_conf.o
                0x0000000008008aa0                HAL_PCD_DataOutStageCallback
 .text.HAL_PCD_DataInStageCallback
                0x0000000008008ab4       0x14 Src/usbd_conf.o
                0x0000000008008ab4                HAL_PCD_DataInStageCallback
 .text.HAL_PCD_SOFCallback
                0x0000000008008ac8        0x8 Src/usbd_conf.o
                0x0000000008008ac8                HAL_PCD_SOFCallback
 .text.HAL_PCD_ResetCallback
                0x0000000008008ad0       0x2c Src/usbd_conf.o
                0x0000000008008ad0                HAL_PCD_ResetCallback
 .text.HAL_PCD_SuspendCallback
                0x0000000008008afc       0x30 Src/usbd_conf.o
                0x0000000008008afc                HAL_PCD_SuspendCallback
 .text.HAL_PCD_ResumeCallback
                0x0000000008008b2c        0x8 Src/usbd_conf.o
                0x0000000008008b2c                HAL_PCD_ResumeCallback
 .text.HAL_PCD_ISOOUTIncompleteCallback
                0x0000000008008b34        0x8 Src/usbd_conf.o
                0x0000000008008b34                HAL_PCD_ISOOUTIncompleteCallback
 .text.HAL_PCD_ISOINIncompleteCallback
                0x0000000008008b3c        0x8 Src/usbd_conf.o
                0x0000000008008b3c                HAL_PCD_ISOINIncompleteCallback
 .text.HAL_PCD_ConnectCallback
                0x0000000008008b44        0x8 Src/usbd_conf.o
                0x0000000008008b44                HAL_PCD_ConnectCallback
 .text.HAL_PCD_DisconnectCallback
                0x0000000008008b4c        0x8 Src/usbd_conf.o
                0x0000000008008b4c                HAL_PCD_DisconnectCallback
 .text.USBD_LL_Init
                0x0000000008008b54       0x64 Src/usbd_conf.o
                0x0000000008008b54                USBD_LL_Init
 .text.USBD_LL_Start
                0x0000000008008bb8       0x1c Src/usbd_conf.o
                0x0000000008008bb8                USBD_LL_Start
 .text.USBD_LL_OpenEP
                0x0000000008008bd4       0x24 Src/usbd_conf.o
                0x0000000008008bd4                USBD_LL_OpenEP
 .text.USBD_LL_CloseEP
                0x0000000008008bf8       0x1c Src/usbd_conf.o
                0x0000000008008bf8                USBD_LL_CloseEP
 .text.USBD_LL_StallEP
                0x0000000008008c14       0x1c Src/usbd_conf.o
                0x0000000008008c14                USBD_LL_StallEP
 .text.USBD_LL_ClearStallEP
                0x0000000008008c30       0x1c Src/usbd_conf.o
                0x0000000008008c30                USBD_LL_ClearStallEP
 .text.USBD_LL_IsStallEP
                0x0000000008008c4c       0x28 Src/usbd_conf.o
                0x0000000008008c4c                USBD_LL_IsStallEP
 .text.USBD_LL_SetUSBAddress
                0x0000000008008c74       0x1c Src/usbd_conf.o
                0x0000000008008c74                USBD_LL_SetUSBAddress
 .text.USBD_LL_Transmit
                0x0000000008008c90       0x1c Src/usbd_conf.o
                0x0000000008008c90                USBD_LL_Transmit
 .text.USBD_LL_PrepareReceive
                0x0000000008008cac       0x1c Src/usbd_conf.o
                0x0000000008008cac                USBD_LL_PrepareReceive
 .text.USBD_LL_GetRxDataSize
                0x0000000008008cc8        0x8 Src/usbd_conf.o
                0x0000000008008cc8                USBD_LL_GetRxDataSize
 .text.HAL_PCDEx_LPM_Callback
                0x0000000008008cd0       0x60 Src/usbd_conf.o
                0x0000000008008cd0                HAL_PCDEx_LPM_Callback
 .text.USBD_FS_DeviceDescriptor
                0x0000000008008d30        0xc Src/usbd_desc.o
                0x0000000008008d30                USBD_FS_DeviceDescriptor
 .text.USBD_FS_LangIDStrDescriptor
                0x0000000008008d3c        0xc Src/usbd_desc.o
                0x0000000008008d3c                USBD_FS_LangIDStrDescriptor
 .text.USBD_FS_USR_BOSDescriptor
                0x0000000008008d48        0xc Src/usbd_desc.o
                0x0000000008008d48                USBD_FS_USR_BOSDescriptor
 .text.USBD_FS_ManufacturerStrDescriptor
                0x0000000008008d54       0x1c Src/usbd_desc.o
                0x0000000008008d54                USBD_FS_ManufacturerStrDescriptor
 .text.USBD_FS_ProductStrDescriptor
                0x0000000008008d70       0x1c Src/usbd_desc.o
                0x0000000008008d70                USBD_FS_ProductStrDescriptor
 .text.USBD_FS_ConfigStrDescriptor
                0x0000000008008d8c       0x1c Src/usbd_desc.o
                0x0000000008008d8c                USBD_FS_ConfigStrDescriptor
 .text.USBD_FS_InterfaceStrDescriptor
                0x0000000008008da8       0x1c Src/usbd_desc.o
                0x0000000008008da8                USBD_FS_InterfaceStrDescriptor
 .text.USBD_FS_SerialStrDescriptor
                0x0000000008008dc4      0x16c Src/usbd_desc.o
                0x0000000008008dc4                USBD_FS_SerialStrDescriptor
 .text.MIDI_DeInit_FS
                0x0000000008008f30        0x4 Src/usbd_midi_if.o
 .text.MIDI_Control_FS
                0x0000000008008f34        0x4 Src/usbd_midi_if.o
 .text.MIDI_Receive_FS
                0x0000000008008f38       0x40 Src/usbd_midi_if.o
 .text.MIDI_Init_FS
                0x0000000008008f78       0x28 Src/usbd_midi_if.o
 .text.MIDI_Transmit_FS
                0x0000000008008fa0       0x2c Src/usbd_midi_if.o
                0x0000000008008fa0                MIDI_Transmit_FS
 .text.Reset_Handler
                0x0000000008008fcc       0x50 startup/startup_stm32f750xx.o
                0x0000000008008fcc                Reset_Handler
 .text.Default_Handler
                0x000000000800901c        0x2 startup/startup_stm32f750xx.o
                0x000000000800901c                RTC_Alarm_IRQHandler
                0x000000000800901c                HASH_RNG_IRQHandler
                0x000000000800901c                EXTI2_IRQHandler
                0x000000000800901c                TIM8_CC_IRQHandler
                0x000000000800901c                SPI4_IRQHandler
                0x000000000800901c                TIM1_CC_IRQHandler
                0x000000000800901c                DMA2_Stream5_IRQHandler
                0x000000000800901c                DMA1_Stream5_IRQHandler
                0x000000000800901c                PVD_IRQHandler
                0x000000000800901c                TAMP_STAMP_IRQHandler
                0x000000000800901c                CAN2_RX1_IRQHandler
                0x000000000800901c                EXTI3_IRQHandler
                0x000000000800901c                TIM8_TRG_COM_TIM14_IRQHandler
                0x000000000800901c                TIM1_UP_TIM10_IRQHandler
                0x000000000800901c                TIM8_UP_TIM13_IRQHandler
                0x000000000800901c                I2C3_ER_IRQHandler
                0x000000000800901c                EXTI0_IRQHandler
                0x000000000800901c                I2C2_EV_IRQHandler
                0x000000000800901c                DMA1_Stream2_IRQHandler
                0x000000000800901c                CAN1_RX0_IRQHandler
                0x000000000800901c                FPU_IRQHandler
                0x000000000800901c                OTG_HS_WKUP_IRQHandler
                0x000000000800901c                LTDC_ER_IRQHandler
                0x000000000800901c                CAN2_SCE_IRQHandler
                0x000000000800901c                DMA2_Stream2_IRQHandler
                0x000000000800901c                SPI1_IRQHandler
                0x000000000800901c                TIM1_BRK_TIM9_IRQHandler
                0x000000000800901c                DCMI_IRQHandler
                0x000000000800901c                CAN2_RX0_IRQHandler
                0x000000000800901c                DMA2_Stream3_IRQHandler
                0x000000000800901c                SAI2_IRQHandler
                0x000000000800901c                USART6_IRQHandler
                0x000000000800901c                USART3_IRQHandler
                0x000000000800901c                CRYP_IRQHandler
                0x000000000800901c                CAN1_RX1_IRQHandler
                0x000000000800901c                UART5_IRQHandler
                0x000000000800901c                DMA2_Stream0_IRQHandler
                0x000000000800901c                TIM4_IRQHandler
                0x000000000800901c                QUADSPI_IRQHandler
                0x000000000800901c                I2C1_EV_IRQHandler
                0x000000000800901c                DMA1_Stream6_IRQHandler
                0x000000000800901c                DMA1_Stream1_IRQHandler
                0x000000000800901c                UART4_IRQHandler
                0x000000000800901c                TIM3_IRQHandler
                0x000000000800901c                RCC_IRQHandler
                0x000000000800901c                TIM8_BRK_TIM12_IRQHandler
                0x000000000800901c                Default_Handler
                0x000000000800901c                CEC_IRQHandler
                0x000000000800901c                EXTI15_10_IRQHandler
                0x000000000800901c                ADC_IRQHandler
                0x000000000800901c                DMA1_Stream7_IRQHandler
                0x000000000800901c                SPI5_IRQHandler
                0x000000000800901c                TIM7_IRQHandler
                0x000000000800901c                SDMMC1_IRQHandler
                0x000000000800901c                CAN2_TX_IRQHandler
                0x000000000800901c                TIM5_IRQHandler
                0x000000000800901c                DMA2_Stream7_IRQHandler
                0x000000000800901c                I2C3_EV_IRQHandler
                0x000000000800901c                EXTI9_5_IRQHandler
                0x000000000800901c                RTC_WKUP_IRQHandler
                0x000000000800901c                LTDC_IRQHandler
                0x000000000800901c                ETH_WKUP_IRQHandler
                0x000000000800901c                SPDIF_RX_IRQHandler
                0x000000000800901c                SPI2_IRQHandler
                0x000000000800901c                OTG_HS_EP1_IN_IRQHandler
                0x000000000800901c                DMA1_Stream0_IRQHandler
                0x000000000800901c                CAN1_TX_IRQHandler
                0x000000000800901c                EXTI4_IRQHandler
                0x000000000800901c                ETH_IRQHandler
                0x000000000800901c                OTG_HS_EP1_OUT_IRQHandler
                0x000000000800901c                WWDG_IRQHandler
                0x000000000800901c                SPI6_IRQHandler
                0x000000000800901c                I2C4_EV_IRQHandler
                0x000000000800901c                TIM2_IRQHandler
                0x000000000800901c                OTG_FS_WKUP_IRQHandler
                0x000000000800901c                TIM1_TRG_COM_TIM11_IRQHandler
                0x000000000800901c                OTG_HS_IRQHandler
                0x000000000800901c                DMA2D_IRQHandler
                0x000000000800901c                EXTI1_IRQHandler
                0x000000000800901c                UART7_IRQHandler
                0x000000000800901c                USART2_IRQHandler
                0x000000000800901c                I2C2_ER_IRQHandler
                0x000000000800901c                DMA2_Stream1_IRQHandler
                0x000000000800901c                CAN1_SCE_IRQHandler
                0x000000000800901c                FLASH_IRQHandler
                0x000000000800901c                DMA2_Stream4_IRQHandler
                0x000000000800901c                USART1_IRQHandler
                0x000000000800901c                SPI3_IRQHandler
                0x000000000800901c                DMA1_Stream4_IRQHandler
                0x000000000800901c                I2C1_ER_IRQHandler
                0x000000000800901c                FMC_IRQHandler
                0x000000000800901c                LPTIM1_IRQHandler
                0x000000000800901c                I2C4_ER_IRQHandler
                0x000000000800901c                DMA2_Stream6_IRQHandler
                0x000000000800901c                SAI1_IRQHandler
                0x000000000800901c                DMA1_Stream3_IRQHandler
 *fill*         0x000000000800901e        0x2 
 .text.__errno  0x0000000008009020        0xc /home/dawid/.eclipse/com.st.stm32cube.ide.mcu.rcp.product_1.3.0_1935175002_linux_gtk_x86_64/plugins/com.st.stm32cube.ide.mcu.externaltools.gnu-tools-for-stm32.7-2018-q2-update.linux64_1.4.0.202007081208/tools/bin/../lib/gcc/arm-none-eabi/7.3.1/../../../../arm-none-eabi/lib/thumb/v7e-m/fpv4-sp/hard/libc_nano.a(lib_a-errno.o)
                0x0000000008009020                __errno
 .text.__libc_init_array
                0x000000000800902c       0x48 /home/dawid/.eclipse/com.st.stm32cube.ide.mcu.rcp.product_1.3.0_1935175002_linux_gtk_x86_64/plugins/com.st.stm32cube.ide.mcu.externaltools.gnu-tools-for-stm32.7-2018-q2-update.linux64_1.4.0.202007081208/tools/bin/../lib/gcc/arm-none-eabi/7.3.1/../../../../arm-none-eabi/lib/thumb/v7e-m/fpv4-sp/hard/libc_nano.a(lib_a-init.o)
                0x000000000800902c                __libc_init_array
 .text.malloc   0x0000000008009074       0x10 /home/dawid/.eclipse/com.st.stm32cube.ide.mcu.rcp.product_1.3.0_1935175002_linux_gtk_x86_64/plugins/com.st.stm32cube.ide.mcu.externaltools.gnu-tools-for-stm32.7-2018-q2-update.linux64_1.4.0.202007081208/tools/bin/../lib/gcc/arm-none-eabi/7.3.1/../../../../arm-none-eabi/lib/thumb/v7e-m/fpv4-sp/hard/libc_nano.a(lib_a-malloc.o)
                0x0000000008009074                malloc
 .text.free     0x0000000008009084       0x10 /home/dawid/.eclipse/com.st.stm32cube.ide.mcu.rcp.product_1.3.0_1935175002_linux_gtk_x86_64/plugins/com.st.stm32cube.ide.mcu.externaltools.gnu-tools-for-stm32.7-2018-q2-update.linux64_1.4.0.202007081208/tools/bin/../lib/gcc/arm-none-eabi/7.3.1/../../../../arm-none-eabi/lib/thumb/v7e-m/fpv4-sp/hard/libc_nano.a(lib_a-malloc.o)
                0x0000000008009084                free
 .text.memset   0x0000000008009094       0x10 /home/dawid/.eclipse/com.st.stm32cube.ide.mcu.rcp.product_1.3.0_1935175002_linux_gtk_x86_64/plugins/com.st.stm32cube.ide.mcu.externaltools.gnu-tools-for-stm32.7-2018-q2-update.linux64_1.4.0.202007081208/tools/bin/../lib/gcc/arm-none-eabi/7.3.1/../../../../arm-none-eabi/lib/thumb/v7e-m/fpv4-sp/hard/libc_nano.a(lib_a-memset.o)
                0x0000000008009094                memset
 .text._free_r  0x00000000080090a4       0x9c /home/dawid/.eclipse/com.st.stm32cube.ide.mcu.rcp.product_1.3.0_1935175002_linux_gtk_x86_64/plugins/com.st.stm32cube.ide.mcu.externaltools.gnu-tools-for-stm32.7-2018-q2-update.linux64_1.4.0.202007081208/tools/bin/../lib/gcc/arm-none-eabi/7.3.1/../../../../arm-none-eabi/lib/thumb/v7e-m/fpv4-sp/hard/libc_nano.a(lib_a-nano-freer.o)
                0x00000000080090a4                _free_r
 .text._malloc_r
                0x0000000008009140       0xb4 /home/dawid/.eclipse/com.st.stm32cube.ide.mcu.rcp.product_1.3.0_1935175002_linux_gtk_x86_64/plugins/com.st.stm32cube.ide.mcu.externaltools.gnu-tools-for-stm32.7-2018-q2-update.linux64_1.4.0.202007081208/tools/bin/../lib/gcc/arm-none-eabi/7.3.1/../../../../arm-none-eabi/lib/thumb/v7e-m/fpv4-sp/hard/libc_nano.a(lib_a-nano-mallocr.o)
                0x0000000008009140                _malloc_r
 .text._sbrk_r  0x00000000080091f4       0x20 /home/dawid/.eclipse/com.st.stm32cube.ide.mcu.rcp.product_1.3.0_1935175002_linux_gtk_x86_64/plugins/com.st.stm32cube.ide.mcu.externaltools.gnu-tools-for-stm32.7-2018-q2-update.linux64_1.4.0.202007081208/tools/bin/../lib/gcc/arm-none-eabi/7.3.1/../../../../arm-none-eabi/lib/thumb/v7e-m/fpv4-sp/hard/libc_nano.a(lib_a-sbrkr.o)
                0x00000000080091f4                _sbrk_r
 .text.__malloc_lock
                0x0000000008009214        0x2 /home/dawid/.eclipse/com.st.stm32cube.ide.mcu.rcp.product_1.3.0_1935175002_linux_gtk_x86_64/plugins/com.st.stm32cube.ide.mcu.externaltools.gnu-tools-for-stm32.7-2018-q2-update.linux64_1.4.0.202007081208/tools/bin/../lib/gcc/arm-none-eabi/7.3.1/../../../../arm-none-eabi/lib/thumb/v7e-m/fpv4-sp/hard/libc_nano.a(lib_a-mlock.o)
                0x0000000008009214                __malloc_lock
 .text.__malloc_unlock
                0x0000000008009216        0x2 /home/dawid/.eclipse/com.st.stm32cube.ide.mcu.rcp.product_1.3.0_1935175002_linux_gtk_x86_64/plugins/com.st.stm32cube.ide.mcu.externaltools.gnu-tools-for-stm32.7-2018-q2-update.linux64_1.4.0.202007081208/tools/bin/../lib/gcc/arm-none-eabi/7.3.1/../../../../arm-none-eabi/lib/thumb/v7e-m/fpv4-sp/hard/libc_nano.a(lib_a-mlock.o)
                0x0000000008009216                __malloc_unlock
 *(.glue_7)
 .glue_7        0x0000000008009218        0x0 linker stubs
 *(.glue_7t)
 .glue_7t       0x0000000008009218        0x0 linker stubs
 *(.eh_frame)
 .eh_frame      0x0000000008009218        0x0 /home/dawid/.eclipse/com.st.stm32cube.ide.mcu.rcp.product_1.3.0_1935175002_linux_gtk_x86_64/plugins/com.st.stm32cube.ide.mcu.externaltools.gnu-tools-for-stm32.7-2018-q2-update.linux64_1.4.0.202007081208/tools/bin/../lib/gcc/arm-none-eabi/7.3.1/thumb/v7e-m/fpv4-sp/hard/crtbegin.o
 *(.init)
 .init          0x0000000008009218        0x4 /home/dawid/.eclipse/com.st.stm32cube.ide.mcu.rcp.product_1.3.0_1935175002_linux_gtk_x86_64/plugins/com.st.stm32cube.ide.mcu.externaltools.gnu-tools-for-stm32.7-2018-q2-update.linux64_1.4.0.202007081208/tools/bin/../lib/gcc/arm-none-eabi/7.3.1/thumb/v7e-m/fpv4-sp/hard/crti.o
                0x0000000008009218                _init
 .init          0x000000000800921c        0x8 /home/dawid/.eclipse/com.st.stm32cube.ide.mcu.rcp.product_1.3.0_1935175002_linux_gtk_x86_64/plugins/com.st.stm32cube.ide.mcu.externaltools.gnu-tools-for-stm32.7-2018-q2-update.linux64_1.4.0.202007081208/tools/bin/../lib/gcc/arm-none-eabi/7.3.1/thumb/v7e-m/fpv4-sp/hard/crtn.o
 *(.fini)
 .fini          0x0000000008009224        0x4 /home/dawid/.eclipse/com.st.stm32cube.ide.mcu.rcp.product_1.3.0_1935175002_linux_gtk_x86_64/plugins/com.st.stm32cube.ide.mcu.externaltools.gnu-tools-for-stm32.7-2018-q2-update.linux64_1.4.0.202007081208/tools/bin/../lib/gcc/arm-none-eabi/7.3.1/thumb/v7e-m/fpv4-sp/hard/crti.o
                0x0000000008009224                _fini
 .fini          0x0000000008009228        0x8 /home/dawid/.eclipse/com.st.stm32cube.ide.mcu.rcp.product_1.3.0_1935175002_linux_gtk_x86_64/plugins/com.st.stm32cube.ide.mcu.externaltools.gnu-tools-for-stm32.7-2018-q2-update.linux64_1.4.0.202007081208/tools/bin/../lib/gcc/arm-none-eabi/7.3.1/thumb/v7e-m/fpv4-sp/hard/crtn.o
                0x0000000008009230                . = ALIGN (0x4)
                0x0000000008009230                _etext = .

.vfp11_veneer   0x0000000008009230        0x0
 .vfp11_veneer  0x0000000008009230        0x0 linker stubs

.v4_bx          0x0000000008009230        0x0
 .v4_bx         0x0000000008009230        0x0 linker stubs

.iplt           0x0000000008009230        0x0
 .iplt          0x0000000008009230        0x0 /home/dawid/.eclipse/com.st.stm32cube.ide.mcu.rcp.product_1.3.0_1935175002_linux_gtk_x86_64/plugins/com.st.stm32cube.ide.mcu.externaltools.gnu-tools-for-stm32.7-2018-q2-update.linux64_1.4.0.202007081208/tools/bin/../lib/gcc/arm-none-eabi/7.3.1/thumb/v7e-m/fpv4-sp/hard/crtbegin.o

.rodata         0x0000000008009230       0x78
                0x0000000008009230                . = ALIGN (0x4)
 *(.rodata)
 .rodata        0x0000000008009230       0x11 Drivers/STM32F7xx_HAL_Driver/Src/stm32f7xx_hal_uart.o
 *fill*         0x0000000008009241        0x3 
 .rodata        0x0000000008009244       0x10 Src/main.o
 .rodata        0x0000000008009254       0x18 Src/system_stm32f7xx.o
                0x0000000008009254                AHBPrescTable
                0x0000000008009264                APBPrescTable
 .rodata        0x000000000800926c        0x4 Src/usbd_conf.o
 *(.rodata*)
 .rodata.str1.4
                0x0000000008009270       0x38 Src/usbd_desc.o
                                         0x37 (size before relaxing)
                0x00000000080092a8                . = ALIGN (0x4)

.ARM.extab
 *(.ARM.extab* .gnu.linkonce.armextab.*)

.ARM            0x00000000080092a8        0x8
                0x00000000080092a8                __exidx_start = .
 *(.ARM.exidx*)
 .ARM.exidx     0x00000000080092a8        0x8 /home/dawid/.eclipse/com.st.stm32cube.ide.mcu.rcp.product_1.3.0_1935175002_linux_gtk_x86_64/plugins/com.st.stm32cube.ide.mcu.externaltools.gnu-tools-for-stm32.7-2018-q2-update.linux64_1.4.0.202007081208/tools/bin/../lib/gcc/arm-none-eabi/7.3.1/thumb/v7e-m/fpv4-sp/hard/libgcc.a(_udivmoddi4.o)
                0x00000000080092b0                __exidx_end = .

.rel.dyn        0x00000000080092b0        0x0
 .rel.iplt      0x00000000080092b0        0x0 /home/dawid/.eclipse/com.st.stm32cube.ide.mcu.rcp.product_1.3.0_1935175002_linux_gtk_x86_64/plugins/com.st.stm32cube.ide.mcu.externaltools.gnu-tools-for-stm32.7-2018-q2-update.linux64_1.4.0.202007081208/tools/bin/../lib/gcc/arm-none-eabi/7.3.1/thumb/v7e-m/fpv4-sp/hard/crtbegin.o

.preinit_array  0x00000000080092b0        0x0
                0x00000000080092b0                PROVIDE (__preinit_array_start = .)
 *(.preinit_array*)
                0x00000000080092b0                PROVIDE (__preinit_array_end = .)

.init_array     0x00000000080092b0        0x4
                0x00000000080092b0                PROVIDE (__init_array_start = .)
 *(SORT_BY_NAME(.init_array.*))
 *(.init_array*)
 .init_array    0x00000000080092b0        0x4 /home/dawid/.eclipse/com.st.stm32cube.ide.mcu.rcp.product_1.3.0_1935175002_linux_gtk_x86_64/plugins/com.st.stm32cube.ide.mcu.externaltools.gnu-tools-for-stm32.7-2018-q2-update.linux64_1.4.0.202007081208/tools/bin/../lib/gcc/arm-none-eabi/7.3.1/thumb/v7e-m/fpv4-sp/hard/crtbegin.o
                0x00000000080092b4                PROVIDE (__init_array_end = .)

.fini_array     0x00000000080092b4        0x4
                [!provide]                        PROVIDE (__fini_array_start = .)
 *(SORT_BY_NAME(.fini_array.*))
 *(.fini_array*)
 .fini_array    0x00000000080092b4        0x4 /home/dawid/.eclipse/com.st.stm32cube.ide.mcu.rcp.product_1.3.0_1935175002_linux_gtk_x86_64/plugins/com.st.stm32cube.ide.mcu.externaltools.gnu-tools-for-stm32.7-2018-q2-update.linux64_1.4.0.202007081208/tools/bin/../lib/gcc/arm-none-eabi/7.3.1/thumb/v7e-m/fpv4-sp/hard/crtbegin.o
                [!provide]                        PROVIDE (__fini_array_end = .)
                0x00000000080092b8                _sidata = LOADADDR (.data)

.data           0x0000000020000000      0x25c load address 0x00000000080092b8
                0x0000000020000000                . = ALIGN (0x4)
                0x0000000020000000                _sdata = .
 *(.data)
 .data          0x0000000020000000        0x8 Drivers/STM32F7xx_HAL_Driver/Src/stm32f7xx_hal.o
                0x0000000020000000                uwTickFreq
                0x0000000020000004                uwTickPrio
 .data          0x0000000020000008      0x17c Middlewares/WELES/STM32_USB_Device_Library/Class/MIDI/Src/usbd_midi.o
                0x0000000020000008                USBD_MIDI_CfgFSDesc
                0x0000000020000070                USBD_MIDI_CfgHSDesc
                0x00000000200000d8                USBD_MIDI_OtherSpeedCfgDesc
                0x000000002000014c                USBD_MIDI
 .data          0x0000000020000184        0x4 Src/system_stm32f7xx.o
                0x0000000020000184                SystemCoreClock
 .data          0x0000000020000188       0x60 Src/usbd_desc.o
                0x0000000020000188                USBD_FS_DeviceDesc
                0x000000002000019c                USBD_LangIDDesc
                0x00000000200001a0                USBD_FS_BOSDesc
                0x00000000200001ac                USBD_StringSerial
                0x00000000200001c8                FS_Desc
 .data          0x00000000200001e8       0x10 Src/usbd_midi_if.o
                0x00000000200001e8                USBD_Interface_fops_FS
 *(.data*)
 .data._impure_ptr
                0x00000000200001f8        0x4 /home/dawid/.eclipse/com.st.stm32cube.ide.mcu.rcp.product_1.3.0_1935175002_linux_gtk_x86_64/plugins/com.st.stm32cube.ide.mcu.externaltools.gnu-tools-for-stm32.7-2018-q2-update.linux64_1.4.0.202007081208/tools/bin/../lib/gcc/arm-none-eabi/7.3.1/../../../../arm-none-eabi/lib/thumb/v7e-m/fpv4-sp/hard/libc_nano.a(lib_a-impure.o)
                0x00000000200001f8                _impure_ptr
 .data.impure_data
                0x00000000200001fc       0x60 /home/dawid/.eclipse/com.st.stm32cube.ide.mcu.rcp.product_1.3.0_1935175002_linux_gtk_x86_64/plugins/com.st.stm32cube.ide.mcu.externaltools.gnu-tools-for-stm32.7-2018-q2-update.linux64_1.4.0.202007081208/tools/bin/../lib/gcc/arm-none-eabi/7.3.1/../../../../arm-none-eabi/lib/thumb/v7e-m/fpv4-sp/hard/libc_nano.a(lib_a-impure.o)
                0x000000002000025c                . = ALIGN (0x4)
                0x000000002000025c                _edata = .

.igot.plt       0x000000002000025c        0x0 load address 0x0000000008009514
 .igot.plt      0x000000002000025c        0x0 /home/dawid/.eclipse/com.st.stm32cube.ide.mcu.rcp.product_1.3.0_1935175002_linux_gtk_x86_64/plugins/com.st.stm32cube.ide.mcu.externaltools.gnu-tools-for-stm32.7-2018-q2-update.linux64_1.4.0.202007081208/tools/bin/../lib/gcc/arm-none-eabi/7.3.1/thumb/v7e-m/fpv4-sp/hard/crtbegin.o
                0x000000002000025c                . = ALIGN (0x4)

.bss            0x000000002000025c     0x2944 load address 0x0000000008009514
                0x000000002000025c                _sbss = .
                0x000000002000025c                __bss_start__ = _sbss
 *(.bss)
 .bss           0x000000002000025c       0x1c /home/dawid/.eclipse/com.st.stm32cube.ide.mcu.rcp.product_1.3.0_1935175002_linux_gtk_x86_64/plugins/com.st.stm32cube.ide.mcu.externaltools.gnu-tools-for-stm32.7-2018-q2-update.linux64_1.4.0.202007081208/tools/bin/../lib/gcc/arm-none-eabi/7.3.1/thumb/v7e-m/fpv4-sp/hard/crtbegin.o
 .bss           0x0000000020000278        0x1 Middlewares/WELES/STM32_USB_Device_Library/Class/MIDI/Src/usbd_midi.o
 .bss           0x0000000020000279        0x1 Middlewares/WELES/STM32_USB_Device_Library/Core/Src/usbd_ctlreq.o
 *fill*         0x000000002000027a        0x2 
 .bss           0x000000002000027c        0xc Src/main.o
 .bss           0x0000000020000288        0x8 Src/syscalls.o
                0x000000002000028c                __env
 *(.bss*)
 .bss.__malloc_free_list
                0x0000000020000290        0x4 /home/dawid/.eclipse/com.st.stm32cube.ide.mcu.rcp.product_1.3.0_1935175002_linux_gtk_x86_64/plugins/com.st.stm32cube.ide.mcu.externaltools.gnu-tools-for-stm32.7-2018-q2-update.linux64_1.4.0.202007081208/tools/bin/../lib/gcc/arm-none-eabi/7.3.1/../../../../arm-none-eabi/lib/thumb/v7e-m/fpv4-sp/hard/libc_nano.a(lib_a-nano-mallocr.o)
                0x0000000020000290                __malloc_free_list
 .bss.__malloc_sbrk_start
                0x0000000020000294        0x4 /home/dawid/.eclipse/com.st.stm32cube.ide.mcu.rcp.product_1.3.0_1935175002_linux_gtk_x86_64/plugins/com.st.stm32cube.ide.mcu.externaltools.gnu-tools-for-stm32.7-2018-q2-update.linux64_1.4.0.202007081208/tools/bin/../lib/gcc/arm-none-eabi/7.3.1/../../../../arm-none-eabi/lib/thumb/v7e-m/fpv4-sp/hard/libc_nano.a(lib_a-nano-mallocr.o)
                0x0000000020000294                __malloc_sbrk_start
 *(COMMON)
 COMMON         0x0000000020000298        0x4 Drivers/STM32F7xx_HAL_Driver/Src/stm32f7xx_hal.o
                0x0000000020000298                uwTick
 COMMON         0x000000002000029c       0x48 Src/adc.o
                0x000000002000029c                hadc1
 COMMON         0x00000000200002e4      0x3fc Src/fifo.o
                0x00000000200002e4                fifoData
 COMMON         0x00000000200006e0      0x130 Src/i2c.o
                0x00000000200006e0                hi2c3
                0x000000002000072c                hi2c4
                0x0000000020000778                hi2c1
                0x00000000200007c4                hi2c2
 COMMON         0x0000000020000810      0x72c Src/main.o
                0x0000000020000810                i2cOutputsConfig
                0x0000000020000820                lastMidiMessage
                0x0000000020000824                midiOutData
                0x0000000020000828                fifo
                0x0000000020000834                outputs
                0x0000000020000f34                rxBuff
                0x0000000020000f38                midiOutLastData
 COMMON         0x0000000020000f3c      0x340 Src/tim.o
                0x0000000020000f3c                htim8
                0x0000000020000f7c                htim4
                0x0000000020000fbc                htim10
                0x0000000020000ffc                htim5
                0x000000002000103c                htim3
                0x000000002000107c                htim13
                0x00000000200010bc                htim11
                0x00000000200010fc                htim6
                0x000000002000113c                htim1
                0x000000002000117c                htim9
                0x00000000200011bc                htim2
                0x00000000200011fc                htim14
                0x000000002000123c                htim12
 COMMON         0x000000002000127c       0x80 Src/usart.o
                0x000000002000127c                huart8
 COMMON         0x00000000200012fc      0x29c Src/usb_device.o
                0x00000000200012fc                hUsbDeviceFS
 COMMON         0x0000000020001598      0x404 Src/usbd_conf.o
                0x0000000020001598                hpcd_USB_OTG_FS
 COMMON         0x000000002000199c      0x200 Src/usbd_desc.o
                0x000000002000199c                USBD_StrDesc
 COMMON         0x0000000020001b9c     0x1000 Src/usbd_midi_if.o
                0x0000000020001b9c                UserRxBufferFS
                0x000000002000239c                UserTxBufferFS
 COMMON         0x0000000020002b9c        0x4 /home/dawid/.eclipse/com.st.stm32cube.ide.mcu.rcp.product_1.3.0_1935175002_linux_gtk_x86_64/plugins/com.st.stm32cube.ide.mcu.externaltools.gnu-tools-for-stm32.7-2018-q2-update.linux64_1.4.0.202007081208/tools/bin/../lib/gcc/arm-none-eabi/7.3.1/../../../../arm-none-eabi/lib/thumb/v7e-m/fpv4-sp/hard/libc_nano.a(lib_a-reent.o)
                0x0000000020002b9c                errno
                0x0000000020002ba0                . = ALIGN (0x4)
                0x0000000020002ba0                _ebss = .
                0x0000000020002ba0                __bss_end__ = _ebss

._user_heap_stack
                0x0000000020002ba0      0x600 load address 0x0000000008009514
                0x0000000020002ba0                . = ALIGN (0x8)
                0x0000000020002ba0                PROVIDE (end = .)
                [!provide]                        PROVIDE (_end = .)
                0x0000000020002da0                . = (. + _Min_Heap_Size)
 *fill*         0x0000000020002ba0      0x200 
                0x00000000200031a0                . = (. + _Min_Stack_Size)
 *fill*         0x0000000020002da0      0x400 
                0x00000000200031a0                . = ALIGN (0x8)

/DISCARD/
 libc.a(*)
 libm.a(*)
 libgcc.a(*)

.ARM.attributes
                0x0000000000000000       0x30
 *(.ARM.attributes)
 .ARM.attributes
                0x0000000000000000       0x22 /home/dawid/.eclipse/com.st.stm32cube.ide.mcu.rcp.product_1.3.0_1935175002_linux_gtk_x86_64/plugins/com.st.stm32cube.ide.mcu.externaltools.gnu-tools-for-stm32.7-2018-q2-update.linux64_1.4.0.202007081208/tools/bin/../lib/gcc/arm-none-eabi/7.3.1/thumb/v7e-m/fpv4-sp/hard/crti.o
 .ARM.attributes
                0x0000000000000022       0x34 /home/dawid/.eclipse/com.st.stm32cube.ide.mcu.rcp.product_1.3.0_1935175002_linux_gtk_x86_64/plugins/com.st.stm32cube.ide.mcu.externaltools.gnu-tools-for-stm32.7-2018-q2-update.linux64_1.4.0.202007081208/tools/bin/../lib/gcc/arm-none-eabi/7.3.1/thumb/v7e-m/fpv4-sp/hard/crtbegin.o
 .ARM.attributes
                0x0000000000000056       0x39 Drivers/STM32F7xx_HAL_Driver/Src/stm32f7xx_hal.o
 .ARM.attributes
                0x000000000000008f       0x39 Drivers/STM32F7xx_HAL_Driver/Src/stm32f7xx_hal_adc.o
 .ARM.attributes
                0x00000000000000c8       0x39 Drivers/STM32F7xx_HAL_Driver/Src/stm32f7xx_hal_cortex.o
 .ARM.attributes
                0x0000000000000101       0x39 Drivers/STM32F7xx_HAL_Driver/Src/stm32f7xx_hal_dma.o
 .ARM.attributes
                0x000000000000013a       0x39 Drivers/STM32F7xx_HAL_Driver/Src/stm32f7xx_hal_gpio.o
 .ARM.attributes
                0x0000000000000173       0x39 Drivers/STM32F7xx_HAL_Driver/Src/stm32f7xx_hal_i2c.o
 .ARM.attributes
                0x00000000000001ac       0x39 Drivers/STM32F7xx_HAL_Driver/Src/stm32f7xx_hal_i2c_ex.o
 .ARM.attributes
                0x00000000000001e5       0x39 Drivers/STM32F7xx_HAL_Driver/Src/stm32f7xx_hal_pcd.o
 .ARM.attributes
                0x000000000000021e       0x39 Drivers/STM32F7xx_HAL_Driver/Src/stm32f7xx_hal_pcd_ex.o
 .ARM.attributes
                0x0000000000000257       0x39 Drivers/STM32F7xx_HAL_Driver/Src/stm32f7xx_hal_pwr_ex.o
 .ARM.attributes
                0x0000000000000290       0x39 Drivers/STM32F7xx_HAL_Driver/Src/stm32f7xx_hal_rcc.o
 .ARM.attributes
                0x00000000000002c9       0x39 Drivers/STM32F7xx_HAL_Driver/Src/stm32f7xx_hal_rcc_ex.o
 .ARM.attributes
                0x0000000000000302       0x39 Drivers/STM32F7xx_HAL_Driver/Src/stm32f7xx_hal_tim.o
 .ARM.attributes
                0x000000000000033b       0x39 Drivers/STM32F7xx_HAL_Driver/Src/stm32f7xx_hal_tim_ex.o
 .ARM.attributes
                0x0000000000000374       0x39 Drivers/STM32F7xx_HAL_Driver/Src/stm32f7xx_hal_uart.o
 .ARM.attributes
                0x00000000000003ad       0x39 Drivers/STM32F7xx_HAL_Driver/Src/stm32f7xx_ll_usb.o
 .ARM.attributes
                0x00000000000003e6       0x39 Middlewares/WELES/STM32_USB_Device_Library/Class/MIDI/Src/usbd_midi.o
 .ARM.attributes
                0x000000000000041f       0x39 Middlewares/WELES/STM32_USB_Device_Library/Core/Src/usbd_core.o
 .ARM.attributes
                0x0000000000000458       0x39 Middlewares/WELES/STM32_USB_Device_Library/Core/Src/usbd_ctlreq.o
 .ARM.attributes
                0x0000000000000491       0x39 Middlewares/WELES/STM32_USB_Device_Library/Core/Src/usbd_ioreq.o
 .ARM.attributes
                0x00000000000004ca       0x39 Src/adc.o
 .ARM.attributes
                0x0000000000000503       0x39 Src/fifo.o
 .ARM.attributes
                0x000000000000053c       0x39 Src/gfxsimulator.o
 .ARM.attributes
                0x0000000000000575       0x39 Src/gpio.o
 .ARM.attributes
                0x00000000000005ae       0x39 Src/i2c.o
 .ARM.attributes
                0x00000000000005e7       0x39 Src/main.o
 .ARM.attributes
                0x0000000000000620       0x39 Src/stm32f7xx_hal_msp.o
 .ARM.attributes
                0x0000000000000659       0x39 Src/stm32f7xx_it.o
 .ARM.attributes
                0x0000000000000692       0x39 Src/syscalls.o
 .ARM.attributes
                0x00000000000006cb       0x39 Src/system_stm32f7xx.o
 .ARM.attributes
                0x0000000000000704       0x39 Src/tim.o
 .ARM.attributes
                0x000000000000073d       0x39 Src/usart.o
 .ARM.attributes
                0x0000000000000776       0x39 Src/usb_device.o
 .ARM.attributes
                0x00000000000007af       0x39 Src/usbd_conf.o
 .ARM.attributes
                0x00000000000007e8       0x39 Src/usbd_desc.o
 .ARM.attributes
                0x0000000000000821       0x39 Src/usbd_midi_if.o
 .ARM.attributes
                0x000000000000085a       0x21 startup/startup_stm32f750xx.o
 .ARM.attributes
                0x000000000000087b       0x34 /home/dawid/.eclipse/com.st.stm32cube.ide.mcu.rcp.product_1.3.0_1935175002_linux_gtk_x86_64/plugins/com.st.stm32cube.ide.mcu.externaltools.gnu-tools-for-stm32.7-2018-q2-update.linux64_1.4.0.202007081208/tools/bin/../lib/gcc/arm-none-eabi/7.3.1/../../../../arm-none-eabi/lib/thumb/v7e-m/fpv4-sp/hard/libc_nano.a(lib_a-errno.o)
 .ARM.attributes
                0x00000000000008af       0x34 /home/dawid/.eclipse/com.st.stm32cube.ide.mcu.rcp.product_1.3.0_1935175002_linux_gtk_x86_64/plugins/com.st.stm32cube.ide.mcu.externaltools.gnu-tools-for-stm32.7-2018-q2-update.linux64_1.4.0.202007081208/tools/bin/../lib/gcc/arm-none-eabi/7.3.1/../../../../arm-none-eabi/lib/thumb/v7e-m/fpv4-sp/hard/libc_nano.a(lib_a-impure.o)
 .ARM.attributes
                0x00000000000008e3       0x34 /home/dawid/.eclipse/com.st.stm32cube.ide.mcu.rcp.product_1.3.0_1935175002_linux_gtk_x86_64/plugins/com.st.stm32cube.ide.mcu.externaltools.gnu-tools-for-stm32.7-2018-q2-update.linux64_1.4.0.202007081208/tools/bin/../lib/gcc/arm-none-eabi/7.3.1/../../../../arm-none-eabi/lib/thumb/v7e-m/fpv4-sp/hard/libc_nano.a(lib_a-init.o)
 .ARM.attributes
                0x0000000000000917       0x34 /home/dawid/.eclipse/com.st.stm32cube.ide.mcu.rcp.product_1.3.0_1935175002_linux_gtk_x86_64/plugins/com.st.stm32cube.ide.mcu.externaltools.gnu-tools-for-stm32.7-2018-q2-update.linux64_1.4.0.202007081208/tools/bin/../lib/gcc/arm-none-eabi/7.3.1/../../../../arm-none-eabi/lib/thumb/v7e-m/fpv4-sp/hard/libc_nano.a(lib_a-malloc.o)
 .ARM.attributes
                0x000000000000094b       0x34 /home/dawid/.eclipse/com.st.stm32cube.ide.mcu.rcp.product_1.3.0_1935175002_linux_gtk_x86_64/plugins/com.st.stm32cube.ide.mcu.externaltools.gnu-tools-for-stm32.7-2018-q2-update.linux64_1.4.0.202007081208/tools/bin/../lib/gcc/arm-none-eabi/7.3.1/../../../../arm-none-eabi/lib/thumb/v7e-m/fpv4-sp/hard/libc_nano.a(lib_a-memset.o)
 .ARM.attributes
                0x000000000000097f       0x34 /home/dawid/.eclipse/com.st.stm32cube.ide.mcu.rcp.product_1.3.0_1935175002_linux_gtk_x86_64/plugins/com.st.stm32cube.ide.mcu.externaltools.gnu-tools-for-stm32.7-2018-q2-update.linux64_1.4.0.202007081208/tools/bin/../lib/gcc/arm-none-eabi/7.3.1/../../../../arm-none-eabi/lib/thumb/v7e-m/fpv4-sp/hard/libc_nano.a(lib_a-nano-freer.o)
 .ARM.attributes
                0x00000000000009b3       0x34 /home/dawid/.eclipse/com.st.stm32cube.ide.mcu.rcp.product_1.3.0_1935175002_linux_gtk_x86_64/plugins/com.st.stm32cube.ide.mcu.externaltools.gnu-tools-for-stm32.7-2018-q2-update.linux64_1.4.0.202007081208/tools/bin/../lib/gcc/arm-none-eabi/7.3.1/../../../../arm-none-eabi/lib/thumb/v7e-m/fpv4-sp/hard/libc_nano.a(lib_a-nano-mallocr.o)
 .ARM.attributes
                0x00000000000009e7       0x34 /home/dawid/.eclipse/com.st.stm32cube.ide.mcu.rcp.product_1.3.0_1935175002_linux_gtk_x86_64/plugins/com.st.stm32cube.ide.mcu.externaltools.gnu-tools-for-stm32.7-2018-q2-update.linux64_1.4.0.202007081208/tools/bin/../lib/gcc/arm-none-eabi/7.3.1/../../../../arm-none-eabi/lib/thumb/v7e-m/fpv4-sp/hard/libc_nano.a(lib_a-sbrkr.o)
 .ARM.attributes
                0x0000000000000a1b       0x34 /home/dawid/.eclipse/com.st.stm32cube.ide.mcu.rcp.product_1.3.0_1935175002_linux_gtk_x86_64/plugins/com.st.stm32cube.ide.mcu.externaltools.gnu-tools-for-stm32.7-2018-q2-update.linux64_1.4.0.202007081208/tools/bin/../lib/gcc/arm-none-eabi/7.3.1/../../../../arm-none-eabi/lib/thumb/v7e-m/fpv4-sp/hard/libc_nano.a(lib_a-mlock.o)
 .ARM.attributes
                0x0000000000000a4f       0x34 /home/dawid/.eclipse/com.st.stm32cube.ide.mcu.rcp.product_1.3.0_1935175002_linux_gtk_x86_64/plugins/com.st.stm32cube.ide.mcu.externaltools.gnu-tools-for-stm32.7-2018-q2-update.linux64_1.4.0.202007081208/tools/bin/../lib/gcc/arm-none-eabi/7.3.1/../../../../arm-none-eabi/lib/thumb/v7e-m/fpv4-sp/hard/libc_nano.a(lib_a-reent.o)
 .ARM.attributes
                0x0000000000000a83       0x22 /home/dawid/.eclipse/com.st.stm32cube.ide.mcu.rcp.product_1.3.0_1935175002_linux_gtk_x86_64/plugins/com.st.stm32cube.ide.mcu.externaltools.gnu-tools-for-stm32.7-2018-q2-update.linux64_1.4.0.202007081208/tools/bin/../lib/gcc/arm-none-eabi/7.3.1/thumb/v7e-m/fpv4-sp/hard/libgcc.a(_aeabi_uldivmod.o)
 .ARM.attributes
                0x0000000000000aa5       0x34 /home/dawid/.eclipse/com.st.stm32cube.ide.mcu.rcp.product_1.3.0_1935175002_linux_gtk_x86_64/plugins/com.st.stm32cube.ide.mcu.externaltools.gnu-tools-for-stm32.7-2018-q2-update.linux64_1.4.0.202007081208/tools/bin/../lib/gcc/arm-none-eabi/7.3.1/thumb/v7e-m/fpv4-sp/hard/libgcc.a(_udivmoddi4.o)
 .ARM.attributes
                0x0000000000000ad9       0x22 /home/dawid/.eclipse/com.st.stm32cube.ide.mcu.rcp.product_1.3.0_1935175002_linux_gtk_x86_64/plugins/com.st.stm32cube.ide.mcu.externaltools.gnu-tools-for-stm32.7-2018-q2-update.linux64_1.4.0.202007081208/tools/bin/../lib/gcc/arm-none-eabi/7.3.1/thumb/v7e-m/fpv4-sp/hard/libgcc.a(_dvmd_tls.o)
 .ARM.attributes
                0x0000000000000afb       0x22 /home/dawid/.eclipse/com.st.stm32cube.ide.mcu.rcp.product_1.3.0_1935175002_linux_gtk_x86_64/plugins/com.st.stm32cube.ide.mcu.externaltools.gnu-tools-for-stm32.7-2018-q2-update.linux64_1.4.0.202007081208/tools/bin/../lib/gcc/arm-none-eabi/7.3.1/thumb/v7e-m/fpv4-sp/hard/crtn.o
OUTPUT(MIDI-to-PWM-Controller.elf elf32-littlearm)

.debug_info     0x0000000000000000    0x30449
 .debug_info    0x0000000000000000      0xb0b Drivers/STM32F7xx_HAL_Driver/Src/stm32f7xx_hal.o
 .debug_info    0x0000000000000b0b      0xd9e Drivers/STM32F7xx_HAL_Driver/Src/stm32f7xx_hal_adc.o
 .debug_info    0x00000000000018a9     0x11ae Drivers/STM32F7xx_HAL_Driver/Src/stm32f7xx_hal_cortex.o
 .debug_info    0x0000000000002a57      0xb1e Drivers/STM32F7xx_HAL_Driver/Src/stm32f7xx_hal_dma.o
 .debug_info    0x0000000000003575      0x7f0 Drivers/STM32F7xx_HAL_Driver/Src/stm32f7xx_hal_gpio.o
 .debug_info    0x0000000000003d65     0x57f6 Drivers/STM32F7xx_HAL_Driver/Src/stm32f7xx_hal_i2c.o
 .debug_info    0x000000000000955b      0x73d Drivers/STM32F7xx_HAL_Driver/Src/stm32f7xx_hal_i2c_ex.o
 .debug_info    0x0000000000009c98     0x18ae Drivers/STM32F7xx_HAL_Driver/Src/stm32f7xx_hal_pcd.o
 .debug_info    0x000000000000b546      0x818 Drivers/STM32F7xx_HAL_Driver/Src/stm32f7xx_hal_pcd_ex.o
 .debug_info    0x000000000000bd5e      0xa34 Drivers/STM32F7xx_HAL_Driver/Src/stm32f7xx_hal_pwr_ex.o
 .debug_info    0x000000000000c792      0xbcb Drivers/STM32F7xx_HAL_Driver/Src/stm32f7xx_hal_rcc.o
 .debug_info    0x000000000000d35d      0x8a5 Drivers/STM32F7xx_HAL_Driver/Src/stm32f7xx_hal_rcc_ex.o
 .debug_info    0x000000000000dc02     0x40a0 Drivers/STM32F7xx_HAL_Driver/Src/stm32f7xx_hal_tim.o
 .debug_info    0x0000000000011ca2     0x15f7 Drivers/STM32F7xx_HAL_Driver/Src/stm32f7xx_hal_tim_ex.o
 .debug_info    0x0000000000013299     0x22bf Drivers/STM32F7xx_HAL_Driver/Src/stm32f7xx_hal_uart.o
 .debug_info    0x0000000000015558     0x1f54 Drivers/STM32F7xx_HAL_Driver/Src/stm32f7xx_ll_usb.o
 .debug_info    0x00000000000174ac     0x1694 Middlewares/WELES/STM32_USB_Device_Library/Class/MIDI/Src/usbd_midi.o
 .debug_info    0x0000000000018b40     0x15de Middlewares/WELES/STM32_USB_Device_Library/Core/Src/usbd_core.o
 .debug_info    0x000000000001a11e     0x179e Middlewares/WELES/STM32_USB_Device_Library/Core/Src/usbd_ctlreq.o
 .debug_info    0x000000000001b8bc     0x10de Middlewares/WELES/STM32_USB_Device_Library/Core/Src/usbd_ioreq.o
 .debug_info    0x000000000001c99a      0xb9f Src/adc.o
 .debug_info    0x000000000001d539      0x203 Src/fifo.o
 .debug_info    0x000000000001d73c      0x231 Src/gfxsimulator.o
 .debug_info    0x000000000001d96d      0x71c Src/gpio.o
 .debug_info    0x000000000001e089      0xf25 Src/i2c.o
 .debug_info    0x000000000001efae     0x4ee6 Src/main.o
 .debug_info    0x0000000000023e94      0x434 Src/stm32f7xx_hal_msp.o
 .debug_info    0x00000000000242c8      0xf7e Src/stm32f7xx_it.o
 .debug_info    0x0000000000025246      0xfe9 Src/syscalls.o
 .debug_info    0x000000000002622f      0x742 Src/system_stm32f7xx.o
 .debug_info    0x0000000000026971     0x3328 Src/tim.o
 .debug_info    0x0000000000029c99      0xe58 Src/usart.o
 .debug_info    0x000000000002aaf1      0xfe1 Src/usb_device.o
 .debug_info    0x000000000002bad2     0x27c6 Src/usbd_conf.o
 .debug_info    0x000000000002e298      0xfc4 Src/usbd_desc.o
 .debug_info    0x000000000002f25c     0x11cb Src/usbd_midi_if.o
 .debug_info    0x0000000000030427       0x22 startup/startup_stm32f750xx.o

.debug_abbrev   0x0000000000000000     0x5ab5
 .debug_abbrev  0x0000000000000000      0x240 Drivers/STM32F7xx_HAL_Driver/Src/stm32f7xx_hal.o
 .debug_abbrev  0x0000000000000240      0x298 Drivers/STM32F7xx_HAL_Driver/Src/stm32f7xx_hal_adc.o
 .debug_abbrev  0x00000000000004d8      0x317 Drivers/STM32F7xx_HAL_Driver/Src/stm32f7xx_hal_cortex.o
 .debug_abbrev  0x00000000000007ef      0x324 Drivers/STM32F7xx_HAL_Driver/Src/stm32f7xx_hal_dma.o
 .debug_abbrev  0x0000000000000b13      0x203 Drivers/STM32F7xx_HAL_Driver/Src/stm32f7xx_hal_gpio.o
 .debug_abbrev  0x0000000000000d16      0x3fc Drivers/STM32F7xx_HAL_Driver/Src/stm32f7xx_hal_i2c.o
 .debug_abbrev  0x0000000000001112      0x178 Drivers/STM32F7xx_HAL_Driver/Src/stm32f7xx_hal_i2c_ex.o
 .debug_abbrev  0x000000000000128a      0x364 Drivers/STM32F7xx_HAL_Driver/Src/stm32f7xx_hal_pcd.o
 .debug_abbrev  0x00000000000015ee      0x1f2 Drivers/STM32F7xx_HAL_Driver/Src/stm32f7xx_hal_pcd_ex.o
 .debug_abbrev  0x00000000000017e0      0x1be Drivers/STM32F7xx_HAL_Driver/Src/stm32f7xx_hal_pwr_ex.o
 .debug_abbrev  0x000000000000199e      0x2c5 Drivers/STM32F7xx_HAL_Driver/Src/stm32f7xx_hal_rcc.o
 .debug_abbrev  0x0000000000001c63      0x1cd Drivers/STM32F7xx_HAL_Driver/Src/stm32f7xx_hal_rcc_ex.o
 .debug_abbrev  0x0000000000001e30      0x33a Drivers/STM32F7xx_HAL_Driver/Src/stm32f7xx_hal_tim.o
 .debug_abbrev  0x000000000000216a      0x300 Drivers/STM32F7xx_HAL_Driver/Src/stm32f7xx_hal_tim_ex.o
 .debug_abbrev  0x000000000000246a      0x34b Drivers/STM32F7xx_HAL_Driver/Src/stm32f7xx_hal_uart.o
 .debug_abbrev  0x00000000000027b5      0x3a4 Drivers/STM32F7xx_HAL_Driver/Src/stm32f7xx_ll_usb.o
 .debug_abbrev  0x0000000000002b59      0x2f6 Middlewares/WELES/STM32_USB_Device_Library/Class/MIDI/Src/usbd_midi.o
 .debug_abbrev  0x0000000000002e4f      0x300 Middlewares/WELES/STM32_USB_Device_Library/Core/Src/usbd_core.o
 .debug_abbrev  0x000000000000314f      0x3a6 Middlewares/WELES/STM32_USB_Device_Library/Core/Src/usbd_ctlreq.o
 .debug_abbrev  0x00000000000034f5      0x1fc Middlewares/WELES/STM32_USB_Device_Library/Core/Src/usbd_ioreq.o
 .debug_abbrev  0x00000000000036f1      0x1d5 Src/adc.o
 .debug_abbrev  0x00000000000038c6      0x119 Src/fifo.o
 .debug_abbrev  0x00000000000039df       0xd3 Src/gfxsimulator.o
 .debug_abbrev  0x0000000000003ab2      0x174 Src/gpio.o
 .debug_abbrev  0x0000000000003c26      0x241 Src/i2c.o
 .debug_abbrev  0x0000000000003e67      0x4f1 Src/main.o
 .debug_abbrev  0x0000000000004358      0x12c Src/stm32f7xx_hal_msp.o
 .debug_abbrev  0x0000000000004484      0x203 Src/stm32f7xx_it.o
 .debug_abbrev  0x0000000000004687      0x2dc Src/syscalls.o
 .debug_abbrev  0x0000000000004963      0x147 Src/system_stm32f7xx.o
 .debug_abbrev  0x0000000000004aaa      0x2ec Src/tim.o
 .debug_abbrev  0x0000000000004d96      0x1e1 Src/usart.o
 .debug_abbrev  0x0000000000004f77      0x203 Src/usb_device.o
 .debug_abbrev  0x000000000000517a      0x378 Src/usbd_conf.o
 .debug_abbrev  0x00000000000054f2      0x2c9 Src/usbd_desc.o
 .debug_abbrev  0x00000000000057bb      0x2e8 Src/usbd_midi_if.o
 .debug_abbrev  0x0000000000005aa3       0x12 startup/startup_stm32f750xx.o

.debug_loc      0x0000000000000000    0x1cbfa
 .debug_loc     0x0000000000000000      0x10d Drivers/STM32F7xx_HAL_Driver/Src/stm32f7xx_hal.o
 .debug_loc     0x000000000000010d      0x88a Drivers/STM32F7xx_HAL_Driver/Src/stm32f7xx_hal_adc.o
 .debug_loc     0x0000000000000997      0x5a2 Drivers/STM32F7xx_HAL_Driver/Src/stm32f7xx_hal_cortex.o
 .debug_loc     0x0000000000000f39      0x9a3 Drivers/STM32F7xx_HAL_Driver/Src/stm32f7xx_hal_dma.o
 .debug_loc     0x00000000000018dc      0x44a Drivers/STM32F7xx_HAL_Driver/Src/stm32f7xx_hal_gpio.o
 .debug_loc     0x0000000000001d26     0x774d Drivers/STM32F7xx_HAL_Driver/Src/stm32f7xx_hal_i2c.o
 .debug_loc     0x0000000000009473      0x109 Drivers/STM32F7xx_HAL_Driver/Src/stm32f7xx_hal_i2c_ex.o
 .debug_loc     0x000000000000957c      0xf2c Drivers/STM32F7xx_HAL_Driver/Src/stm32f7xx_hal_pcd.o
 .debug_loc     0x000000000000a4a8      0x148 Drivers/STM32F7xx_HAL_Driver/Src/stm32f7xx_hal_pcd_ex.o
 .debug_loc     0x000000000000a5f0      0x257 Drivers/STM32F7xx_HAL_Driver/Src/stm32f7xx_hal_pwr_ex.o
 .debug_loc     0x000000000000a847      0x57a Drivers/STM32F7xx_HAL_Driver/Src/stm32f7xx_hal_rcc.o
 .debug_loc     0x000000000000adc1      0x64a Drivers/STM32F7xx_HAL_Driver/Src/stm32f7xx_hal_rcc_ex.o
 .debug_loc     0x000000000000b40b     0x5819 Drivers/STM32F7xx_HAL_Driver/Src/stm32f7xx_hal_tim.o
 .debug_loc     0x0000000000010c24     0x11f8 Drivers/STM32F7xx_HAL_Driver/Src/stm32f7xx_hal_tim_ex.o
 .debug_loc     0x0000000000011e1c     0x1ea1 Drivers/STM32F7xx_HAL_Driver/Src/stm32f7xx_hal_uart.o
 .debug_loc     0x0000000000013cbd     0x26e3 Drivers/STM32F7xx_HAL_Driver/Src/stm32f7xx_ll_usb.o
 .debug_loc     0x00000000000163a0      0x5cb Middlewares/WELES/STM32_USB_Device_Library/Class/MIDI/Src/usbd_midi.o
 .debug_loc     0x000000000001696b      0x7cb Middlewares/WELES/STM32_USB_Device_Library/Core/Src/usbd_core.o
 .debug_loc     0x0000000000017136      0xc25 Middlewares/WELES/STM32_USB_Device_Library/Core/Src/usbd_ctlreq.o
 .debug_loc     0x0000000000017d5b      0x23c Middlewares/WELES/STM32_USB_Device_Library/Core/Src/usbd_ioreq.o
 .debug_loc     0x0000000000017f97       0x42 Src/adc.o
 .debug_loc     0x0000000000017fd9      0x126 Src/fifo.o
 .debug_loc     0x00000000000180ff       0xd8 Src/i2c.o
 .debug_loc     0x00000000000181d7     0x30ee Src/main.o
 .debug_loc     0x000000000001b2c5      0x3b7 Src/syscalls.o
 .debug_loc     0x000000000001b67c      0x14c Src/system_stm32f7xx.o
 .debug_loc     0x000000000001b7c8      0x355 Src/tim.o
 .debug_loc     0x000000000001bb1d       0x42 Src/usart.o
 .debug_loc     0x000000000001bb5f      0xae7 Src/usbd_conf.o
 .debug_loc     0x000000000001c646      0x4a1 Src/usbd_desc.o
 .debug_loc     0x000000000001cae7      0x113 Src/usbd_midi_if.o

.debug_aranges  0x0000000000000000     0x1578
 .debug_aranges
                0x0000000000000000       0xf8 Drivers/STM32F7xx_HAL_Driver/Src/stm32f7xx_hal.o
 .debug_aranges
                0x00000000000000f8       0xb8 Drivers/STM32F7xx_HAL_Driver/Src/stm32f7xx_hal_adc.o
 .debug_aranges
                0x00000000000001b0       0xa8 Drivers/STM32F7xx_HAL_Driver/Src/stm32f7xx_hal_cortex.o
 .debug_aranges
                0x0000000000000258       0x78 Drivers/STM32F7xx_HAL_Driver/Src/stm32f7xx_hal_dma.o
 .debug_aranges