Archive member included to satisfy reference by file (symbol)

/home/dawid/.eclipse/com.st.stm32cube.ide.mcu.rcp.product_1.3.0_1935175002_linux_gtk_x86_64/plugins/com.st.stm32cube.ide.mcu.externaltools.gnu-tools-for-stm32.7-2018-q2-update.linux64_1.4.0.202007081208/tools/bin/../lib/gcc/arm-none-eabi/7.3.1/../../../../arm-none-eabi/lib/thumb/v7e-m/fpv4-sp/hard/libc_nano.a(lib_a-errno.o)
                              Src/syscalls.o (__errno)
/home/dawid/.eclipse/com.st.stm32cube.ide.mcu.rcp.product_1.3.0_1935175002_linux_gtk_x86_64/plugins/com.st.stm32cube.ide.mcu.externaltools.gnu-tools-for-stm32.7-2018-q2-update.linux64_1.4.0.202007081208/tools/bin/../lib/gcc/arm-none-eabi/7.3.1/../../../../arm-none-eabi/lib/thumb/v7e-m/fpv4-sp/hard/libc_nano.a(lib_a-exit.o)
                              /home/dawid/.eclipse/com.st.stm32cube.ide.mcu.rcp.product_1.3.0_1935175002_linux_gtk_x86_64/plugins/com.st.stm32cube.ide.mcu.externaltools.gnu-tools-for-stm32.7-2018-q2-update.linux64_1.4.0.202007081208/tools/bin/../lib/gcc/arm-none-eabi/7.3.1/../../../../arm-none-eabi/lib/thumb/v7e-m/fpv4-sp/hard/crt0.o (exit)
/home/dawid/.eclipse/com.st.stm32cube.ide.mcu.rcp.product_1.3.0_1935175002_linux_gtk_x86_64/plugins/com.st.stm32cube.ide.mcu.externaltools.gnu-tools-for-stm32.7-2018-q2-update.linux64_1.4.0.202007081208/tools/bin/../lib/gcc/arm-none-eabi/7.3.1/../../../../arm-none-eabi/lib/thumb/v7e-m/fpv4-sp/hard/libc_nano.a(lib_a-impure.o)
                              /home/dawid/.eclipse/com.st.stm32cube.ide.mcu.rcp.product_1.3.0_1935175002_linux_gtk_x86_64/plugins/com.st.stm32cube.ide.mcu.externaltools.gnu-tools-for-stm32.7-2018-q2-update.linux64_1.4.0.202007081208/tools/bin/../lib/gcc/arm-none-eabi/7.3.1/../../../../arm-none-eabi/lib/thumb/v7e-m/fpv4-sp/hard/libc_nano.a(lib_a-exit.o) (_global_impure_ptr)
/home/dawid/.eclipse/com.st.stm32cube.ide.mcu.rcp.product_1.3.0_1935175002_linux_gtk_x86_64/plugins/com.st.stm32cube.ide.mcu.externaltools.gnu-tools-for-stm32.7-2018-q2-update.linux64_1.4.0.202007081208/tools/bin/../lib/gcc/arm-none-eabi/7.3.1/../../../../arm-none-eabi/lib/thumb/v7e-m/fpv4-sp/hard/libc_nano.a(lib_a-init.o)
                              /home/dawid/.eclipse/com.st.stm32cube.ide.mcu.rcp.product_1.3.0_1935175002_linux_gtk_x86_64/plugins/com.st.stm32cube.ide.mcu.externaltools.gnu-tools-for-stm32.7-2018-q2-update.linux64_1.4.0.202007081208/tools/bin/../lib/gcc/arm-none-eabi/7.3.1/../../../../arm-none-eabi/lib/thumb/v7e-m/fpv4-sp/hard/crt0.o (__libc_init_array)
/home/dawid/.eclipse/com.st.stm32cube.ide.mcu.rcp.product_1.3.0_1935175002_linux_gtk_x86_64/plugins/com.st.stm32cube.ide.mcu.externaltools.gnu-tools-for-stm32.7-2018-q2-update.linux64_1.4.0.202007081208/tools/bin/../lib/gcc/arm-none-eabi/7.3.1/../../../../arm-none-eabi/lib/thumb/v7e-m/fpv4-sp/hard/libc_nano.a(lib_a-malloc.o)
                              Middlewares/WELES/STM32_USB_Device_Library/Class/MIDI/Src/usbd_midi.o (malloc)
/home/dawid/.eclipse/com.st.stm32cube.ide.mcu.rcp.product_1.3.0_1935175002_linux_gtk_x86_64/plugins/com.st.stm32cube.ide.mcu.externaltools.gnu-tools-for-stm32.7-2018-q2-update.linux64_1.4.0.202007081208/tools/bin/../lib/gcc/arm-none-eabi/7.3.1/../../../../arm-none-eabi/lib/thumb/v7e-m/fpv4-sp/hard/libc_nano.a(lib_a-memset.o)
                              /home/dawid/.eclipse/com.st.stm32cube.ide.mcu.rcp.product_1.3.0_1935175002_linux_gtk_x86_64/plugins/com.st.stm32cube.ide.mcu.externaltools.gnu-tools-for-stm32.7-2018-q2-update.linux64_1.4.0.202007081208/tools/bin/../lib/gcc/arm-none-eabi/7.3.1/../../../../arm-none-eabi/lib/thumb/v7e-m/fpv4-sp/hard/crt0.o (memset)
/home/dawid/.eclipse/com.st.stm32cube.ide.mcu.rcp.product_1.3.0_1935175002_linux_gtk_x86_64/plugins/com.st.stm32cube.ide.mcu.externaltools.gnu-tools-for-stm32.7-2018-q2-update.linux64_1.4.0.202007081208/tools/bin/../lib/gcc/arm-none-eabi/7.3.1/../../../../arm-none-eabi/lib/thumb/v7e-m/fpv4-sp/hard/libc_nano.a(lib_a-nano-freer.o)
                              /home/dawid/.eclipse/com.st.stm32cube.ide.mcu.rcp.product_1.3.0_1935175002_linux_gtk_x86_64/plugins/com.st.stm32cube.ide.mcu.externaltools.gnu-tools-for-stm32.7-2018-q2-update.linux64_1.4.0.202007081208/tools/bin/../lib/gcc/arm-none-eabi/7.3.1/../../../../arm-none-eabi/lib/thumb/v7e-m/fpv4-sp/hard/libc_nano.a(lib_a-malloc.o) (_free_r)
/home/dawid/.eclipse/com.st.stm32cube.ide.mcu.rcp.product_1.3.0_1935175002_linux_gtk_x86_64/plugins/com.st.stm32cube.ide.mcu.externaltools.gnu-tools-for-stm32.7-2018-q2-update.linux64_1.4.0.202007081208/tools/bin/../lib/gcc/arm-none-eabi/7.3.1/../../../../arm-none-eabi/lib/thumb/v7e-m/fpv4-sp/hard/libc_nano.a(lib_a-nano-mallocr.o)
[...]
Memory Configuration

Name             Origin             Length             Attributes
RAM              0x0000000020000000 0x0000000000050000 xrw
FLASH            0x0000000008000000 0x0000000000010000 xr
*default*        0x0000000000000000 0xffffffffffffffff

Linker script and memory map

LOAD /home/dawid/.eclipse/com.st.stm32cube.ide.mcu.rcp.product_1.3.0_1935175002_linux_gtk_x86_64/plugins/com.st.stm32cube.ide.mcu.externaltools.gnu-tools-for-stm32.7-2018-q2-update.linux64_1.4.0.202007081208/tools/bin/../lib/gcc/arm-none-eabi/7.3.1/thumb/v7e-m/fpv4-sp/hard/crti.o
LOAD /home/dawid/.eclipse/com.st.stm32cube.ide.mcu.rcp.product_1.3.0_1935175002_linux_gtk_x86_64/plugins/com.st.stm32cube.ide.mcu.externaltools.gnu-tools-for-stm32.7-2018-q2-update.linux64_1.4.0.202007081208/tools/bin/../lib/gcc/arm-none-eabi/7.3.1/thumb/v7e-m/fpv4-sp/hard/crtbegin.o
LOAD /home/dawid/.eclipse/com.st.stm32cube.ide.mcu.rcp.product_1.3.0_1935175002_linux_gtk_x86_64/plugins/com.st.stm32cube.ide.mcu.externaltools.gnu-tools-for-stm32.7-2018-q2-update.linux64_1.4.0.202007081208/tools/bin/../lib/gcc/arm-none-eabi/7.3.1/../../../../arm-none-eabi/lib/thumb/v7e-m/fpv4-sp/hard/crt0.o
LOAD Drivers/STM32F7xx_HAL_Driver/Src/stm32f7xx_hal.o
LOAD Drivers/STM32F7xx_HAL_Driver/Src/stm32f7xx_hal_adc.o
LOAD Drivers/STM32F7xx_HAL_Driver/Src/stm32f7xx_hal_adc_ex.o
LOAD Drivers/STM32F7xx_HAL_Driver/Src/stm32f7xx_hal_cortex.o
LOAD Drivers/STM32F7xx_HAL_Driver/Src/stm32f7xx_hal_dma.o
LOAD Drivers/STM32F7xx_HAL_Driver/Src/stm32f7xx_hal_dma_ex.o
LOAD Drivers/STM32F7xx_HAL_Driver/Src/stm32f7xx_hal_exti.o
LOAD Drivers/STM32F7xx_HAL_Driver/Src/stm32f7xx_hal_flash.o
LOAD Drivers/STM32F7xx_HAL_Driver/Src/stm32f7xx_hal_flash_ex.o
LOAD Drivers/STM32F7xx_HAL_Driver/Src/stm32f7xx_hal_gpio.o
LOAD Drivers/STM32F7xx_HAL_Driver/Src/stm32f7xx_hal_i2c.o
LOAD Drivers/STM32F7xx_HAL_Driver/Src/stm32f7xx_hal_i2c_ex.o
LOAD Drivers/STM32F7xx_HAL_Driver/Src/stm32f7xx_hal_pcd.o
LOAD Drivers/STM32F7xx_HAL_Driver/Src/stm32f7xx_hal_pcd_ex.o
LOAD Drivers/STM32F7xx_HAL_Driver/Src/stm32f7xx_hal_pwr.o
LOAD Drivers/STM32F7xx_HAL_Driver/Src/stm32f7xx_hal_pwr_ex.o
LOAD Drivers/STM32F7xx_HAL_Driver/Src/stm32f7xx_hal_rcc.o
LOAD Drivers/STM32F7xx_HAL_Driver/Src/stm32f7xx_hal_rcc_ex.o
LOAD Drivers/STM32F7xx_HAL_Driver/Src/stm32f7xx_hal_tim.o
LOAD Drivers/STM32F7xx_HAL_Driver/Src/stm32f7xx_hal_tim_ex.o
LOAD Drivers/STM32F7xx_HAL_Driver/Src/stm32f7xx_hal_uart.o
LOAD Drivers/STM32F7xx_HAL_Driver/Src/stm32f7xx_ll_usb.o
LOAD Middlewares/WELES/STM32_USB_Device_Library/Class/MIDI/Src/usbd_midi.o
LOAD Middlewares/WELES/STM32_USB_Device_Library/Core/Src/usbd_core.o
LOAD Middlewares/WELES/STM32_USB_Device_Library/Core/Src/usbd_ctlreq.o
LOAD Middlewares/WELES/STM32_USB_Device_Library/Core/Src/usbd_ioreq.o
LOAD Src/adc.o
LOAD Src/fifo.o
LOAD Src/gfxsimulator.o
LOAD Src/gpio.o
LOAD Src/i2c.o
LOAD Src/main.o
LOAD Src/stm32f7xx_hal_msp.o
LOAD Src/stm32f7xx_it.o
LOAD Src/syscalls.o
LOAD Src/system_stm32f7xx.o
LOAD Src/tim.o
LOAD Src/usart.o
LOAD Src/usb_device.o
LOAD Src/usbd_conf.o
LOAD Src/usbd_desc.o
LOAD Src/usbd_midi_if.o
LOAD startup/startup_stm32f750xx.o
START GROUP
LOAD /home/dawid/.eclipse/com.st.stm32cube.ide.mcu.rcp.product_1.3.0_1935175002_linux_gtk_x86_64/plugins/com.st.stm32cube.ide.mcu.externaltools.gnu-tools-for-stm32.7-2018-q2-update.linux64_1.4.0.202007081208/tools/bin/../lib/gcc/arm-none-eabi/7.3.1/../../../../arm-none-eabi/lib/thumb/v7e-m/fpv4-sp/hard/libc_nano.a
LOAD /home/dawid/.eclipse/com.st.stm32cube.ide.mcu.rcp.product_1.3.0_1935175002_linux_gtk_x86_64/plugins/com.st.stm32cube.ide.mcu.externaltools.gnu-tools-for-stm32.7-2018-q2-update.linux64_1.4.0.202007081208/tools/bin/../lib/gcc/arm-none-eabi/7.3.1/../../../../arm-none-eabi/lib/thumb/v7e-m/fpv4-sp/hard/libm.a
END GROUP
START GROUP
LOAD /home/dawid/.eclipse/com.st.stm32cube.ide.mcu.rcp.product_1.3.0_1935175002_linux_gtk_x86_64/plugins/com.st.stm32cube.ide.mcu.externaltools.gnu-tools-for-stm32.7-2018-q2-update.linux64_1.4.0.202007081208/tools/bin/../lib/gcc/arm-none-eabi/7.3.1/thumb/v7e-m/fpv4-sp/hard/libgcc.a
LOAD /home/dawid/.eclipse/com.st.stm32cube.ide.mcu.rcp.product_1.3.0_1935175002_linux_gtk_x86_64/plugins/com.st.stm32cube.ide.mcu.externaltools.gnu-tools-for-stm32.7-2018-q2-update.linux64_1.4.0.202007081208/tools/bin/../lib/gcc/arm-none-eabi/7.3.1/../../../../arm-none-eabi/lib/thumb/v7e-m/fpv4-sp/hard/libc_nano.a
END GROUP
START GROUP
LOAD /home/dawid/.eclipse/com.st.stm32cube.ide.mcu.rcp.product_1.3.0_1935175002_linux_gtk_x86_64/plugins/com.st.stm32cube.ide.mcu.externaltools.gnu-tools-for-stm32.7-2018-q2-update.linux64_1.4.0.202007081208/tools/bin/../lib/gcc/arm-none-eabi/7.3.1/thumb/v7e-m/fpv4-sp/hard/libgcc.a
LOAD /home/dawid/.eclipse/com.st.stm32cube.ide.mcu.rcp.product_1.3.0_1935175002_linux_gtk_x86_64/plugins/com.st.stm32cube.ide.mcu.externaltools.gnu-tools-for-stm32.7-2018-q2-update.linux64_1.4.0.202007081208/tools/bin/../lib/gcc/arm-none-eabi/7.3.1/../../../../arm-none-eabi/lib/thumb/v7e-m/fpv4-sp/hard/libc_nano.a
LOAD /home/dawid/.eclipse/com.st.stm32cube.ide.mcu.rcp.product_1.3.0_1935175002_linux_gtk_x86_64/plugins/com.st.stm32cube.ide.mcu.externaltools.gnu-tools-for-stm32.7-2018-q2-update.linux64_1.4.0.202007081208/tools/bin/../lib/gcc/arm-none-eabi/7.3.1/../../../../arm-none-eabi/lib/thumb/v7e-m/fpv4-sp/hard/libnosys.a
END GROUP
START GROUP
LOAD /home/dawid/.eclipse/com.st.stm32cube.ide.mcu.rcp.product_1.3.0_1935175002_linux_gtk_x86_64/plugins/com.st.stm32cube.ide.mcu.externaltools.gnu-tools-for-stm32.7-2018-q2-update.linux64_1.4.0.202007081208/tools/bin/../lib/gcc/arm-none-eabi/7.3.1/thumb/v7e-m/fpv4-sp/hard/libgcc.a
LOAD /home/dawid/.eclipse/com.st.stm32cube.ide.mcu.rcp.product_1.3.0_1935175002_linux_gtk_x86_64/plugins/com.st.stm32cube.ide.mcu.externaltools.gnu-tools-for-stm32.7-2018-q2-update.linux64_1.4.0.202007081208/tools/bin/../lib/gcc/arm-none-eabi/7.3.1/../../../../arm-none-eabi/lib/thumb/v7e-m/fpv4-sp/hard/libc_nano.a
LOAD /home/dawid/.eclipse/com.st.stm32cube.ide.mcu.rcp.product_1.3.0_1935175002_linux_gtk_x86_64/plugins/com.st.stm32cube.ide.mcu.externaltools.gnu-tools-for-stm32.7-2018-q2-update.linux64_1.4.0.202007081208/tools/bin/../lib/gcc/arm-none-eabi/7.3.1/../../../../arm-none-eabi/lib/thumb/v7e-m/fpv4-sp/hard/libnosys.a
END GROUP
LOAD /home/dawid/.eclipse/com.st.stm32cube.ide.mcu.rcp.product_1.3.0_1935175002_linux_gtk_x86_64/plugins/com.st.stm32cube.ide.mcu.externaltools.gnu-tools-for-stm32.7-2018-q2-update.linux64_1.4.0.202007081208/tools/bin/../lib/gcc/arm-none-eabi/7.3.1/thumb/v7e-m/fpv4-sp/hard/crtend.o
LOAD /home/dawid/.eclipse/com.st.stm32cube.ide.mcu.rcp.product_1.3.0_1935175002_linux_gtk_x86_64/plugins/com.st.stm32cube.ide.mcu.externaltools.gnu-tools-for-stm32.7-2018-q2-update.linux64_1.4.0.202007081208/tools/bin/../lib/gcc/arm-none-eabi/7.3.1/thumb/v7e-m/fpv4-sp/hard/crtn.o
                0x0000000020050000                _estack = 0x20050000
                0x0000000000000200                _Min_Heap_Size = 0x200
                0x0000000000000400                _Min_Stack_Size = 0x400

.isr_vector     0x0000000008000000      0x1c8
                0x0000000008000000                . = ALIGN (0x4)
 *(.isr_vector)
 .isr_vector    0x0000000008000000      0x1c8 startup/startup_stm32f750xx.o
                0x0000000008000000                g_pfnVectors
                0x00000000080001c8                . = ALIGN (0x4)

.text           0x00000000080001c8     0x7a98
                0x00000000080001c8                . = ALIGN (0x4)
 *(.text)
 .text          0x00000000080001c8       0x40 /home/dawid/.eclipse/com.st.stm32cube.ide.mcu.rcp.product_1.3.0_1935175002_linux_gtk_x86_64/plugins/com.st.stm32cube.ide.mcu.externaltools.gnu-tools-for-stm32.7-2018-q2-update.linux64_1.4.0.202007081208/tools/bin/../lib/gcc/arm-none-eabi/7.3.1/thumb/v7e-m/fpv4-sp/hard/crtbegin.o
 .text          0x0000000008000208       0x30 /home/dawid/.eclipse/com.st.stm32cube.ide.mcu.rcp.product_1.3.0_1935175002_linux_gtk_x86_64/plugins/com.st.stm32cube.ide.mcu.externaltools.gnu-tools-for-stm32.7-2018-q2-update.linux64_1.4.0.202007081208/tools/bin/../lib/gcc/arm-none-eabi/7.3.1/thumb/v7e-m/fpv4-sp/hard/libgcc.a(_aeabi_uldivmod.o)
                0x0000000008000208                __aeabi_uldivmod
 .text          0x0000000008000238      0x2cc /home/dawid/.eclipse/com.st.stm32cube.ide.mcu.rcp.product_1.3.0_1935175002_linux_gtk_x86_64/plugins/com.st.stm32cube.ide.mcu.externaltools.gnu-tools-for-stm32.7-2018-q2-update.linux64_1.4.0.202007081208/tools/bin/../lib/gcc/arm-none-eabi/7.3.1/thumb/v7e-m/fpv4-sp/hard/libgcc.a(_udivmoddi4.o)
                0x0000000008000238                __udivmoddi4
 .text          0x0000000008000504        0x4 /home/dawid/.eclipse/com.st.stm32cube.ide.mcu.rcp.product_1.3.0_1935175002_linux_gtk_x86_64/plugins/com.st.stm32cube.ide.mcu.externaltools.gnu-tools-for-stm32.7-2018-q2-update.linux64_1.4.0.202007081208/tools/bin/../lib/gcc/arm-none-eabi/7.3.1/thumb/v7e-m/fpv4-sp/hard/libgcc.a(_dvmd_tls.o)
                0x0000000008000504                __aeabi_ldiv0
                0x0000000008000504                __aeabi_idiv0
 *(.text*)
 .text.HAL_InitTick
                0x0000000008000508       0x40 Drivers/STM32F7xx_HAL_Driver/Src/stm32f7xx_hal.o
                0x0000000008000508                HAL_InitTick
 .text.HAL_Init
                0x0000000008000548       0x24 Drivers/STM32F7xx_HAL_Driver/Src/stm32f7xx_hal.o
                0x0000000008000548                HAL_Init
 .text.HAL_IncTick
                0x000000000800056c       0x18 Drivers/STM32F7xx_HAL_Driver/Src/stm32f7xx_hal.o
                0x000000000800056c                HAL_IncTick
 .text.HAL_GetTick
                0x0000000008000584        0xc Drivers/STM32F7xx_HAL_Driver/Src/stm32f7xx_hal.o
                0x0000000008000584                HAL_GetTick
 .text.HAL_Delay
                0x0000000008000590       0x24 Drivers/STM32F7xx_HAL_Driver/Src/stm32f7xx_hal.o
                0x0000000008000590                HAL_Delay
 .text.HAL_ADC_Init
                0x00000000080005b4      0x16c Drivers/STM32F7xx_HAL_Driver/Src/stm32f7xx_hal_adc.o
                0x00000000080005b4                HAL_ADC_Init
 .text.HAL_ADC_Start
                0x0000000008000720      0x114 Drivers/STM32F7xx_HAL_Driver/Src/stm32f7xx_hal_adc.o
                0x0000000008000720                HAL_ADC_Start
 .text.HAL_ADC_PollForConversion
                0x0000000008000834       0xa0 Drivers/STM32F7xx_HAL_Driver/Src/stm32f7xx_hal_adc.o
                0x0000000008000834                HAL_ADC_PollForConversion
 .text.HAL_ADC_GetValue
                0x00000000080008d4        0x8 Drivers/STM32F7xx_HAL_Driver/Src/stm32f7xx_hal_adc.o
                0x00000000080008d4                HAL_ADC_GetValue
 .text.HAL_ADC_ConfigChannel
                0x00000000080008dc      0x168 Drivers/STM32F7xx_HAL_Driver/Src/stm32f7xx_hal_adc.o
                0x00000000080008dc                HAL_ADC_ConfigChannel
 .text.HAL_NVIC_SetPriorityGrouping
                0x0000000008000a44       0x28 Drivers/STM32F7xx_HAL_Driver/Src/stm32f7xx_hal_cortex.o
                0x0000000008000a44                HAL_NVIC_SetPriorityGrouping
 .text.HAL_NVIC_SetPriority
                0x0000000008000a6c       0x6c Drivers/STM32F7xx_HAL_Driver/Src/stm32f7xx_hal_cortex.o
                0x0000000008000a6c                HAL_NVIC_SetPriority
 .text.HAL_NVIC_EnableIRQ
                0x0000000008000ad8       0x1c Drivers/STM32F7xx_HAL_Driver/Src/stm32f7xx_hal_cortex.o
                0x0000000008000ad8                HAL_NVIC_EnableIRQ
 .text.HAL_SYSTICK_Config
                0x0000000008000af4       0x30 Drivers/STM32F7xx_HAL_Driver/Src/stm32f7xx_hal_cortex.o
                0x0000000008000af4                HAL_SYSTICK_Config
 .text.HAL_DMA_Abort_IT
                0x0000000008000b24       0x28 Drivers/STM32F7xx_HAL_Driver/Src/stm32f7xx_hal_dma.o
                0x0000000008000b24                HAL_DMA_Abort_IT
 .text.HAL_GPIO_Init
                0x0000000008000b4c      0x23c Drivers/STM32F7xx_HAL_Driver/Src/stm32f7xx_hal_gpio.o
                0x0000000008000b4c                HAL_GPIO_Init
 .text.HAL_GPIO_ReadPin
                0x0000000008000d88        0xc Drivers/STM32F7xx_HAL_Driver/Src/stm32f7xx_hal_gpio.o
                0x0000000008000d88                HAL_GPIO_ReadPin
 .text.HAL_GPIO_WritePin
                0x0000000008000d94        0x8 Drivers/STM32F7xx_HAL_Driver/Src/stm32f7xx_hal_gpio.o
                0x0000000008000d94                HAL_GPIO_WritePin
 .text.I2C_IsAcknowledgeFailed.part.1
                0x0000000008000d9c       0x88 Drivers/STM32F7xx_HAL_Driver/Src/stm32f7xx_hal_i2c.o
 .text.I2C_WaitOnTXISFlagUntilTimeout
                0x0000000008000e24       0x5c Drivers/STM32F7xx_HAL_Driver/Src/stm32f7xx_hal_i2c.o
 .text.I2C_WaitOnSTOPFlagUntilTimeout
                0x0000000008000e80       0x54 Drivers/STM32F7xx_HAL_Driver/Src/stm32f7xx_hal_i2c.o
 .text.I2C_WaitOnFlagUntilTimeout
                0x0000000008000ed4       0x5c Drivers/STM32F7xx_HAL_Driver/Src/stm32f7xx_hal_i2c.o
 .text.HAL_I2C_Init
                0x0000000008000f30       0xa8 Drivers/STM32F7xx_HAL_Driver/Src/stm32f7xx_hal_i2c.o
                0x0000000008000f30                HAL_I2C_Init
 .text.HAL_I2C_Master_Transmit
                0x0000000008000fd8      0x174 Drivers/STM32F7xx_HAL_Driver/Src/stm32f7xx_hal_i2c.o
                0x0000000008000fd8                HAL_I2C_Master_Transmit
 .text.HAL_I2CEx_ConfigAnalogFilter
                0x000000000800114c       0x54 Drivers/STM32F7xx_HAL_Driver/Src/stm32f7xx_hal_i2c_ex.o
                0x000000000800114c                HAL_I2CEx_ConfigAnalogFilter
 .text.HAL_I2CEx_ConfigDigitalFilter
                0x00000000080011a0       0x54 Drivers/STM32F7xx_HAL_Driver/Src/stm32f7xx_hal_i2c_ex.o
                0x00000000080011a0                HAL_I2CEx_ConfigDigitalFilter
 .text.HAL_PCD_Init
                0x00000000080011f4      0x124 Drivers/STM32F7xx_HAL_Driver/Src/stm32f7xx_hal_pcd.o
                0x00000000080011f4                HAL_PCD_Init
 .text.HAL_PCD_Start
                0x0000000008001318       0x2c Drivers/STM32F7xx_HAL_Driver/Src/stm32f7xx_hal_pcd.o
                0x0000000008001318                HAL_PCD_Start
 .text.HAL_PCD_IRQHandler
                0x0000000008001344      0x714 Drivers/STM32F7xx_HAL_Driver/Src/stm32f7xx_hal_pcd.o
                0x0000000008001344                HAL_PCD_IRQHandler
 .text.HAL_PCD_SetAddress
                0x0000000008001a58       0x28 Drivers/STM32F7xx_HAL_Driver/Src/stm32f7xx_hal_pcd.o
                0x0000000008001a58                HAL_PCD_SetAddress
 .text.HAL_PCD_EP_Open
                0x0000000008001a80       0x74 Drivers/STM32F7xx_HAL_Driver/Src/stm32f7xx_hal_pcd.o
                0x0000000008001a80                HAL_PCD_EP_Open
 .text.HAL_PCD_EP_Close
                0x0000000008001af4       0x68 Drivers/STM32F7xx_HAL_Driver/Src/stm32f7xx_hal_pcd.o
                0x0000000008001af4                HAL_PCD_EP_Close
 .text.HAL_PCD_EP_Receive
                0x0000000008001b5c       0x50 Drivers/STM32F7xx_HAL_Driver/Src/stm32f7xx_hal_pcd.o
                0x0000000008001b5c                HAL_PCD_EP_Receive
 .text.HAL_PCD_EP_GetRxCount
                0x0000000008001bac       0x14 Drivers/STM32F7xx_HAL_Driver/Src/stm32f7xx_hal_pcd.o
                0x0000000008001bac                HAL_PCD_EP_GetRxCount
 .text.HAL_PCD_EP_Transmit
                0x0000000008001bc0       0x48 Drivers/STM32F7xx_HAL_Driver/Src/stm32f7xx_hal_pcd.o
                0x0000000008001bc0                HAL_PCD_EP_Transmit
 .text.HAL_PCD_EP_SetStall
                0x0000000008001c08       0x88 Drivers/STM32F7xx_HAL_Driver/Src/stm32f7xx_hal_pcd.o
                0x0000000008001c08                HAL_PCD_EP_SetStall
 .text.HAL_PCD_EP_ClrStall
                0x0000000008001c90       0x78 Drivers/STM32F7xx_HAL_Driver/Src/stm32f7xx_hal_pcd.o
                0x0000000008001c90                HAL_PCD_EP_ClrStall
 .text.HAL_PCDEx_SetTxFiFo
                0x0000000008001d08       0x48 Drivers/STM32F7xx_HAL_Driver/Src/stm32f7xx_hal_pcd_ex.o
                0x0000000008001d08                HAL_PCDEx_SetTxFiFo
 .text.HAL_PCDEx_SetRxFiFo
                0x0000000008001d50        0x8 Drivers/STM32F7xx_HAL_Driver/Src/stm32f7xx_hal_pcd_ex.o
                0x0000000008001d50                HAL_PCDEx_SetRxFiFo
 .text.HAL_PCDEx_ActivateLPM
                0x0000000008001d58       0x2c Drivers/STM32F7xx_HAL_Driver/Src/stm32f7xx_hal_pcd_ex.o
                0x0000000008001d58                HAL_PCDEx_ActivateLPM
 .text.HAL_PWREx_EnableOverDrive
                0x0000000008001d84       0x78 Drivers/STM32F7xx_HAL_Driver/Src/stm32f7xx_hal_pwr_ex.o
                0x0000000008001d84                HAL_PWREx_EnableOverDrive
 .text.HAL_RCC_OscConfig
                0x0000000008001dfc      0x398 Drivers/STM32F7xx_HAL_Driver/Src/stm32f7xx_hal_rcc.o
                0x0000000008001dfc                HAL_RCC_OscConfig
 .text.HAL_RCC_GetSysClockFreq
                0x0000000008002194       0x68 Drivers/STM32F7xx_HAL_Driver/Src/stm32f7xx_hal_rcc.o
                0x0000000008002194                HAL_RCC_GetSysClockFreq
 .text.HAL_RCC_ClockConfig
                0x00000000080021fc      0x13c Drivers/STM32F7xx_HAL_Driver/Src/stm32f7xx_hal_rcc.o
                0x00000000080021fc                HAL_RCC_ClockConfig
 .text.HAL_RCC_GetHCLKFreq
                0x0000000008002338        0xc Drivers/STM32F7xx_HAL_Driver/Src/stm32f7xx_hal_rcc.o
                0x0000000008002338                HAL_RCC_GetHCLKFreq
 .text.HAL_RCC_GetPCLK1Freq
                0x0000000008002344       0x20 Drivers/STM32F7xx_HAL_Driver/Src/stm32f7xx_hal_rcc.o
                0x0000000008002344                HAL_RCC_GetPCLK1Freq
 .text.HAL_RCC_GetPCLK2Freq
                0x0000000008002364       0x20 Drivers/STM32F7xx_HAL_Driver/Src/stm32f7xx_hal_rcc.o
                0x0000000008002364                HAL_RCC_GetPCLK2Freq
 .text.HAL_RCCEx_PeriphCLKConfig
                0x0000000008002384      0x540 Drivers/STM32F7xx_HAL_Driver/Src/stm32f7xx_hal_rcc_ex.o
                0x0000000008002384                HAL_RCCEx_PeriphCLKConfig
 .text.TIM_OC1_SetConfig
                0x00000000080028c4       0x60 Drivers/STM32F7xx_HAL_Driver/Src/stm32f7xx_hal_tim.o
 .text.TIM_OC3_SetConfig
                0x0000000008002924       0x68 Drivers/STM32F7xx_HAL_Driver/Src/stm32f7xx_hal_tim.o
 .text.TIM_OC4_SetConfig
                0x000000000800298c       0x54 Drivers/STM32F7xx_HAL_Driver/Src/stm32f7xx_hal_tim.o
 .text.TIM_OC5_SetConfig
                0x00000000080029e0       0x54 Drivers/STM32F7xx_HAL_Driver/Src/stm32f7xx_hal_tim.o
 .text.TIM_OC6_SetConfig
                0x0000000008002a34       0x54 Drivers/STM32F7xx_HAL_Driver/Src/stm32f7xx_hal_tim.o
 .text.HAL_TIM_Base_Start_IT
                0x0000000008002a88       0x2c Drivers/STM32F7xx_HAL_Driver/Src/stm32f7xx_hal_tim.o
                0x0000000008002a88                HAL_TIM_Base_Start_IT
 .text.HAL_TIM_OC_Start
                0x0000000008002ab4       0x60 Drivers/STM32F7xx_HAL_Driver/Src/stm32f7xx_hal_tim.o
                0x0000000008002ab4                HAL_TIM_OC_Start
 .text.HAL_TIM_PWM_Start
                0x0000000008002b14        0x4 Drivers/STM32F7xx_HAL_Driver/Src/stm32f7xx_hal_tim.o
                0x0000000008002b14                HAL_TIM_PWM_Start
 .text.HAL_TIM_PWM_Stop
                0x0000000008002b18       0x78 Drivers/STM32F7xx_HAL_Driver/Src/stm32f7xx_hal_tim.o
                0x0000000008002b18                HAL_TIM_PWM_Stop
 .text.HAL_TIM_OC_DelayElapsedCallback
                0x0000000008002b90        0x4 Drivers/STM32F7xx_HAL_Driver/Src/stm32f7xx_hal_tim.o
                0x0000000008002b90                HAL_TIM_OC_DelayElapsedCallback
 .text.HAL_TIM_IC_CaptureCallback
                0x0000000008002b94        0x4 Drivers/STM32F7xx_HAL_Driver/Src/stm32f7xx_hal_tim.o
                0x0000000008002b94                HAL_TIM_IC_CaptureCallback
 .text.HAL_TIM_PWM_PulseFinishedCallback
                0x0000000008002b98        0x4 Drivers/STM32F7xx_HAL_Driver/Src/stm32f7xx_hal_tim.o
                0x0000000008002b98                HAL_TIM_PWM_PulseFinishedCallback
 .text.HAL_TIM_TriggerCallback
                0x0000000008002b9c        0x4 Drivers/STM32F7xx_HAL_Driver/Src/stm32f7xx_hal_tim.o
                0x0000000008002b9c                HAL_TIM_TriggerCallback
 .text.HAL_TIM_IRQHandler
                0x0000000008002ba0      0x170 Drivers/STM32F7xx_HAL_Driver/Src/stm32f7xx_hal_tim.o
                0x0000000008002ba0                HAL_TIM_IRQHandler
 .text.TIM_Base_SetConfig
                0x0000000008002d10       0xe0 Drivers/STM32F7xx_HAL_Driver/Src/stm32f7xx_hal_tim.o
                0x0000000008002d10                TIM_Base_SetConfig
 .text.HAL_TIM_Base_Init
                0x0000000008002df0       0x38 Drivers/STM32F7xx_HAL_Driver/Src/stm32f7xx_hal_tim.o
                0x0000000008002df0                HAL_TIM_Base_Init
 .text.HAL_TIM_PWM_Init
                0x0000000008002e28       0x38 Drivers/STM32F7xx_HAL_Driver/Src/stm32f7xx_hal_tim.o
                0x0000000008002e28                HAL_TIM_PWM_Init
 .text.TIM_OC2_SetConfig
                0x0000000008002e60       0x68 Drivers/STM32F7xx_HAL_Driver/Src/stm32f7xx_hal_tim.o
                0x0000000008002e60                TIM_OC2_SetConfig
 .text.HAL_TIM_PWM_ConfigChannel
                0x0000000008002ec8      0x12c Drivers/STM32F7xx_HAL_Driver/Src/stm32f7xx_hal_tim.o
                0x0000000008002ec8                HAL_TIM_PWM_ConfigChannel
 .text.HAL_TIMEx_MasterConfigSynchronization
                0x0000000008002ff4       0x60 Drivers/STM32F7xx_HAL_Driver/Src/stm32f7xx_hal_tim_ex.o
                0x0000000008002ff4                HAL_TIMEx_MasterConfigSynchronization
 .text.HAL_TIMEx_ConfigBreakDeadTime
                0x0000000008003054       0x90 Drivers/STM32F7xx_HAL_Driver/Src/stm32f7xx_hal_tim_ex.o
                0x0000000008003054                HAL_TIMEx_ConfigBreakDeadTime
 .text.HAL_TIMEx_CommutCallback
                0x00000000080030e4        0x4 Drivers/STM32F7xx_HAL_Driver/Src/stm32f7xx_hal_tim_ex.o
                0x00000000080030e4                HAL_TIMEx_CommutCallback
 .text.HAL_TIMEx_BreakCallback
                0x00000000080030e8        0x4 Drivers/STM32F7xx_HAL_Driver/Src/stm32f7xx_hal_tim_ex.o
                0x00000000080030e8                HAL_TIMEx_BreakCallback
 .text.HAL_TIMEx_Break2Callback
                0x00000000080030ec        0x4 Drivers/STM32F7xx_HAL_Driver/Src/stm32f7xx_hal_tim_ex.o
                0x00000000080030ec                HAL_TIMEx_Break2Callback
 .text.HAL_UART_Receive_IT
                0x00000000080030f0       0xdc Drivers/STM32F7xx_HAL_Driver/Src/stm32f7xx_hal_uart.o
                0x00000000080030f0                HAL_UART_Receive_IT
 .text.HAL_UART_TxCpltCallback
                0x00000000080031cc        0x4 Drivers/STM32F7xx_HAL_Driver/Src/stm32f7xx_hal_uart.o
                0x00000000080031cc                HAL_UART_TxCpltCallback
 .text.UART_RxISR_8BIT
                0x00000000080031d0       0x5c Drivers/STM32F7xx_HAL_Driver/Src/stm32f7xx_hal_uart.o
 .text.UART_RxISR_16BIT
                0x000000000800322c       0x58 Drivers/STM32F7xx_HAL_Driver/Src/stm32f7xx_hal_uart.o
 .text.HAL_UART_ErrorCallback
                0x0000000008003284        0x4 Drivers/STM32F7xx_HAL_Driver/Src/stm32f7xx_hal_uart.o
                0x0000000008003284                HAL_UART_ErrorCallback
 .text.HAL_UART_IRQHandler
                0x0000000008003288      0x140 Drivers/STM32F7xx_HAL_Driver/Src/stm32f7xx_hal_uart.o
                0x0000000008003288                HAL_UART_IRQHandler
 .text.UART_DMAAbortOnError
                0x00000000080033c8       0x18 Drivers/STM32F7xx_HAL_Driver/Src/stm32f7xx_hal_uart.o
 .text.UART_SetConfig
                0x00000000080033e0      0x2f8 Drivers/STM32F7xx_HAL_Driver/Src/stm32f7xx_hal_uart.o
                0x00000000080033e0                UART_SetConfig
 .text.UART_AdvFeatureConfig
                0x00000000080036d8       0xb0 Drivers/STM32F7xx_HAL_Driver/Src/stm32f7xx_hal_uart.o
                0x00000000080036d8                UART_AdvFeatureConfig
 .text.UART_WaitOnFlagUntilTimeout
                0x0000000008003788       0x68 Drivers/STM32F7xx_HAL_Driver/Src/stm32f7xx_hal_uart.o
                0x0000000008003788                UART_WaitOnFlagUntilTimeout
 .text.UART_CheckIdleState
                0x00000000080037f0       0x48 Drivers/STM32F7xx_HAL_Driver/Src/stm32f7xx_hal_uart.o
                0x00000000080037f0                UART_CheckIdleState
 .text.HAL_UART_Init
                0x0000000008003838       0x64 Drivers/STM32F7xx_HAL_Driver/Src/stm32f7xx_hal_uart.o
                0x0000000008003838                HAL_UART_Init
 .text.USB_CoreReset
                0x000000000800389c       0x34 Drivers/STM32F7xx_HAL_Driver/Src/stm32f7xx_ll_usb.o
 .text.USB_CoreInit
                0x00000000080038d0       0x7c Drivers/STM32F7xx_HAL_Driver/Src/stm32f7xx_ll_usb.o
                0x00000000080038d0                USB_CoreInit
 .text.USB_SetTurnaroundTime
                0x000000000800394c      0x100 Drivers/STM32F7xx_HAL_Driver/Src/stm32f7xx_ll_usb.o
                0x000000000800394c                USB_SetTurnaroundTime
 .text.USB_EnableGlobalInt
                0x0000000008003a4c       0x10 Drivers/STM32F7xx_HAL_Driver/Src/stm32f7xx_ll_usb.o
                0x0000000008003a4c                USB_EnableGlobalInt
 .text.USB_DisableGlobalInt
                0x0000000008003a5c       0x10 Drivers/STM32F7xx_HAL_Driver/Src/stm32f7xx_ll_usb.o
                0x0000000008003a5c                USB_DisableGlobalInt
 .text.USB_SetCurrentMode
                0x0000000008003a6c       0x30 Drivers/STM32F7xx_HAL_Driver/Src/stm32f7xx_ll_usb.o
                0x0000000008003a6c                USB_SetCurrentMode
 .text.USB_DevInit
                0x0000000008003a9c      0x1c0 Drivers/STM32F7xx_HAL_Driver/Src/stm32f7xx_ll_usb.o
                0x0000000008003a9c                USB_DevInit
 .text.USB_FlushTxFifo
                0x0000000008003c5c       0x24 Drivers/STM32F7xx_HAL_Driver/Src/stm32f7xx_ll_usb.o
                0x0000000008003c5c                USB_FlushTxFifo
 .text.USB_GetDevSpeed
                0x0000000008003c80       0x18 Drivers/STM32F7xx_HAL_Driver/Src/stm32f7xx_ll_usb.o
                0x0000000008003c80                USB_GetDevSpeed
 .text.USB_ActivateEndpoint
                0x0000000008003c98       0x84 Drivers/STM32F7xx_HAL_Driver/Src/stm32f7xx_ll_usb.o
                0x0000000008003c98                USB_ActivateEndpoint
 .text.USB_DeactivateEndpoint
                0x0000000008003d1c       0x68 Drivers/STM32F7xx_HAL_Driver/Src/stm32f7xx_ll_usb.o
                0x0000000008003d1c                USB_DeactivateEndpoint
 .text.USB_EPStartXfer
                0x0000000008003d84      0x1f8 Drivers/STM32F7xx_HAL_Driver/Src/stm32f7xx_ll_usb.o
                0x0000000008003d84                USB_EPStartXfer
 .text.USB_EP0StartXfer
                0x0000000008003f7c      0x118 Drivers/STM32F7xx_HAL_Driver/Src/stm32f7xx_ll_usb.o
                0x0000000008003f7c                USB_EP0StartXfer
 .text.USB_WritePacket
                0x0000000008004094       0x2c Drivers/STM32F7xx_HAL_Driver/Src/stm32f7xx_ll_usb.o
                0x0000000008004094                USB_WritePacket
 .text.USB_ReadPacket
                0x00000000080040c0       0x24 Drivers/STM32F7xx_HAL_Driver/Src/stm32f7xx_ll_usb.o
                0x00000000080040c0                USB_ReadPacket
 .text.USB_EPSetStall
                0x00000000080040e4       0x60 Drivers/STM32F7xx_HAL_Driver/Src/stm32f7xx_ll_usb.o
                0x00000000080040e4                USB_EPSetStall
 .text.USB_EPClearStall
                0x0000000008004144       0x58 Drivers/STM32F7xx_HAL_Driver/Src/stm32f7xx_ll_usb.o
                0x0000000008004144                USB_EPClearStall
 .text.USB_SetDevAddress
                0x000000000800419c       0x24 Drivers/STM32F7xx_HAL_Driver/Src/stm32f7xx_ll_usb.o
                0x000000000800419c                USB_SetDevAddress
 .text.USB_DevConnect
                0x00000000080041c0       0x18 Drivers/STM32F7xx_HAL_Driver/Src/stm32f7xx_ll_usb.o
                0x00000000080041c0                USB_DevConnect
 .text.USB_DevDisconnect
                0x00000000080041d8       0x18 Drivers/STM32F7xx_HAL_Driver/Src/stm32f7xx_ll_usb.o
                0x00000000080041d8                USB_DevDisconnect
 .text.USB_ReadInterrupts
                0x00000000080041f0        0x8 Drivers/STM32F7xx_HAL_Driver/Src/stm32f7xx_ll_usb.o
                0x00000000080041f0                USB_ReadInterrupts
 .text.USB_ReadDevAllOutEpInterrupt
                0x00000000080041f8       0x10 Drivers/STM32F7xx_HAL_Driver/Src/stm32f7xx_ll_usb.o
                0x00000000080041f8                USB_ReadDevAllOutEpInterrupt
 .text.USB_ReadDevAllInEpInterrupt
                0x0000000008004208       0x10 Drivers/STM32F7xx_HAL_Driver/Src/stm32f7xx_ll_usb.o
                0x0000000008004208                USB_ReadDevAllInEpInterrupt
 .text.USB_ReadDevOutEPInterrupt
                0x0000000008004218       0x14 Drivers/STM32F7xx_HAL_Driver/Src/stm32f7xx_ll_usb.o
                0x0000000008004218                USB_ReadDevOutEPInterrupt
 .text.USB_ReadDevInEPInterrupt
                0x000000000800422c       0x28 Drivers/STM32F7xx_HAL_Driver/Src/stm32f7xx_ll_usb.o
                0x000000000800422c                USB_ReadDevInEPInterrupt
 .text.USB_GetMode
                0x0000000008004254        0x8 Drivers/STM32F7xx_HAL_Driver/Src/stm32f7xx_ll_usb.o
                0x0000000008004254                USB_GetMode
 .text.USB_ActivateSetup
                0x000000000800425c       0x38 Drivers/STM32F7xx_HAL_Driver/Src/stm32f7xx_ll_usb.o
                0x000000000800425c                USB_ActivateSetup
 .text.USB_EP0_OutStart
                0x0000000008004294       0x50 Drivers/STM32F7xx_HAL_Driver/Src/stm32f7xx_ll_usb.o
                0x0000000008004294                USB_EP0_OutStart
 .text.USBD_MIDI_DataIn
                0x00000000080042e4       0x14 Middlewares/WELES/STM32_USB_Device_Library/Class/MIDI/Src/usbd_midi.o
 .text.USBD_MIDI_EP0_RxReady
                0x00000000080042f8       0x2c Middlewares/WELES/STM32_USB_Device_Library/Class/MIDI/Src/usbd_midi.o
 .text.USBD_MIDI_GetFSCfgDesc
                0x0000000008004324        0xc Middlewares/WELES/STM32_USB_Device_Library/Class/MIDI/Src/usbd_midi.o
 .text.USBD_MIDI_GetHSCfgDesc
                0x0000000008004330        0xc Middlewares/WELES/STM32_USB_Device_Library/Class/MIDI/Src/usbd_midi.o
 .text.USBD_MIDI_GetOtherSpeedCfgDesc
                0x000000000800433c        0xc Middlewares/WELES/STM32_USB_Device_Library/Class/MIDI/Src/usbd_midi.o
 .text.USBD_MIDI_GetDeviceQualifierDescriptor
                0x0000000008004348        0xc Middlewares/WELES/STM32_USB_Device_Library/Class/MIDI/Src/usbd_midi.o
                0x0000000008004348                USBD_MIDI_GetDeviceQualifierDescriptor
 .text.USBD_MIDI_DataOut
                0x0000000008004354       0x30 Middlewares/WELES/STM32_USB_Device_Library/Class/MIDI/Src/usbd_midi.o
 .text.USBD_MIDI_Setup
                0x0000000008004384       0x78 Middlewares/WELES/STM32_USB_Device_Library/Class/MIDI/Src/usbd_midi.o
 .text.USBD_MIDI_DeInit
                0x00000000080043fc       0x3c Middlewares/WELES/STM32_USB_Device_Library/Class/MIDI/Src/usbd_midi.o
 .text.USBD_MIDI_Init
                0x0000000008004438       0x90 Middlewares/WELES/STM32_USB_Device_Library/Class/MIDI/Src/usbd_midi.o
 .text.USBD_MIDI_RegisterInterface
                0x00000000080044c8       0x10 Middlewares/WELES/STM32_USB_Device_Library/Class/MIDI/Src/usbd_midi.o
                0x00000000080044c8                USBD_MIDI_RegisterInterface
 .text.USBD_MIDI_SetTxBuffer
                0x00000000080044d8       0x10 Middlewares/WELES/STM32_USB_Device_Library/Class/MIDI/Src/usbd_midi.o
                0x00000000080044d8                USBD_MIDI_SetTxBuffer
 .text.USBD_MIDI_SetRxBuffer
                0x00000000080044e8        0xc Middlewares/WELES/STM32_USB_Device_Library/Class/MIDI/Src/usbd_midi.o
                0x00000000080044e8                USBD_MIDI_SetRxBuffer
 .text.USBD_MIDI_TransmitPacket
                0x00000000080044f4       0x30 Middlewares/WELES/STM32_USB_Device_Library/Class/MIDI/Src/usbd_midi.o
                0x00000000080044f4                USBD_MIDI_TransmitPacket
 .text.USBD_MIDI_ReceivePacket
                0x0000000008004524       0x30 Middlewares/WELES/STM32_USB_Device_Library/Class/MIDI/Src/usbd_midi.o
                0x0000000008004524                USBD_MIDI_ReceivePacket
 .text.USBD_Init
                0x0000000008004554       0x2c Middlewares/WELES/STM32_USB_Device_Library/Core/Src/usbd_core.o
                0x0000000008004554                USBD_Init
 .text.USBD_RegisterClass
                0x0000000008004580       0x10 Middlewares/WELES/STM32_USB_Device_Library/Core/Src/usbd_core.o
                0x0000000008004580                USBD_RegisterClass
 .text.USBD_Start
                0x0000000008004590        0xc Middlewares/WELES/STM32_USB_Device_Library/Core/Src/usbd_core.o
                0x0000000008004590                USBD_Start
 .text.USBD_SetClassConfig
                0x000000000800459c       0x14 Middlewares/WELES/STM32_USB_Device_Library/Core/Src/usbd_core.o
                0x000000000800459c                USBD_SetClassConfig
 .text.USBD_ClrClassConfig
                0x00000000080045b0       0x10 Middlewares/WELES/STM32_USB_Device_Library/Core/Src/usbd_core.o
                0x00000000080045b0                USBD_ClrClassConfig
 .text.USBD_LL_SetupStage
                0x00000000080045c0       0x60 Middlewares/WELES/STM32_USB_Device_Library/Core/Src/usbd_core.o
                0x00000000080045c0                USBD_LL_SetupStage
 .text.USBD_LL_DataOutStage
                0x0000000008004620       0x80 Middlewares/WELES/STM32_USB_Device_Library/Core/Src/usbd_core.o
                0x0000000008004620                USBD_LL_DataOutStage
 .text.USBD_LL_DataInStage
                0x00000000080046a0       0xb4 Middlewares/WELES/STM32_USB_Device_Library/Core/Src/usbd_core.o
                0x00000000080046a0                USBD_LL_DataInStage
 .text.USBD_LL_Reset
                0x0000000008004754       0x50 Middlewares/WELES/STM32_USB_Device_Library/Core/Src/usbd_core.o
                0x0000000008004754                USBD_LL_Reset
 .text.USBD_LL_SetSpeed
                0x00000000080047a4        0x8 Middlewares/WELES/STM32_USB_Device_Library/Core/Src/usbd_core.o
                0x00000000080047a4                USBD_LL_SetSpeed
 .text.USBD_LL_Suspend
                0x00000000080047ac       0x14 Middlewares/WELES/STM32_USB_Device_Library/Core/Src/usbd_core.o
                0x00000000080047ac                USBD_LL_Suspend
 .text.USBD_LL_Resume
                0x00000000080047c0       0x10 Middlewares/WELES/STM32_USB_Device_Library/Core/Src/usbd_core.o
                0x00000000080047c0                USBD_LL_Resume
 .text.USBD_LL_SOF
                0x00000000080047d0       0x1c Middlewares/WELES/STM32_USB_Device_Library/Core/Src/usbd_core.o
                0x00000000080047d0                USBD_LL_SOF
 .text.USBD_LL_IsoINIncomplete
                0x00000000080047ec        0x4 Middlewares/WELES/STM32_USB_Device_Library/Core/Src/usbd_core.o
                0x00000000080047ec                USBD_LL_IsoINIncomplete
 .text.USBD_LL_IsoOUTIncomplete
                0x00000000080047f0        0x4 Middlewares/WELES/STM32_USB_Device_Library/Core/Src/usbd_core.o
                0x00000000080047f0                USBD_LL_IsoOUTIncomplete
 .text.USBD_LL_DevConnected
                0x00000000080047f4        0x4 Middlewares/WELES/STM32_USB_Device_Library/Core/Src/usbd_core.o
                0x00000000080047f4                USBD_LL_DevConnected
 .text.USBD_LL_DevDisconnected
                0x00000000080047f8       0x18 Middlewares/WELES/STM32_USB_Device_Library/Core/Src/usbd_core.o
                0x00000000080047f8                USBD_LL_DevDisconnected
 .text.USBD_StdDevReq
                0x0000000008004810      0x334 Middlewares/WELES/STM32_USB_Device_Library/Core/Src/usbd_ctlreq.o
                0x0000000008004810                USBD_StdDevReq
 .text.USBD_StdItfReq
                0x0000000008004b44       0x58 Middlewares/WELES/STM32_USB_Device_Library/Core/Src/usbd_ctlreq.o
                0x0000000008004b44                USBD_StdItfReq
 .text.USBD_StdEPReq
                0x0000000008004b9c      0x130 Middlewares/WELES/STM32_USB_Device_Library/Core/Src/usbd_ctlreq.o
                0x0000000008004b9c                USBD_StdEPReq
 .text.USBD_ParseSetupRequest
                0x0000000008004ccc       0x28 Middlewares/WELES/STM32_USB_Device_Library/Core/Src/usbd_ctlreq.o
                0x0000000008004ccc                USBD_ParseSetupRequest
 .text.USBD_GetString
                0x0000000008004cf4       0x4c Middlewares/WELES/STM32_USB_Device_Library/Core/Src/usbd_ctlreq.o
                0x0000000008004cf4                USBD_GetString
 .text.USBD_CtlSendData
                0x0000000008004d40       0x1c Middlewares/WELES/STM32_USB_Device_Library/Core/Src/usbd_ioreq.o
                0x0000000008004d40                USBD_CtlSendData
 .text.USBD_CtlContinueSendData
                0x0000000008004d5c       0x10 Middlewares/WELES/STM32_USB_Device_Library/Core/Src/usbd_ioreq.o
                0x0000000008004d5c                USBD_CtlContinueSendData
 .text.USBD_CtlPrepareRx
                0x0000000008004d6c       0x20 Middlewares/WELES/STM32_USB_Device_Library/Core/Src/usbd_ioreq.o
                0x0000000008004d6c                USBD_CtlPrepareRx
 .text.USBD_CtlContinueRx
                0x0000000008004d8c       0x10 Middlewares/WELES/STM32_USB_Device_Library/Core/Src/usbd_ioreq.o
                0x0000000008004d8c                USBD_CtlContinueRx
 .text.USBD_CtlSendStatus
                0x0000000008004d9c       0x18 Middlewares/WELES/STM32_USB_Device_Library/Core/Src/usbd_ioreq.o
                0x0000000008004d9c                USBD_CtlSendStatus
 .text.USBD_CtlReceiveStatus
                0x0000000008004db4       0x18 Middlewares/WELES/STM32_USB_Device_Library/Core/Src/usbd_ioreq.o
                0x0000000008004db4                USBD_CtlReceiveStatus
 .text.MX_ADC1_Init
                0x0000000008004dcc       0xa8 Src/adc.o
                0x0000000008004dcc                MX_ADC1_Init
 .text.HAL_ADC_MspInit
                0x0000000008004e74       0x64 Src/adc.o
                0x0000000008004e74                HAL_ADC_MspInit
 .text.initFifo
                0x0000000008004ed8       0x14 Src/fifo.o
                0x0000000008004ed8                initFifo
 .text.push     0x0000000008004eec       0x3c Src/fifo.o
                0x0000000008004eec                push
 .text.pop      0x0000000008004f28       0x50 Src/fifo.o
                0x0000000008004f28                pop
 .text.MX_GFXSIMULATOR_Init
                0x0000000008004f78        0x4 Src/gfxsimulator.o
                0x0000000008004f78                MX_GFXSIMULATOR_Init
 .text.MX_GPIO_Init
                0x0000000008004f7c      0x198 Src/gpio.o
                0x0000000008004f7c                MX_GPIO_Init
 .text.MX_I2C1_Init
                0x0000000008005114       0x5c Src/i2c.o
                0x0000000008005114                MX_I2C1_Init
 .text.MX_I2C2_Init
                0x0000000008005170       0x5c Src/i2c.o
                0x0000000008005170                MX_I2C2_Init
 .text.MX_I2C3_Init
                0x00000000080051cc       0x5c Src/i2c.o
                0x00000000080051cc                MX_I2C3_Init
 .text.MX_I2C4_Init
                0x0000000008005228       0x5c Src/i2c.o
                0x0000000008005228                MX_I2C4_Init
 .text.HAL_I2C_MspInit
                0x0000000008005284      0x1a0 Src/i2c.o
                0x0000000008005284                HAL_I2C_MspInit
 .text.setOutputNoteValue.part.1
                0x0000000008005424       0x48 Src/main.o
 .text.initializeOutputs
                0x000000000800546c      0xab8 Src/main.o
                0x000000000800546c                initializeOutputs
 .text.setHardPWM
                0x0000000008005f24       0x44 Src/main.o
                0x0000000008005f24                setHardPWM
 .text.setBidirectionalPWM
                0x0000000008005f68       0xf4 Src/main.o
                0x0000000008005f68                setBidirectionalPWM
 .text.setOneDirectionPWM
                0x000000000800605c       0xbc Src/main.o
                0x000000000800605c                setOneDirectionPWM
 .text.setOutputPWMValue.part.0
                0x0000000008006118       0x28 Src/main.o
 .text.panicOff
                0x0000000008006140       0x30 Src/main.o
                0x0000000008006140                panicOff
 .text.allOff   0x0000000008006170       0x38 Src/main.o
                0x0000000008006170                allOff
 .text.allOn    0x00000000080061a8       0x38 Src/main.o
                0x00000000080061a8                allOn
 .text.startAllTimers
                0x00000000080061e0       0x38 Src/main.o
                0x00000000080061e0                startAllTimers
 .text.SystemClock_Config
                0x0000000008006218       0xb8 Src/main.o
                0x0000000008006218                SystemClock_Config
 .text.startup.main
                0x00000000080062d0      0x4e0 Src/main.o
                0x00000000080062d0                main
 .text.HAL_TIM_PeriodElapsedCallback
                0x00000000080067b0       0x58 Src/main.o
                0x00000000080067b0                HAL_TIM_PeriodElapsedCallback
 .text.HAL_UART_RxCpltCallback
                0x0000000008006808       0xbc Src/main.o
                0x0000000008006808                HAL_UART_RxCpltCallback
 .text.Error_Handler
                0x00000000080068c4        0x4 Src/main.o
                0x00000000080068c4                Error_Handler
 .text.HAL_MspInit
                0x00000000080068c8       0x30 Src/stm32f7xx_hal_msp.o
                0x00000000080068c8                HAL_MspInit
 .text.NMI_Handler
                0x00000000080068f8        0x4 Src/stm32f7xx_it.o
                0x00000000080068f8                NMI_Handler
 .text.HardFault_Handler
                0x00000000080068fc        0x4 Src/stm32f7xx_it.o
                0x00000000080068fc                HardFault_Handler
 .text.MemManage_Handler
                0x0000000008006900        0x4 Src/stm32f7xx_it.o
                0x0000000008006900                MemManage_Handler
 .text.BusFault_Handler
                0x0000000008006904        0x4 Src/stm32f7xx_it.o
                0x0000000008006904                BusFault_Handler
 .text.UsageFault_Handler
                0x0000000008006908        0x4 Src/stm32f7xx_it.o
                0x0000000008006908                UsageFault_Handler
 .text.SVC_Handler
                0x000000000800690c        0x4 Src/stm32f7xx_it.o
                0x000000000800690c                SVC_Handler
 .text.DebugMon_Handler
                0x0000000008006910        0x4 Src/stm32f7xx_it.o
                0x0000000008006910                DebugMon_Handler
 .text.PendSV_Handler
                0x0000000008006914        0x4 Src/stm32f7xx_it.o
                0x0000000008006914                PendSV_Handler
 .text.SysTick_Handler
                0x0000000008006918        0x4 Src/stm32f7xx_it.o
                0x0000000008006918                SysTick_Handler
 .text.TIM6_DAC_IRQHandler
                0x000000000800691c        0xc Src/stm32f7xx_it.o
                0x000000000800691c                TIM6_DAC_IRQHandler
 .text.OTG_FS_IRQHandler
                0x0000000008006928        0xc Src/stm32f7xx_it.o
                0x0000000008006928                OTG_FS_IRQHandler
 .text.UART8_IRQHandler
                0x0000000008006934        0xc Src/stm32f7xx_it.o
                0x0000000008006934                UART8_IRQHandler
 .text._sbrk    0x0000000008006940       0x3c Src/syscalls.o
                0x0000000008006940                _sbrk
 .text.SystemInit
                0x000000000800697c       0x50 Src/system_stm32f7xx.o
                0x000000000800697c                SystemInit
 .text.MX_TIM6_Init
                0x00000000080069cc       0x4c Src/tim.o
                0x00000000080069cc                MX_TIM6_Init
 .text.HAL_TIM_PWM_MspInit
                0x0000000008006a18      0x110 Src/tim.o
                0x0000000008006a18                HAL_TIM_PWM_MspInit
 .text.HAL_TIM_Base_MspInit
                0x0000000008006b28       0x88 Src/tim.o
                0x0000000008006b28                HAL_TIM_Base_MspInit
 .text.HAL_TIM_MspPostInit
                0x0000000008006bb0      0x258 Src/tim.o
                0x0000000008006bb0                HAL_TIM_MspPostInit
 .text.MX_TIM1_Init
                0x0000000008006e08       0xc4 Src/tim.o
                0x0000000008006e08                MX_TIM1_Init
 .text.MX_TIM2_Init
                0x0000000008006ecc       0x90 Src/tim.o
                0x0000000008006ecc                MX_TIM2_Init
 .text.MX_TIM3_Init
                0x0000000008006f5c       0xb8 Src/tim.o
                0x0000000008006f5c                MX_TIM3_Init
 .text.MX_TIM4_Init
                0x0000000008007014       0x94 Src/tim.o
                0x0000000008007014                MX_TIM4_Init
 .text.MX_TIM5_Init
                0x00000000080070a8       0xb8 Src/tim.o
                0x00000000080070a8                MX_TIM5_Init
 .text.MX_TIM8_Init
                0x0000000008007160       0xec Src/tim.o
                0x0000000008007160                MX_TIM8_Init
 .text.MX_TIM9_Init
                0x000000000800724c       0x78 Src/tim.o
                0x000000000800724c                MX_TIM9_Init
 .text.MX_TIM10_Init
                0x00000000080072c4       0x74 Src/tim.o
                0x00000000080072c4                MX_TIM10_Init
 .text.MX_TIM11_Init
                0x0000000008007338       0x74 Src/tim.o
                0x0000000008007338                MX_TIM11_Init
 .text.MX_TIM12_Init
                0x00000000080073ac       0x78 Src/tim.o
                0x00000000080073ac                MX_TIM12_Init
 .text.MX_UART8_Init
                0x0000000008007424       0x3c Src/usart.o
                0x0000000008007424                MX_UART8_Init
 .text.HAL_UART_MspInit
                0x0000000008007460       0x7c Src/usart.o
                0x0000000008007460                HAL_UART_MspInit
 .text.MX_USB_DEVICE_Init
                0x00000000080074dc       0x58 Src/usb_device.o
                0x00000000080074dc                MX_USB_DEVICE_Init
 .text.HAL_PCD_MspInit
                0x0000000008007534       0x80 Src/usbd_conf.o
                0x0000000008007534                HAL_PCD_MspInit
 .text.HAL_PCD_SetupStageCallback
                0x00000000080075b4        0xc Src/usbd_conf.o
                0x00000000080075b4                HAL_PCD_SetupStageCallback
 .text.HAL_PCD_DataOutStageCallback
                0x00000000080075c0       0x14 Src/usbd_conf.o
                0x00000000080075c0                HAL_PCD_DataOutStageCallback
 .text.HAL_PCD_DataInStageCallback
                0x00000000080075d4       0x14 Src/usbd_conf.o
                0x00000000080075d4                HAL_PCD_DataInStageCallback
 .text.HAL_PCD_SOFCallback
                0x00000000080075e8        0x8 Src/usbd_conf.o
                0x00000000080075e8                HAL_PCD_SOFCallback
 .text.HAL_PCD_ResetCallback
                0x00000000080075f0       0x2c Src/usbd_conf.o
                0x00000000080075f0                HAL_PCD_ResetCallback
 .text.HAL_PCD_SuspendCallback
                0x000000000800761c       0x30 Src/usbd_conf.o
                0x000000000800761c                HAL_PCD_SuspendCallback
 .text.HAL_PCD_ResumeCallback
                0x000000000800764c        0x8 Src/usbd_conf.o
                0x000000000800764c                HAL_PCD_ResumeCallback
 .text.HAL_PCD_ISOOUTIncompleteCallback
                0x0000000008007654        0x8 Src/usbd_conf.o
                0x0000000008007654                HAL_PCD_ISOOUTIncompleteCallback
 .text.HAL_PCD_ISOINIncompleteCallback
                0x000000000800765c        0x8 Src/usbd_conf.o
                0x000000000800765c                HAL_PCD_ISOINIncompleteCallback
 .text.HAL_PCD_ConnectCallback
                0x0000000008007664        0x8 Src/usbd_conf.o
                0x0000000008007664                HAL_PCD_ConnectCallback
 .text.HAL_PCD_DisconnectCallback
                0x000000000800766c        0x8 Src/usbd_conf.o
                0x000000000800766c                HAL_PCD_DisconnectCallback
 .text.USBD_LL_Init
                0x0000000008007674       0x64 Src/usbd_conf.o
                0x0000000008007674                USBD_LL_Init
 .text.USBD_LL_Start
                0x00000000080076d8       0x1c Src/usbd_conf.o
                0x00000000080076d8                USBD_LL_Start
 .text.USBD_LL_OpenEP
                0x00000000080076f4       0x24 Src/usbd_conf.o
                0x00000000080076f4                USBD_LL_OpenEP
 .text.USBD_LL_CloseEP
                0x0000000008007718       0x1c Src/usbd_conf.o
                0x0000000008007718                USBD_LL_CloseEP
 .text.USBD_LL_StallEP
                0x0000000008007734       0x1c Src/usbd_conf.o
                0x0000000008007734                USBD_LL_StallEP
 .text.USBD_LL_ClearStallEP
                0x0000000008007750       0x1c Src/usbd_conf.o
                0x0000000008007750                USBD_LL_ClearStallEP
 .text.USBD_LL_IsStallEP
                0x000000000800776c       0x28 Src/usbd_conf.o
                0x000000000800776c                USBD_LL_IsStallEP
 .text.USBD_LL_SetUSBAddress
                0x0000000008007794       0x1c Src/usbd_conf.o
                0x0000000008007794                USBD_LL_SetUSBAddress
 .text.USBD_LL_Transmit
                0x00000000080077b0       0x1c Src/usbd_conf.o
                0x00000000080077b0                USBD_LL_Transmit
 .text.USBD_LL_PrepareReceive
                0x00000000080077cc       0x1c Src/usbd_conf.o
                0x00000000080077cc                USBD_LL_PrepareReceive
 .text.USBD_LL_GetRxDataSize
                0x00000000080077e8        0x8 Src/usbd_conf.o
                0x00000000080077e8                USBD_LL_GetRxDataSize
 .text.HAL_PCDEx_LPM_Callback
                0x00000000080077f0       0x60 Src/usbd_conf.o
                0x00000000080077f0                HAL_PCDEx_LPM_Callback
 .text.USBD_FS_DeviceDescriptor
                0x0000000008007850        0xc Src/usbd_desc.o
                0x0000000008007850                USBD_FS_DeviceDescriptor
 .text.USBD_FS_LangIDStrDescriptor
                0x000000000800785c        0xc Src/usbd_desc.o
                0x000000000800785c                USBD_FS_LangIDStrDescriptor
 .text.USBD_FS_USR_BOSDescriptor
                0x0000000008007868        0xc Src/usbd_desc.o
                0x0000000008007868                USBD_FS_USR_BOSDescriptor
 .text.IntToUnicode
                0x0000000008007874       0x34 Src/usbd_desc.o
 .text.USBD_FS_SerialStrDescriptor
                0x00000000080078a8       0x48 Src/usbd_desc.o
                0x00000000080078a8                USBD_FS_SerialStrDescriptor
 .text.USBD_FS_ManufacturerStrDescriptor
                0x00000000080078f0       0x1c Src/usbd_desc.o
                0x00000000080078f0                USBD_FS_ManufacturerStrDescriptor
 .text.USBD_FS_ProductStrDescriptor
                0x000000000800790c       0x1c Src/usbd_desc.o
                0x000000000800790c                USBD_FS_ProductStrDescriptor
 .text.USBD_FS_ConfigStrDescriptor
                0x0000000008007928       0x1c Src/usbd_desc.o
                0x0000000008007928                USBD_FS_ConfigStrDescriptor
 .text.USBD_FS_InterfaceStrDescriptor
                0x0000000008007944       0x1c Src/usbd_desc.o
                0x0000000008007944                USBD_FS_InterfaceStrDescriptor
 .text.MIDI_DeInit_FS
                0x0000000008007960        0x4 Src/usbd_midi_if.o
 .text.MIDI_Control_FS
                0x0000000008007964        0x4 Src/usbd_midi_if.o
 .text.MIDI_Receive_FS
                0x0000000008007968       0x40 Src/usbd_midi_if.o
 .text.MIDI_Init_FS
                0x00000000080079a8       0x28 Src/usbd_midi_if.o
 .text.MIDI_Transmit_FS
                0x00000000080079d0       0x2c Src/usbd_midi_if.o
                0x00000000080079d0                MIDI_Transmit_FS
 .text.Reset_Handler
                0x00000000080079fc       0x50 startup/startup_stm32f750xx.o
                0x00000000080079fc                Reset_Handler
 .text.Default_Handler
                0x0000000008007a4c        0x2 startup/startup_stm32f750xx.o
                0x0000000008007a4c                RTC_Alarm_IRQHandler
                0x0000000008007a4c                HASH_RNG_IRQHandler
                0x0000000008007a4c                EXTI2_IRQHandler
                0x0000000008007a4c                TIM8_CC_IRQHandler
                0x0000000008007a4c                SPI4_IRQHandler
                0x0000000008007a4c                TIM1_CC_IRQHandler
                0x0000000008007a4c                DMA2_Stream5_IRQHandler
                0x0000000008007a4c                DMA1_Stream5_IRQHandler
                0x0000000008007a4c                PVD_IRQHandler
                0x0000000008007a4c                TAMP_STAMP_IRQHandler
                0x0000000008007a4c                CAN2_RX1_IRQHandler
                0x0000000008007a4c                EXTI3_IRQHandler
                0x0000000008007a4c                TIM8_TRG_COM_TIM14_IRQHandler
                0x0000000008007a4c                TIM1_UP_TIM10_IRQHandler
                0x0000000008007a4c                TIM8_UP_TIM13_IRQHandler
                0x0000000008007a4c                I2C3_ER_IRQHandler
                0x0000000008007a4c                EXTI0_IRQHandler
                0x0000000008007a4c                I2C2_EV_IRQHandler
                0x0000000008007a4c                DMA1_Stream2_IRQHandler
                0x0000000008007a4c                CAN1_RX0_IRQHandler
                0x0000000008007a4c                FPU_IRQHandler
                0x0000000008007a4c                OTG_HS_WKUP_IRQHandler
                0x0000000008007a4c                LTDC_ER_IRQHandler
                0x0000000008007a4c                CAN2_SCE_IRQHandler
                0x0000000008007a4c                DMA2_Stream2_IRQHandler
                0x0000000008007a4c                SPI1_IRQHandler
                0x0000000008007a4c                TIM1_BRK_TIM9_IRQHandler
                0x0000000008007a4c                DCMI_IRQHandler
                0x0000000008007a4c                CAN2_RX0_IRQHandler
                0x0000000008007a4c                DMA2_Stream3_IRQHandler
                0x0000000008007a4c                SAI2_IRQHandler
                0x0000000008007a4c                USART6_IRQHandler
                0x0000000008007a4c                USART3_IRQHandler
                0x0000000008007a4c                CRYP_IRQHandler
                0x0000000008007a4c                CAN1_RX1_IRQHandler
                0x0000000008007a4c                UART5_IRQHandler
                0x0000000008007a4c                DMA2_Stream0_IRQHandler
                0x0000000008007a4c                TIM4_IRQHandler
                0x0000000008007a4c                QUADSPI_IRQHandler
                0x0000000008007a4c                I2C1_EV_IRQHandler
                0x0000000008007a4c                DMA1_Stream6_IRQHandler
                0x0000000008007a4c                DMA1_Stream1_IRQHandler
                0x0000000008007a4c                UART4_IRQHandler
                0x0000000008007a4c                TIM3_IRQHandler
                0x0000000008007a4c                RCC_IRQHandler
                0x0000000008007a4c                TIM8_BRK_TIM12_IRQHandler
                0x0000000008007a4c                Default_Handler
                0x0000000008007a4c                CEC_IRQHandler
                0x0000000008007a4c                EXTI15_10_IRQHandler
                0x0000000008007a4c                ADC_IRQHandler
                0x0000000008007a4c                DMA1_Stream7_IRQHandler
                0x0000000008007a4c                SPI5_IRQHandler
                0x0000000008007a4c                TIM7_IRQHandler
                0x0000000008007a4c                SDMMC1_IRQHandler
                0x0000000008007a4c                CAN2_TX_IRQHandler
                0x0000000008007a4c                TIM5_IRQHandler
                0x0000000008007a4c                DMA2_Stream7_IRQHandler
                0x0000000008007a4c                I2C3_EV_IRQHandler
                0x0000000008007a4c                EXTI9_5_IRQHandler
                0x0000000008007a4c                RTC_WKUP_IRQHandler
                0x0000000008007a4c                LTDC_IRQHandler
                0x0000000008007a4c                ETH_WKUP_IRQHandler
                0x0000000008007a4c                SPDIF_RX_IRQHandler
                0x0000000008007a4c                SPI2_IRQHandler
                0x0000000008007a4c                OTG_HS_EP1_IN_IRQHandler
                0x0000000008007a4c                DMA1_Stream0_IRQHandler
                0x0000000008007a4c                CAN1_TX_IRQHandler
                0x0000000008007a4c                EXTI4_IRQHandler
                0x0000000008007a4c                ETH_IRQHandler
                0x0000000008007a4c                OTG_HS_EP1_OUT_IRQHandler
                0x0000000008007a4c                WWDG_IRQHandler
                0x0000000008007a4c                SPI6_IRQHandler
                0x0000000008007a4c                I2C4_EV_IRQHandler
                0x0000000008007a4c                TIM2_IRQHandler
                0x0000000008007a4c                OTG_FS_WKUP_IRQHandler
                0x0000000008007a4c                TIM1_TRG_COM_TIM11_IRQHandler
                0x0000000008007a4c                OTG_HS_IRQHandler
                0x0000000008007a4c                DMA2D_IRQHandler
                0x0000000008007a4c                EXTI1_IRQHandler
                0x0000000008007a4c                UART7_IRQHandler
                0x0000000008007a4c                USART2_IRQHandler
                0x0000000008007a4c                I2C2_ER_IRQHandler
                0x0000000008007a4c                DMA2_Stream1_IRQHandler
                0x0000000008007a4c                CAN1_SCE_IRQHandler
                0x0000000008007a4c                FLASH_IRQHandler
                0x0000000008007a4c                DMA2_Stream4_IRQHandler
                0x0000000008007a4c                USART1_IRQHandler
                0x0000000008007a4c                SPI3_IRQHandler
                0x0000000008007a4c                DMA1_Stream4_IRQHandler
                0x0000000008007a4c                I2C1_ER_IRQHandler
                0x0000000008007a4c                FMC_IRQHandler
                0x0000000008007a4c                LPTIM1_IRQHandler
                0x0000000008007a4c                I2C4_ER_IRQHandler
                0x0000000008007a4c                DMA2_Stream6_IRQHandler
                0x0000000008007a4c                SAI1_IRQHandler
                0x0000000008007a4c                DMA1_Stream3_IRQHandler
 *fill*         0x0000000008007a4e        0x2 
 .text.__errno  0x0000000008007a50        0xc /home/dawid/.eclipse/com.st.stm32cube.ide.mcu.rcp.product_1.3.0_1935175002_linux_gtk_x86_64/plugins/com.st.stm32cube.ide.mcu.externaltools.gnu-tools-for-stm32.7-2018-q2-update.linux64_1.4.0.202007081208/tools/bin/../lib/gcc/arm-none-eabi/7.3.1/../../../../arm-none-eabi/lib/thumb/v7e-m/fpv4-sp/hard/libc_nano.a(lib_a-errno.o)
                0x0000000008007a50                __errno
 .text.__libc_init_array
                0x0000000008007a5c       0x48 /home/dawid/.eclipse/com.st.stm32cube.ide.mcu.rcp.product_1.3.0_1935175002_linux_gtk_x86_64/plugins/com.st.stm32cube.ide.mcu.externaltools.gnu-tools-for-stm32.7-2018-q2-update.linux64_1.4.0.202007081208/tools/bin/../lib/gcc/arm-none-eabi/7.3.1/../../../../arm-none-eabi/lib/thumb/v7e-m/fpv4-sp/hard/libc_nano.a(lib_a-init.o)
                0x0000000008007a5c                __libc_init_array
 .text.malloc   0x0000000008007aa4       0x10 /home/dawid/.eclipse/com.st.stm32cube.ide.mcu.rcp.product_1.3.0_1935175002_linux_gtk_x86_64/plugins/com.st.stm32cube.ide.mcu.externaltools.gnu-tools-for-stm32.7-2018-q2-update.linux64_1.4.0.202007081208/tools/bin/../lib/gcc/arm-none-eabi/7.3.1/../../../../arm-none-eabi/lib/thumb/v7e-m/fpv4-sp/hard/libc_nano.a(lib_a-malloc.o)
                0x0000000008007aa4                malloc
 .text.free     0x0000000008007ab4       0x10 /home/dawid/.eclipse/com.st.stm32cube.ide.mcu.rcp.product_1.3.0_1935175002_linux_gtk_x86_64/plugins/com.st.stm32cube.ide.mcu.externaltools.gnu-tools-for-stm32.7-2018-q2-update.linux64_1.4.0.202007081208/tools/bin/../lib/gcc/arm-none-eabi/7.3.1/../../../../arm-none-eabi/lib/thumb/v7e-m/fpv4-sp/hard/libc_nano.a(lib_a-malloc.o)
                0x0000000008007ab4                free
 .text.memset   0x0000000008007ac4       0x10 /home/dawid/.eclipse/com.st.stm32cube.ide.mcu.rcp.product_1.3.0_1935175002_linux_gtk_x86_64/plugins/com.st.stm32cube.ide.mcu.externaltools.gnu-tools-for-stm32.7-2018-q2-update.linux64_1.4.0.202007081208/tools/bin/../lib/gcc/arm-none-eabi/7.3.1/../../../../arm-none-eabi/lib/thumb/v7e-m/fpv4-sp/hard/libc_nano.a(lib_a-memset.o)
                0x0000000008007ac4                memset
 .text._free_r  0x0000000008007ad4       0x9c /home/dawid/.eclipse/com.st.stm32cube.ide.mcu.rcp.product_1.3.0_1935175002_linux_gtk_x86_64/plugins/com.st.stm32cube.ide.mcu.externaltools.gnu-tools-for-stm32.7-2018-q2-update.linux64_1.4.0.202007081208/tools/bin/../lib/gcc/arm-none-eabi/7.3.1/../../../../arm-none-eabi/lib/thumb/v7e-m/fpv4-sp/hard/libc_nano.a(lib_a-nano-freer.o)
                0x0000000008007ad4                _free_r
 .text._malloc_r
                0x0000000008007b70       0xb4 /home/dawid/.eclipse/com.st.stm32cube.ide.mcu.rcp.product_1.3.0_1935175002_linux_gtk_x86_64/plugins/com.st.stm32cube.ide.mcu.externaltools.gnu-tools-for-stm32.7-2018-q2-update.linux64_1.4.0.202007081208/tools/bin/../lib/gcc/arm-none-eabi/7.3.1/../../../../arm-none-eabi/lib/thumb/v7e-m/fpv4-sp/hard/libc_nano.a(lib_a-nano-mallocr.o)
                0x0000000008007b70                _malloc_r
 .text._sbrk_r  0x0000000008007c24       0x20 /home/dawid/.eclipse/com.st.stm32cube.ide.mcu.rcp.product_1.3.0_1935175002_linux_gtk_x86_64/plugins/com.st.stm32cube.ide.mcu.externaltools.gnu-tools-for-stm32.7-2018-q2-update.linux64_1.4.0.202007081208/tools/bin/../lib/gcc/arm-none-eabi/7.3.1/../../../../arm-none-eabi/lib/thumb/v7e-m/fpv4-sp/hard/libc_nano.a(lib_a-sbrkr.o)
                0x0000000008007c24                _sbrk_r
 .text.__malloc_lock
                0x0000000008007c44        0x2 /home/dawid/.eclipse/com.st.stm32cube.ide.mcu.rcp.product_1.3.0_1935175002_linux_gtk_x86_64/plugins/com.st.stm32cube.ide.mcu.externaltools.gnu-tools-for-stm32.7-2018-q2-update.linux64_1.4.0.202007081208/tools/bin/../lib/gcc/arm-none-eabi/7.3.1/../../../../arm-none-eabi/lib/thumb/v7e-m/fpv4-sp/hard/libc_nano.a(lib_a-mlock.o)
                0x0000000008007c44                __malloc_lock
 .text.__malloc_unlock
                0x0000000008007c46        0x2 /home/dawid/.eclipse/com.st.stm32cube.ide.mcu.rcp.product_1.3.0_1935175002_linux_gtk_x86_64/plugins/com.st.stm32cube.ide.mcu.externaltools.gnu-tools-for-stm32.7-2018-q2-update.linux64_1.4.0.202007081208/tools/bin/../lib/gcc/arm-none-eabi/7.3.1/../../../../arm-none-eabi/lib/thumb/v7e-m/fpv4-sp/hard/libc_nano.a(lib_a-mlock.o)
                0x0000000008007c46                __malloc_unlock
 *(.glue_7)
 .glue_7        0x0000000008007c48        0x0 linker stubs
 *(.glue_7t)
 .glue_7t       0x0000000008007c48        0x0 linker stubs
 *(.eh_frame)
 .eh_frame      0x0000000008007c48        0x0 /home/dawid/.eclipse/com.st.stm32cube.ide.mcu.rcp.product_1.3.0_1935175002_linux_gtk_x86_64/plugins/com.st.stm32cube.ide.mcu.externaltools.gnu-tools-for-stm32.7-2018-q2-update.linux64_1.4.0.202007081208/tools/bin/../lib/gcc/arm-none-eabi/7.3.1/thumb/v7e-m/fpv4-sp/hard/crtbegin.o
 *(.init)
 .init          0x0000000008007c48        0x4 /home/dawid/.eclipse/com.st.stm32cube.ide.mcu.rcp.product_1.3.0_1935175002_linux_gtk_x86_64/plugins/com.st.stm32cube.ide.mcu.externaltools.gnu-tools-for-stm32.7-2018-q2-update.linux64_1.4.0.202007081208/tools/bin/../lib/gcc/arm-none-eabi/7.3.1/thumb/v7e-m/fpv4-sp/hard/crti.o
                0x0000000008007c48                _init
 .init          0x0000000008007c4c        0x8 /home/dawid/.eclipse/com.st.stm32cube.ide.mcu.rcp.product_1.3.0_1935175002_linux_gtk_x86_64/plugins/com.st.stm32cube.ide.mcu.externaltools.gnu-tools-for-stm32.7-2018-q2-update.linux64_1.4.0.202007081208/tools/bin/../lib/gcc/arm-none-eabi/7.3.1/thumb/v7e-m/fpv4-sp/hard/crtn.o
 *(.fini)
 .fini          0x0000000008007c54        0x4 /home/dawid/.eclipse/com.st.stm32cube.ide.mcu.rcp.product_1.3.0_1935175002_linux_gtk_x86_64/plugins/com.st.stm32cube.ide.mcu.externaltools.gnu-tools-for-stm32.7-2018-q2-update.linux64_1.4.0.202007081208/tools/bin/../lib/gcc/arm-none-eabi/7.3.1/thumb/v7e-m/fpv4-sp/hard/crti.o
                0x0000000008007c54                _fini
 .fini          0x0000000008007c58        0x8 /home/dawid/.eclipse/com.st.stm32cube.ide.mcu.rcp.product_1.3.0_1935175002_linux_gtk_x86_64/plugins/com.st.stm32cube.ide.mcu.externaltools.gnu-tools-for-stm32.7-2018-q2-update.linux64_1.4.0.202007081208/tools/bin/../lib/gcc/arm-none-eabi/7.3.1/thumb/v7e-m/fpv4-sp/hard/crtn.o
                0x0000000008007c60                . = ALIGN (0x4)
                0x0000000008007c60                _etext = .

.vfp11_veneer   0x0000000008007c60        0x0
 .vfp11_veneer  0x0000000008007c60        0x0 linker stubs

.v4_bx          0x0000000008007c60        0x0
 .v4_bx         0x0000000008007c60        0x0 linker stubs

.iplt           0x0000000008007c60        0x0
 .iplt          0x0000000008007c60        0x0 /home/dawid/.eclipse/com.st.stm32cube.ide.mcu.rcp.product_1.3.0_1935175002_linux_gtk_x86_64/plugins/com.st.stm32cube.ide.mcu.externaltools.gnu-tools-for-stm32.7-2018-q2-update.linux64_1.4.0.202007081208/tools/bin/../lib/gcc/arm-none-eabi/7.3.1/thumb/v7e-m/fpv4-sp/hard/crtbegin.o

.rodata         0x0000000008007c60       0x78
                0x0000000008007c60                . = ALIGN (0x4)
 *(.rodata)
 .rodata        0x0000000008007c60       0x11 Drivers/STM32F7xx_HAL_Driver/Src/stm32f7xx_hal_uart.o
 *fill*         0x0000000008007c71        0x3 
 .rodata        0x0000000008007c74       0x10 Src/main.o
 .rodata        0x0000000008007c84       0x18 Src/system_stm32f7xx.o
                0x0000000008007c84                AHBPrescTable
                0x0000000008007c94                APBPrescTable
 .rodata        0x0000000008007c9c        0x4 Src/usbd_conf.o
 *(.rodata*)
 .rodata.str1.4
                0x0000000008007ca0       0x38 Src/usbd_desc.o
                                         0x37 (size before relaxing)
                0x0000000008007cd8                . = ALIGN (0x4)

.ARM.extab
 *(.ARM.extab* .gnu.linkonce.armextab.*)

.ARM            0x0000000008007cd8        0x8
                0x0000000008007cd8                __exidx_start = .
 *(.ARM.exidx*)
 .ARM.exidx     0x0000000008007cd8        0x8 /home/dawid/.eclipse/com.st.stm32cube.ide.mcu.rcp.product_1.3.0_1935175002_linux_gtk_x86_64/plugins/com.st.stm32cube.ide.mcu.externaltools.gnu-tools-for-stm32.7-2018-q2-update.linux64_1.4.0.202007081208/tools/bin/../lib/gcc/arm-none-eabi/7.3.1/thumb/v7e-m/fpv4-sp/hard/libgcc.a(_udivmoddi4.o)
                0x0000000008007ce0                __exidx_end = .

.rel.dyn        0x0000000008007ce0        0x0
 .rel.iplt      0x0000000008007ce0        0x0 /home/dawid/.eclipse/com.st.stm32cube.ide.mcu.rcp.product_1.3.0_1935175002_linux_gtk_x86_64/plugins/com.st.stm32cube.ide.mcu.externaltools.gnu-tools-for-stm32.7-2018-q2-update.linux64_1.4.0.202007081208/tools/bin/../lib/gcc/arm-none-eabi/7.3.1/thumb/v7e-m/fpv4-sp/hard/crtbegin.o

.preinit_array  0x0000000008007ce0        0x0
                0x0000000008007ce0                PROVIDE (__preinit_array_start = .)
 *(.preinit_array*)
                0x0000000008007ce0                PROVIDE (__preinit_array_end = .)

.init_array     0x0000000008007ce0        0x4
                0x0000000008007ce0                PROVIDE (__init_array_start = .)
 *(SORT_BY_NAME(.init_array.*))
 *(.init_array*)
 .init_array    0x0000000008007ce0        0x4 /home/dawid/.eclipse/com.st.stm32cube.ide.mcu.rcp.product_1.3.0_1935175002_linux_gtk_x86_64/plugins/com.st.stm32cube.ide.mcu.externaltools.gnu-tools-for-stm32.7-2018-q2-update.linux64_1.4.0.202007081208/tools/bin/../lib/gcc/arm-none-eabi/7.3.1/thumb/v7e-m/fpv4-sp/hard/crtbegin.o
                0x0000000008007ce4                PROVIDE (__init_array_end = .)

.fini_array     0x0000000008007ce4        0x4
                [!provide]                        PROVIDE (__fini_array_start = .)
 *(SORT_BY_NAME(.fini_array.*))
 *(.fini_array*)
 .fini_array    0x0000000008007ce4        0x4 /home/dawid/.eclipse/com.st.stm32cube.ide.mcu.rcp.product_1.3.0_1935175002_linux_gtk_x86_64/plugins/com.st.stm32cube.ide.mcu.externaltools.gnu-tools-for-stm32.7-2018-q2-update.linux64_1.4.0.202007081208/tools/bin/../lib/gcc/arm-none-eabi/7.3.1/thumb/v7e-m/fpv4-sp/hard/crtbegin.o
                [!provide]                        PROVIDE (__fini_array_end = .)
                0x0000000008007ce8                _sidata = LOADADDR (.data)

.data           0x0000000020000000      0x25c load address 0x0000000008007ce8
                0x0000000020000000                . = ALIGN (0x4)
                0x0000000020000000                _sdata = .
 *(.data)
 .data          0x0000000020000000        0x8 Drivers/STM32F7xx_HAL_Driver/Src/stm32f7xx_hal.o
                0x0000000020000000                uwTickFreq
                0x0000000020000004                uwTickPrio
 .data          0x0000000020000008      0x17c Middlewares/WELES/STM32_USB_Device_Library/Class/MIDI/Src/usbd_midi.o
                0x0000000020000008                USBD_MIDI_CfgFSDesc
                0x0000000020000070                USBD_MIDI_CfgHSDesc
                0x00000000200000d8                USBD_MIDI_OtherSpeedCfgDesc
                0x000000002000014c                USBD_MIDI
 .data          0x0000000020000184        0x4 Src/system_stm32f7xx.o
                0x0000000020000184                SystemCoreClock
 .data          0x0000000020000188       0x60 Src/usbd_desc.o
                0x0000000020000188                USBD_FS_DeviceDesc
                0x000000002000019c                USBD_LangIDDesc
                0x00000000200001a0                USBD_FS_BOSDesc
                0x00000000200001ac                USBD_StringSerial
                0x00000000200001c8                FS_Desc
 .data          0x00000000200001e8       0x10 Src/usbd_midi_if.o
                0x00000000200001e8                USBD_Interface_fops_FS
 *(.data*)
 .data._impure_ptr
                0x00000000200001f8        0x4 /home/dawid/.eclipse/com.st.stm32cube.ide.mcu.rcp.product_1.3.0_1935175002_linux_gtk_x86_64/plugins/com.st.stm32cube.ide.mcu.externaltools.gnu-tools-for-stm32.7-2018-q2-update.linux64_1.4.0.202007081208/tools/bin/../lib/gcc/arm-none-eabi/7.3.1/../../../../arm-none-eabi/lib/thumb/v7e-m/fpv4-sp/hard/libc_nano.a(lib_a-impure.o)
                0x00000000200001f8                _impure_ptr
 .data.impure_data
                0x00000000200001fc       0x60 /home/dawid/.eclipse/com.st.stm32cube.ide.mcu.rcp.product_1.3.0_1935175002_linux_gtk_x86_64/plugins/com.st.stm32cube.ide.mcu.externaltools.gnu-tools-for-stm32.7-2018-q2-update.linux64_1.4.0.202007081208/tools/bin/../lib/gcc/arm-none-eabi/7.3.1/../../../../arm-none-eabi/lib/thumb/v7e-m/fpv4-sp/hard/libc_nano.a(lib_a-impure.o)
                0x000000002000025c                . = ALIGN (0x4)
                0x000000002000025c                _edata = .

.igot.plt       0x000000002000025c        0x0 load address 0x0000000008007f44
 .igot.plt      0x000000002000025c        0x0 /home/dawid/.eclipse/com.st.stm32cube.ide.mcu.rcp.product_1.3.0_1935175002_linux_gtk_x86_64/plugins/com.st.stm32cube.ide.mcu.externaltools.gnu-tools-for-stm32.7-2018-q2-update.linux64_1.4.0.202007081208/tools/bin/../lib/gcc/arm-none-eabi/7.3.1/thumb/v7e-m/fpv4-sp/hard/crtbegin.o
                0x000000002000025c                . = ALIGN (0x4)

.bss            0x000000002000025c     0x294c load address 0x0000000008007f44
                0x000000002000025c                _sbss = .
                0x000000002000025c                __bss_start__ = _sbss
 *(.bss)
 .bss           0x000000002000025c       0x1c /home/dawid/.eclipse/com.st.stm32cube.ide.mcu.rcp.product_1.3.0_1935175002_linux_gtk_x86_64/plugins/com.st.stm32cube.ide.mcu.externaltools.gnu-tools-for-stm32.7-2018-q2-update.linux64_1.4.0.202007081208/tools/bin/../lib/gcc/arm-none-eabi/7.3.1/thumb/v7e-m/fpv4-sp/hard/crtbegin.o
 .bss           0x0000000020000278        0x1 Middlewares/WELES/STM32_USB_Device_Library/Class/MIDI/Src/usbd_midi.o
 .bss           0x0000000020000279        0x1 Middlewares/WELES/STM32_USB_Device_Library/Core/Src/usbd_ctlreq.o
 *fill*         0x000000002000027a        0x2 
 .bss           0x000000002000027c        0xc Src/main.o
 .bss           0x0000000020000288        0x8 Src/syscalls.o
                0x000000002000028c                __env
 *(.bss*)
 .bss.__malloc_free_list
                0x0000000020000290        0x4 /home/dawid/.eclipse/com.st.stm32cube.ide.mcu.rcp.product_1.3.0_1935175002_linux_gtk_x86_64/plugins/com.st.stm32cube.ide.mcu.externaltools.gnu-tools-for-stm32.7-2018-q2-update.linux64_1.4.0.202007081208/tools/bin/../lib/gcc/arm-none-eabi/7.3.1/../../../../arm-none-eabi/lib/thumb/v7e-m/fpv4-sp/hard/libc_nano.a(lib_a-nano-mallocr.o)
                0x0000000020000290                __malloc_free_list
 .bss.__malloc_sbrk_start
                0x0000000020000294        0x4 /home/dawid/.eclipse/com.st.stm32cube.ide.mcu.rcp.product_1.3.0_1935175002_linux_gtk_x86_64/plugins/com.st.stm32cube.ide.mcu.externaltools.gnu-tools-for-stm32.7-2018-q2-update.linux64_1.4.0.202007081208/tools/bin/../lib/gcc/arm-none-eabi/7.3.1/../../../../arm-none-eabi/lib/thumb/v7e-m/fpv4-sp/hard/libc_nano.a(lib_a-nano-mallocr.o)
                0x0000000020000294                __malloc_sbrk_start
 *(COMMON)
 COMMON         0x0000000020000298        0x4 Drivers/STM32F7xx_HAL_Driver/Src/stm32f7xx_hal.o
                0x0000000020000298                uwTick
 COMMON         0x000000002000029c       0x48 Src/adc.o
                0x000000002000029c                hadc1
 COMMON         0x00000000200002e4      0x3fc Src/fifo.o
                0x00000000200002e4                fifoData
 COMMON         0x00000000200006e0      0x130 Src/i2c.o
                0x00000000200006e0                hi2c3
                0x000000002000072c                hi2c4
                0x0000000020000778                hi2c1
                0x00000000200007c4                hi2c2
 COMMON         0x0000000020000810      0x734 Src/main.o
                0x0000000020000810                i2cOutputsConfig
                0x0000000020000820                lastMidiMessage
                0x0000000020000824                midiOutData
                0x0000000020000828                rxCount
                0x000000002000082c                fifo
                0x0000000020000838                outputs
                0x0000000020000f38                rxLastMsg
                0x0000000020000f3c                rxBuff
                0x0000000020000f40                midiOutLastData
 COMMON         0x0000000020000f44      0x340 Src/tim.o
                0x0000000020000f44                htim8
                0x0000000020000f84                htim4
                0x0000000020000fc4                htim10
                0x0000000020001004                htim5
                0x0000000020001044                htim3
                0x0000000020001084                htim13
                0x00000000200010c4                htim11
                0x0000000020001104                htim6
                0x0000000020001144                htim1
                0x0000000020001184                htim9
                0x00000000200011c4                htim2
                0x0000000020001204                htim14
                0x0000000020001244                htim12
 COMMON         0x0000000020001284       0x80 Src/usart.o
                0x0000000020001284                huart8
 COMMON         0x0000000020001304      0x29c Src/usb_device.o
                0x0000000020001304                hUsbDeviceFS
 COMMON         0x00000000200015a0      0x404 Src/usbd_conf.o
                0x00000000200015a0                hpcd_USB_OTG_FS
 COMMON         0x00000000200019a4      0x200 Src/usbd_desc.o
                0x00000000200019a4                USBD_StrDesc
 COMMON         0x0000000020001ba4     0x1000 Src/usbd_midi_if.o
                0x0000000020001ba4                UserRxBufferFS
                0x00000000200023a4                UserTxBufferFS
 COMMON         0x0000000020002ba4        0x4 /home/dawid/.eclipse/com.st.stm32cube.ide.mcu.rcp.product_1.3.0_1935175002_linux_gtk_x86_64/plugins/com.st.stm32cube.ide.mcu.externaltools.gnu-tools-for-stm32.7-2018-q2-update.linux64_1.4.0.202007081208/tools/bin/../lib/gcc/arm-none-eabi/7.3.1/../../../../arm-none-eabi/lib/thumb/v7e-m/fpv4-sp/hard/libc_nano.a(lib_a-reent.o)
                0x0000000020002ba4                errno
                0x0000000020002ba8                . = ALIGN (0x4)
                0x0000000020002ba8                _ebss = .
                0x0000000020002ba8                __bss_end__ = _ebss

._user_heap_stack
                0x0000000020002ba8      0x600 load address 0x0000000008007f44
                0x0000000020002ba8                . = ALIGN (0x8)
                0x0000000020002ba8                PROVIDE (end = .)
                [!provide]                        PROVIDE (_end = .)
                0x0000000020002da8                . = (. + _Min_Heap_Size)
 *fill*         0x0000000020002ba8      0x200 
                0x00000000200031a8                . = (. + _Min_Stack_Size)
 *fill*         0x0000000020002da8      0x400 
                0x00000000200031a8                . = ALIGN (0x8)

/DISCARD/
 libc.a(*)
 libm.a(*)
 libgcc.a(*)

.ARM.attributes
                0x0000000000000000       0x30
 *(.ARM.attributes)
 .ARM.attributes
                0x0000000000000000       0x22 /home/dawid/.eclipse/com.st.stm32cube.ide.mcu.rcp.product_1.3.0_1935175002_linux_gtk_x86_64/plugins/com.st.stm32cube.ide.mcu.externaltools.gnu-tools-for-stm32.7-2018-q2-update.linux64_1.4.0.202007081208/tools/bin/../lib/gcc/arm-none-eabi/7.3.1/thumb/v7e-m/fpv4-sp/hard/crti.o
 .ARM.attributes
                0x0000000000000022       0x34 /home/dawid/.eclipse/com.st.stm32cube.ide.mcu.rcp.product_1.3.0_1935175002_linux_gtk_x86_64/plugins/com.st.stm32cube.ide.mcu.externaltools.gnu-tools-for-stm32.7-2018-q2-update.linux64_1.4.0.202007081208/tools/bin/../lib/gcc/arm-none-eabi/7.3.1/thumb/v7e-m/fpv4-sp/hard/crtbegin.o
 .ARM.attributes
                0x0000000000000056       0x39 Drivers/STM32F7xx_HAL_Driver/Src/stm32f7xx_hal.o
 .ARM.attributes
                0x000000000000008f       0x39 Drivers/STM32F7xx_HAL_Driver/Src/stm32f7xx_hal_adc.o
 .ARM.attributes
                0x00000000000000c8       0x39 Drivers/STM32F7xx_HAL_Driver/Src/stm32f7xx_hal_cortex.o
 .ARM.attributes
                0x0000000000000101       0x39 Drivers/STM32F7xx_HAL_Driver/Src/stm32f7xx_hal_dma.o
 .ARM.attributes
                0x000000000000013a       0x39 Drivers/STM32F7xx_HAL_Driver/Src/stm32f7xx_hal_gpio.o
 .ARM.attributes
                0x0000000000000173       0x39 Drivers/STM32F7xx_HAL_Driver/Src/stm32f7xx_hal_i2c.o
 .ARM.attributes
                0x00000000000001ac       0x39 Drivers/STM32F7xx_HAL_Driver/Src/stm32f7xx_hal_i2c_ex.o
 .ARM.attributes
                0x00000000000001e5       0x39 Drivers/STM32F7xx_HAL_Driver/Src/stm32f7xx_hal_pcd.o
 .ARM.attributes
                0x000000000000021e       0x39 Drivers/STM32F7xx_HAL_Driver/Src/stm32f7xx_hal_pcd_ex.o
 .ARM.attributes
                0x0000000000000257       0x39 Drivers/STM32F7xx_HAL_Driver/Src/stm32f7xx_hal_pwr_ex.o
 .ARM.attributes
                0x0000000000000290       0x39 Drivers/STM32F7xx_HAL_Driver/Src/stm32f7xx_hal_rcc.o
 .ARM.attributes
                0x00000000000002c9       0x39 Drivers/STM32F7xx_HAL_Driver/Src/stm32f7xx_hal_rcc_ex.o
 .ARM.attributes
                0x0000000000000302       0x39 Drivers/STM32F7xx_HAL_Driver/Src/stm32f7xx_hal_tim.o
 .ARM.attributes
                0x000000000000033b       0x39 Drivers/STM32F7xx_HAL_Driver/Src/stm32f7xx_hal_tim_ex.o
 .ARM.attributes
                0x0000000000000374       0x39 Drivers/STM32F7xx_HAL_Driver/Src/stm32f7xx_hal_uart.o
 .ARM.attributes
                0x00000000000003ad       0x39 Drivers/STM32F7xx_HAL_Driver/Src/stm32f7xx_ll_usb.o
 .ARM.attributes
                0x00000000000003e6       0x39 Middlewares/WELES/STM32_USB_Device_Library/Class/MIDI/Src/usbd_midi.o
 .ARM.attributes
                0x000000000000041f       0x39 Middlewares/WELES/STM32_USB_Device_Library/Core/Src/usbd_core.o
 .ARM.attributes
                0x0000000000000458       0x39 Middlewares/WELES/STM32_USB_Device_Library/Core/Src/usbd_ctlreq.o
 .ARM.attributes
                0x0000000000000491       0x39 Middlewares/WELES/STM32_USB_Device_Library/Core/Src/usbd_ioreq.o
 .ARM.attributes
                0x00000000000004ca       0x39 Src/adc.o
 .ARM.attributes
                0x0000000000000503       0x39 Src/fifo.o
 .ARM.attributes
                0x000000000000053c       0x39 Src/gfxsimulator.o
 .ARM.attributes
                0x0000000000000575       0x39 Src/gpio.o
 .ARM.attributes
                0x00000000000005ae       0x39 Src/i2c.o
 .ARM.attributes
                0x00000000000005e7       0x39 Src/main.o
 .ARM.attributes
                0x0000000000000620       0x39 Src/stm32f7xx_hal_msp.o
 .ARM.attributes
                0x0000000000000659       0x39 Src/stm32f7xx_it.o
 .ARM.attributes
                0x0000000000000692       0x39 Src/syscalls.o
 .ARM.attributes
                0x00000000000006cb       0x39 Src/system_stm32f7xx.o
 .ARM.attributes
                0x0000000000000704       0x39 Src/tim.o
 .ARM.attributes
                0x000000000000073d       0x39 Src/usart.o
 .ARM.attributes
                0x0000000000000776       0x39 Src/usb_device.o
 .ARM.attributes
                0x00000000000007af       0x39 Src/usbd_conf.o
 .ARM.attributes
                0x00000000000007e8       0x39 Src/usbd_desc.o
 .ARM.attributes
                0x0000000000000821       0x39 Src/usbd_midi_if.o
 .ARM.attributes
                0x000000000000085a       0x21 startup/startup_stm32f750xx.o
 .ARM.attributes
                0x000000000000087b       0x34 /home/dawid/.eclipse/com.st.stm32cube.ide.mcu.rcp.product_1.3.0_1935175002_linux_gtk_x86_64/plugins/com.st.stm32cube.ide.mcu.externaltools.gnu-tools-for-stm32.7-2018-q2-update.linux64_1.4.0.202007081208/tools/bin/../lib/gcc/arm-none-eabi/7.3.1/../../../../arm-none-eabi/lib/thumb/v7e-m/fpv4-sp/hard/libc_nano.a(lib_a-errno.o)
 .ARM.attributes
                0x00000000000008af       0x34 /home/dawid/.eclipse/com.st.stm32cube.ide.mcu.rcp.product_1.3.0_1935175002_linux_gtk_x86_64/plugins/com.st.stm32cube.ide.mcu.externaltools.gnu-tools-for-stm32.7-2018-q2-update.linux64_1.4.0.202007081208/tools/bin/../lib/gcc/arm-none-eabi/7.3.1/../../../../arm-none-eabi/lib/thumb/v7e-m/fpv4-sp/hard/libc_nano.a(lib_a-impure.o)
 .ARM.attributes
                0x00000000000008e3       0x34 /home/dawid/.eclipse/com.st.stm32cube.ide.mcu.rcp.product_1.3.0_1935175002_linux_gtk_x86_64/plugins/com.st.stm32cube.ide.mcu.externaltools.gnu-tools-for-stm32.7-2018-q2-update.linux64_1.4.0.202007081208/tools/bin/../lib/gcc/arm-none-eabi/7.3.1/../../../../arm-none-eabi/lib/thumb/v7e-m/fpv4-sp/hard/libc_nano.a(lib_a-init.o)
 .ARM.attributes
                0x0000000000000917       0x34 /home/dawid/.eclipse/com.st.stm32cube.ide.mcu.rcp.product_1.3.0_1935175002_linux_gtk_x86_64/plugins/com.st.stm32cube.ide.mcu.externaltools.gnu-tools-for-stm32.7-2018-q2-update.linux64_1.4.0.202007081208/tools/bin/../lib/gcc/arm-none-eabi/7.3.1/../../../../arm-none-eabi/lib/thumb/v7e-m/fpv4-sp/hard/libc_nano.a(lib_a-malloc.o)
 .ARM.attributes
                0x000000000000094b       0x34 /home/dawid/.eclipse/com.st.stm32cube.ide.mcu.rcp.product_1.3.0_1935175002_linux_gtk_x86_64/plugins/com.st.stm32cube.ide.mcu.externaltools.gnu-tools-for-stm32.7-2018-q2-update.linux64_1.4.0.202007081208/tools/bin/../lib/gcc/arm-none-eabi/7.3.1/../../../../arm-none-eabi/lib/thumb/v7e-m/fpv4-sp/hard/libc_nano.a(lib_a-memset.o)
 .ARM.attributes
                0x000000000000097f       0x34 /home/dawid/.eclipse/com.st.stm32cube.ide.mcu.rcp.product_1.3.0_1935175002_linux_gtk_x86_64/plugins/com.st.stm32cube.ide.mcu.externaltools.gnu-tools-for-stm32.7-2018-q2-update.linux64_1.4.0.202007081208/tools/bin/../lib/gcc/arm-none-eabi/7.3.1/../../../../arm-none-eabi/lib/thumb/v7e-m/fpv4-sp/hard/libc_nano.a(lib_a-nano-freer.o)
 .ARM.attributes
                0x00000000000009b3       0x34 /home/dawid/.eclipse/com.st.stm32cube.ide.mcu.rcp.product_1.3.0_1935175002_linux_gtk_x86_64/plugins/com.st.stm32cube.ide.mcu.externaltools.gnu-tools-for-stm32.7-2018-q2-update.linux64_1.4.0.202007081208/tools/bin/../lib/gcc/arm-none-eabi/7.3.1/../../../../arm-none-eabi/lib/thumb/v7e-m/fpv4-sp/hard/libc_nano.a(lib_a-nano-mallocr.o)
 .ARM.attributes
                0x00000000000009e7       0x34 /home/dawid/.eclipse/com.st.stm32cube.ide.mcu.rcp.product_1.3.0_1935175002_linux_gtk_x86_64/plugins/com.st.stm32cube.ide.mcu.externaltools.gnu-tools-for-stm32.7-2018-q2-update.linux64_1.4.0.202007081208/tools/bin/../lib/gcc/arm-none-eabi/7.3.1/../../../../arm-none-eabi/lib/thumb/v7e-m/fpv4-sp/hard/libc_nano.a(lib_a-sbrkr.o)
 .ARM.attributes
                0x0000000000000a1b       0x34 /home/dawid/.eclipse/com.st.stm32cube.ide.mcu.rcp.product_1.3.0_1935175002_linux_gtk_x86_64/plugins/com.st.stm32cube.ide.mcu.externaltools.gnu-tools-for-stm32.7-2018-q2-update.linux64_1.4.0.202007081208/tools/bin/../lib/gcc/arm-none-eabi/7.3.1/../../../../arm-none-eabi/lib/thumb/v7e-m/fpv4-sp/hard/libc_nano.a(lib_a-mlock.o)
 .ARM.attributes
                0x0000000000000a4f       0x34 /home/dawid/.eclipse/com.st.stm32cube.ide.mcu.rcp.product_1.3.0_1935175002_linux_gtk_x86_64/plugins/com.st.stm32cube.ide.mcu.externaltools.gnu-tools-for-stm32.7-2018-q2-update.linux64_1.4.0.202007081208/tools/bin/../lib/gcc/arm-none-eabi/7.3.1/../../../../arm-none-eabi/lib/thumb/v7e-m/fpv4-sp/hard/libc_nano.a(lib_a-reent.o)
 .ARM.attributes
                0x0000000000000a83       0x22 /home/dawid/.eclipse/com.st.stm32cube.ide.mcu.rcp.product_1.3.0_1935175002_linux_gtk_x86_64/plugins/com.st.stm32cube.ide.mcu.externaltools.gnu-tools-for-stm32.7-2018-q2-update.linux64_1.4.0.202007081208/tools/bin/../lib/gcc/arm-none-eabi/7.3.1/thumb/v7e-m/fpv4-sp/hard/libgcc.a(_aeabi_uldivmod.o)
 .ARM.attributes
                0x0000000000000aa5       0x34 /home/dawid/.eclipse/com.st.stm32cube.ide.mcu.rcp.product_1.3.0_1935175002_linux_gtk_x86_64/plugins/com.st.stm32cube.ide.mcu.externaltools.gnu-tools-for-stm32.7-2018-q2-update.linux64_1.4.0.202007081208/tools/bin/../lib/gcc/arm-none-eabi/7.3.1/thumb/v7e-m/fpv4-sp/hard/libgcc.a(_udivmoddi4.o)
 .ARM.attributes
                0x0000000000000ad9       0x22 /home/dawid/.eclipse/com.st.stm32cube.ide.mcu.rcp.product_1.3.0_1935175002_linux_gtk_x86_64/plugins/com.st.stm32cube.ide.mcu.externaltools.gnu-tools-for-stm32.7-2018-q2-update.linux64_1.4.0.202007081208/tools/bin/../lib/gcc/arm-none-eabi/7.3.1/thumb/v7e-m/fpv4-sp/hard/libgcc.a(_dvmd_tls.o)
 .ARM.attributes
                0x0000000000000afb       0x22 /home/dawid/.eclipse/com.st.stm32cube.ide.mcu.rcp.product_1.3.0_1935175002_linux_gtk_x86_64/plugins/com.st.stm32cube.ide.mcu.externaltools.gnu-tools-for-stm32.7-2018-q2-update.linux64_1.4.0.202007081208/tools/bin/../lib/gcc/arm-none-eabi/7.3.1/thumb/v7e-m/fpv4-sp/hard/crtn.o
OUTPUT(MIDI-to-PWM-Controller.elf elf32-littlearm)

.debug_info     0x0000000000000000    0x2c8cf
 .debug_info    0x0000000000000000      0xb0b Drivers/STM32F7xx_HAL_Driver/Src/stm32f7xx_hal.o
 .debug_info    0x0000000000000b0b      0xd9e Drivers/STM32F7xx_HAL_Driver/Src/stm32f7xx_hal_adc.o
 .debug_info    0x00000000000018a9     0x11ae Drivers/STM32F7xx_HAL_Driver/Src/stm32f7xx_hal_cortex.o
 .debug_info    0x0000000000002a57      0xad4 Drivers/STM32F7xx_HAL_Driver/Src/stm32f7xx_hal_dma.o
 .debug_info    0x000000000000352b      0x7f0 Drivers/STM32F7xx_HAL_Driver/Src/stm32f7xx_hal_gpio.o
 .debug_info    0x0000000000003d1b     0x425a Drivers/STM32F7xx_HAL_Driver/Src/stm32f7xx_hal_i2c.o
 .debug_info    0x0000000000007f75      0x73d Drivers/STM32F7xx_HAL_Driver/Src/stm32f7xx_hal_i2c_ex.o
 .debug_info    0x00000000000086b2     0x185f Drivers/STM32F7xx_HAL_Driver/Src/stm32f7xx_hal_pcd.o
 .debug_info    0x0000000000009f11      0x818 Drivers/STM32F7xx_HAL_Driver/Src/stm32f7xx_hal_pcd_ex.o
 .debug_info    0x000000000000a729      0xa34 Drivers/STM32F7xx_HAL_Driver/Src/stm32f7xx_hal_pwr_ex.o
 .debug_info    0x000000000000b15d      0xb6d Drivers/STM32F7xx_HAL_Driver/Src/stm32f7xx_hal_rcc.o
 .debug_info    0x000000000000bcca      0x8a5 Drivers/STM32F7xx_HAL_Driver/Src/stm32f7xx_hal_rcc_ex.o
 .debug_info    0x000000000000c56f     0x3b41 Drivers/STM32F7xx_HAL_Driver/Src/stm32f7xx_hal_tim.o
 .debug_info    0x00000000000100b0     0x155b Drivers/STM32F7xx_HAL_Driver/Src/stm32f7xx_hal_tim_ex.o
 .debug_info    0x000000000001160b     0x1c9f Drivers/STM32F7xx_HAL_Driver/Src/stm32f7xx_hal_uart.o
 .debug_info    0x00000000000132aa     0x1eab Drivers/STM32F7xx_HAL_Driver/Src/stm32f7xx_ll_usb.o
 .debug_info    0x0000000000015155     0x1694 Middlewares/WELES/STM32_USB_Device_Library/Class/MIDI/Src/usbd_midi.o
 .debug_info    0x00000000000167e9     0x15de Middlewares/WELES/STM32_USB_Device_Library/Core/Src/usbd_core.o
 .debug_info    0x0000000000017dc7     0x179e Middlewares/WELES/STM32_USB_Device_Library/Core/Src/usbd_ctlreq.o
 .debug_info    0x0000000000019565     0x10de Middlewares/WELES/STM32_USB_Device_Library/Core/Src/usbd_ioreq.o
 .debug_info    0x000000000001a643      0xb9f Src/adc.o
 .debug_info    0x000000000001b1e2      0x203 Src/fifo.o
 .debug_info    0x000000000001b3e5      0x231 Src/gfxsimulator.o
 .debug_info    0x000000000001b616      0x71c Src/gpio.o
 .debug_info    0x000000000001bd32      0xf25 Src/i2c.o
 .debug_info    0x000000000001cc57     0x4bc2 Src/main.o
 .debug_info    0x0000000000021819      0x434 Src/stm32f7xx_hal_msp.o
 .debug_info    0x0000000000021c4d      0xf7e Src/stm32f7xx_it.o
 .debug_info    0x0000000000022bcb      0xfe9 Src/syscalls.o
 .debug_info    0x0000000000023bb4      0x742 Src/system_stm32f7xx.o
 .debug_info    0x00000000000242f6     0x1e62 Src/tim.o
 .debug_info    0x0000000000026158      0xe58 Src/usart.o
 .debug_info    0x0000000000026fb0      0xfe1 Src/usb_device.o
 .debug_info    0x0000000000027f91     0x27c6 Src/usbd_conf.o
 .debug_info    0x000000000002a757      0xfad Src/usbd_desc.o
 .debug_info    0x000000000002b704     0x11cb Src/usbd_midi_if.o

.debug_abbrev   0x0000000000000000     0x5969
 .debug_abbrev  0x0000000000000000      0x240 Drivers/STM32F7xx_HAL_Driver/Src/stm32f7xx_hal.o
 .debug_abbrev  0x0000000000000240      0x298 Drivers/STM32F7xx_HAL_Driver/Src/stm32f7xx_hal_adc.o
 .debug_abbrev  0x00000000000004d8      0x317 Drivers/STM32F7xx_HAL_Driver/Src/stm32f7xx_hal_cortex.o
 .debug_abbrev  0x00000000000007ef      0x301 Drivers/STM32F7xx_HAL_Driver/Src/stm32f7xx_hal_dma.o
 .debug_abbrev  0x0000000000000af0      0x203 Drivers/STM32F7xx_HAL_Driver/Src/stm32f7xx_hal_gpio.o
 .debug_abbrev  0x0000000000000cf3      0x3b9 Drivers/STM32F7xx_HAL_Driver/Src/stm32f7xx_hal_i2c.o
 .debug_abbrev  0x00000000000010ac      0x178 Drivers/STM32F7xx_HAL_Driver/Src/stm32f7xx_hal_i2c_ex.o
 .debug_abbrev  0x0000000000001224      0x348 Drivers/STM32F7xx_HAL_Driver/Src/stm32f7xx_hal_pcd.o
 .debug_abbrev  0x000000000000156c      0x1f2 Drivers/STM32F7xx_HAL_Driver/Src/stm32f7xx_hal_pcd_ex.o
 .debug_abbrev  0x000000000000175e      0x1be Drivers/STM32F7xx_HAL_Driver/Src/stm32f7xx_hal_pwr_ex.o
 .debug_abbrev  0x000000000000191c      0x28f Drivers/STM32F7xx_HAL_Driver/Src/stm32f7xx_hal_rcc.o
 .debug_abbrev  0x0000000000001bab      0x1cd Drivers/STM32F7xx_HAL_Driver/Src/stm32f7xx_hal_rcc_ex.o
 .debug_abbrev  0x0000000000001d78      0x341 Drivers/STM32F7xx_HAL_Driver/Src/stm32f7xx_hal_tim.o
 .debug_abbrev  0x00000000000020b9      0x2eb Drivers/STM32F7xx_HAL_Driver/Src/stm32f7xx_hal_tim_ex.o
 .debug_abbrev  0x00000000000023a4      0x350 Drivers/STM32F7xx_HAL_Driver/Src/stm32f7xx_hal_uart.o
 .debug_abbrev  0x00000000000026f4      0x37b Drivers/STM32F7xx_HAL_Driver/Src/stm32f7xx_ll_usb.o
 .debug_abbrev  0x0000000000002a6f      0x2f6 Middlewares/WELES/STM32_USB_Device_Library/Class/MIDI/Src/usbd_midi.o
 .debug_abbrev  0x0000000000002d65      0x300 Middlewares/WELES/STM32_USB_Device_Library/Core/Src/usbd_core.o
 .debug_abbrev  0x0000000000003065      0x3a6 Middlewares/WELES/STM32_USB_Device_Library/Core/Src/usbd_ctlreq.o
 .debug_abbrev  0x000000000000340b      0x1fc Middlewares/WELES/STM32_USB_Device_Library/Core/Src/usbd_ioreq.o
 .debug_abbrev  0x0000000000003607      0x1d5 Src/adc.o
 .debug_abbrev  0x00000000000037dc      0x119 Src/fifo.o
 .debug_abbrev  0x00000000000038f5       0xd3 Src/gfxsimulator.o
 .debug_abbrev  0x00000000000039c8      0x174 Src/gpio.o
 .debug_abbrev  0x0000000000003b3c      0x241 Src/i2c.o
 .debug_abbrev  0x0000000000003d7d      0x521 Src/main.o
 .debug_abbrev  0x000000000000429e      0x12c Src/stm32f7xx_hal_msp.o
 .debug_abbrev  0x00000000000043ca      0x203 Src/stm32f7xx_it.o
 .debug_abbrev  0x00000000000045cd      0x2dc Src/syscalls.o
 .debug_abbrev  0x00000000000048a9      0x147 Src/system_stm32f7xx.o
 .debug_abbrev  0x00000000000049f0      0x25b Src/tim.o
 .debug_abbrev  0x0000000000004c4b      0x1e1 Src/usart.o
 .debug_abbrev  0x0000000000004e2c      0x203 Src/usb_device.o
 .debug_abbrev  0x000000000000502f      0x378 Src/usbd_conf.o