main.c:108:6:setupOutputHardPWM	12	static
main.c:128:6:setupOutputSoftPWM	12	static
main.c:148:6:initializeOutputs	36	static
main.c:216:6:setHardPWM	0	static
main.c:241:6:setBidirectionalPWM	40	static
main.c:271:6:setOneDirectionPWM	48	static
main.c:288:6:setOutputOn	8	static
main.c:303:6:setOutputOff	8	static
main.c:318:6:setOutputPWMValue	56	static
main.c:336:6:setOutputNoteValue	16	static
main.c:353:6:panicOff	4	static
main.c:368:6:allOff	16	static
main.c:387:6:allOn	16	static
main.c:406:6:startAllTimers	0	static
main.c:436:9:lpfFilter	8	static
main.c:671:6:SystemClock_Config	224	static
main.c:457:5:main	144	static,ignoring_inline_asm
main.c:730:6:HAL_TIM_PeriodElapsedCallback	16	static
main.c:757:6:HAL_UART_RxCpltCallback	16	static
main.c:804:6:Error_Handler	0	static
